Archive member included to satisfy reference by file (symbol)

e:/mounriver_studio/toolchain/risc-v embedded gcc/bin/../lib/gcc/riscv-none-embed/8.2.0/../../../../riscv-none-embed/lib/rv32imacxw/ilp32\libm.a(lib_a-w_atan2.o)
                              ./zf/zf_device_mpu6050.o (atan2)
e:/mounriver_studio/toolchain/risc-v embedded gcc/bin/../lib/gcc/riscv-none-embed/8.2.0/../../../../riscv-none-embed/lib/rv32imacxw/ilp32\libm.a(lib_a-e_atan2.o)
                              e:/mounriver_studio/toolchain/risc-v embedded gcc/bin/../lib/gcc/riscv-none-embed/8.2.0/../../../../riscv-none-embed/lib/rv32imacxw/ilp32\libm.a(lib_a-w_atan2.o) (__ieee754_atan2)
e:/mounriver_studio/toolchain/risc-v embedded gcc/bin/../lib/gcc/riscv-none-embed/8.2.0/../../../../riscv-none-embed/lib/rv32imacxw/ilp32\libm.a(lib_a-s_atan.o)
                              e:/mounriver_studio/toolchain/risc-v embedded gcc/bin/../lib/gcc/riscv-none-embed/8.2.0/../../../../riscv-none-embed/lib/rv32imacxw/ilp32\libm.a(lib_a-e_atan2.o) (atan)
e:/mounriver_studio/toolchain/risc-v embedded gcc/bin/../lib/gcc/riscv-none-embed/8.2.0/../../../../riscv-none-embed/lib/rv32imacxw/ilp32\libm.a(lib_a-s_fabs.o)
                              e:/mounriver_studio/toolchain/risc-v embedded gcc/bin/../lib/gcc/riscv-none-embed/8.2.0/../../../../riscv-none-embed/lib/rv32imacxw/ilp32\libm.a(lib_a-e_atan2.o) (fabs)
e:/mounriver_studio/toolchain/risc-v embedded gcc/bin/../lib/gcc/riscv-none-embed/8.2.0/rv32imacxw/ilp32\libgcc.a(adddf3.o)
                              ./zf/zf_common_function.o (__adddf3)
e:/mounriver_studio/toolchain/risc-v embedded gcc/bin/../lib/gcc/riscv-none-embed/8.2.0/rv32imacxw/ilp32\libgcc.a(divdf3.o)
                              ./zf/zf_common_function.o (__divdf3)
e:/mounriver_studio/toolchain/risc-v embedded gcc/bin/../lib/gcc/riscv-none-embed/8.2.0/rv32imacxw/ilp32\libgcc.a(eqdf2.o)
                              ./zf/zf_common_function.o (__eqdf2)
e:/mounriver_studio/toolchain/risc-v embedded gcc/bin/../lib/gcc/riscv-none-embed/8.2.0/rv32imacxw/ilp32\libgcc.a(gedf2.o)
                              e:/mounriver_studio/toolchain/risc-v embedded gcc/bin/../lib/gcc/riscv-none-embed/8.2.0/../../../../riscv-none-embed/lib/rv32imacxw/ilp32\libm.a(lib_a-s_atan.o) (__gtdf2)
e:/mounriver_studio/toolchain/risc-v embedded gcc/bin/../lib/gcc/riscv-none-embed/8.2.0/rv32imacxw/ilp32\libgcc.a(ledf2.o)
                              ./zf/zf_common_function.o (__ltdf2)
e:/mounriver_studio/toolchain/risc-v embedded gcc/bin/../lib/gcc/riscv-none-embed/8.2.0/rv32imacxw/ilp32\libgcc.a(muldf3.o)
                              ./zf/zf_common_function.o (__muldf3)
e:/mounriver_studio/toolchain/risc-v embedded gcc/bin/../lib/gcc/riscv-none-embed/8.2.0/rv32imacxw/ilp32\libgcc.a(subdf3.o)
                              ./zf/zf_common_function.o (__subdf3)
e:/mounriver_studio/toolchain/risc-v embedded gcc/bin/../lib/gcc/riscv-none-embed/8.2.0/rv32imacxw/ilp32\libgcc.a(fixdfsi.o)
                              ./zf/zf_common_function.o (__fixdfsi)
e:/mounriver_studio/toolchain/risc-v embedded gcc/bin/../lib/gcc/riscv-none-embed/8.2.0/rv32imacxw/ilp32\libgcc.a(floatsidf.o)
                              ./zf/zf_common_function.o (__floatsidf)
e:/mounriver_studio/toolchain/risc-v embedded gcc/bin/../lib/gcc/riscv-none-embed/8.2.0/rv32imacxw/ilp32\libgcc.a(addsf3.o)
                              ./zf/filter.o (__addsf3)
e:/mounriver_studio/toolchain/risc-v embedded gcc/bin/../lib/gcc/riscv-none-embed/8.2.0/rv32imacxw/ilp32\libgcc.a(divsf3.o)
                              ./zf/filter.o (__divsf3)
e:/mounriver_studio/toolchain/risc-v embedded gcc/bin/../lib/gcc/riscv-none-embed/8.2.0/rv32imacxw/ilp32\libgcc.a(eqsf2.o)
                              ./zf/zf_common_function.o (__eqsf2)
e:/mounriver_studio/toolchain/risc-v embedded gcc/bin/../lib/gcc/riscv-none-embed/8.2.0/rv32imacxw/ilp32\libgcc.a(gesf2.o)
                              ./Hardware/My_Math.o (__gesf2)
e:/mounriver_studio/toolchain/risc-v embedded gcc/bin/../lib/gcc/riscv-none-embed/8.2.0/rv32imacxw/ilp32\libgcc.a(lesf2.o)
                              ./zf/zf_common_function.o (__ltsf2)
e:/mounriver_studio/toolchain/risc-v embedded gcc/bin/../lib/gcc/riscv-none-embed/8.2.0/rv32imacxw/ilp32\libgcc.a(mulsf3.o)
                              ./zf/filter.o (__mulsf3)
e:/mounriver_studio/toolchain/risc-v embedded gcc/bin/../lib/gcc/riscv-none-embed/8.2.0/rv32imacxw/ilp32\libgcc.a(subsf3.o)
                              ./zf/filter.o (__subsf3)
e:/mounriver_studio/toolchain/risc-v embedded gcc/bin/../lib/gcc/riscv-none-embed/8.2.0/rv32imacxw/ilp32\libgcc.a(fixsfsi.o)
                              ./zf/zf_common_function.o (__fixsfsi)
e:/mounriver_studio/toolchain/risc-v embedded gcc/bin/../lib/gcc/riscv-none-embed/8.2.0/rv32imacxw/ilp32\libgcc.a(floatsisf.o)
                              ./zf/filter.o (__floatsisf)
[...]
Memory Configuration

Name             Origin             Length             Attributes
FLASH            0x0000000000000000 0x0000000000048000 xr
RAM              0x0000000020000000 0x0000000000008000 xrw
*default*        0x0000000000000000 0xffffffffffffffff

Linker script and memory map

LOAD ./zf/filter.o
LOAD ./zf/zf_common_clock.o
LOAD ./zf/zf_common_debug.o
LOAD ./zf/zf_common_font.o
LOAD ./zf/zf_common_function.o
LOAD ./zf/zf_common_interrupt.o
LOAD ./zf/zf_device_mpu6050.o
LOAD ./zf/zf_device_tft180.o
LOAD ./zf/zf_driver_delay.o
LOAD ./zf/zf_driver_gpio.o
LOAD ./zf/zf_driver_soft_iic.o
LOAD ./zf/zf_driver_spi.o
LOAD ./zf/zf_driver_uart.o
LOAD ./sys/sys.o
LOAD ./User/ch32v30x_it.o
LOAD ./User/main.o
LOAD ./User/system_ch32v30x.o
LOAD ./Startup/startup_ch32v30x_D8C.o
LOAD ./Peripheral/src/ch32v30x_adc.o
LOAD ./Peripheral/src/ch32v30x_bkp.o
LOAD ./Peripheral/src/ch32v30x_can.o
LOAD ./Peripheral/src/ch32v30x_crc.o
LOAD ./Peripheral/src/ch32v30x_dac.o
LOAD ./Peripheral/src/ch32v30x_dbgmcu.o
LOAD ./Peripheral/src/ch32v30x_dma.o
LOAD ./Peripheral/src/ch32v30x_dvp.o
LOAD ./Peripheral/src/ch32v30x_eth.o
LOAD ./Peripheral/src/ch32v30x_exti.o
LOAD ./Peripheral/src/ch32v30x_flash.o
LOAD ./Peripheral/src/ch32v30x_fsmc.o
LOAD ./Peripheral/src/ch32v30x_gpio.o
LOAD ./Peripheral/src/ch32v30x_i2c.o
LOAD ./Peripheral/src/ch32v30x_iwdg.o
LOAD ./Peripheral/src/ch32v30x_misc.o
LOAD ./Peripheral/src/ch32v30x_opa.o
LOAD ./Peripheral/src/ch32v30x_pwr.o
LOAD ./Peripheral/src/ch32v30x_rcc.o
LOAD ./Peripheral/src/ch32v30x_rng.o
LOAD ./Peripheral/src/ch32v30x_rtc.o
LOAD ./Peripheral/src/ch32v30x_sdio.o
LOAD ./Peripheral/src/ch32v30x_spi.o
LOAD ./Peripheral/src/ch32v30x_tim.o
LOAD ./Peripheral/src/ch32v30x_usart.o
LOAD ./Peripheral/src/ch32v30x_wwdg.o
LOAD ./Hardware/CONTROL.o
LOAD ./Hardware/ENCODER.o
LOAD ./Hardware/EXIT.o
LOAD ./Hardware/MONLCD.o
LOAD ./Hardware/MOTOR.o
LOAD ./Hardware/My_Math.o
LOAD ./Hardware/PWM.o
LOAD ./Hardware/pid.o
LOAD ./Core/core_riscv.o
LOAD e:/mounriver_studio/toolchain/risc-v embedded gcc/bin/../lib/gcc/riscv-none-embed/8.2.0/../../../../riscv-none-embed/lib/rv32imacxw/ilp32\libm.a
LOAD e:/mounriver_studio/toolchain/risc-v embedded gcc/bin/../lib/gcc/riscv-none-embed/8.2.0/rv32imacxw/ilp32\libgcc.a
LOAD e:/mounriver_studio/toolchain/risc-v embedded gcc/bin/../lib/gcc/riscv-none-embed/8.2.0/../../../../riscv-none-embed/lib/rv32imacxw/ilp32\libg_nano.a
LOAD e:/mounriver_studio/toolchain/risc-v embedded gcc/bin/../lib/gcc/riscv-none-embed/8.2.0/../../../../riscv-none-embed/lib/rv32imacxw/ilp32\libc_nano.a
LOAD e:/mounriver_studio/toolchain/risc-v embedded gcc/bin/../lib/gcc/riscv-none-embed/8.2.0/rv32imacxw/ilp32\libgcc.a
START GROUP
LOAD e:/mounriver_studio/toolchain/risc-v embedded gcc/bin/../lib/gcc/riscv-none-embed/8.2.0/rv32imacxw/ilp32\libgcc.a
LOAD e:/mounriver_studio/toolchain/risc-v embedded gcc/bin/../lib/gcc/riscv-none-embed/8.2.0/../../../../riscv-none-embed/lib/rv32imacxw/ilp32\libc_nano.a
LOAD e:/mounriver_studio/toolchain/risc-v embedded gcc/bin/../lib/gcc/riscv-none-embed/8.2.0/../../../../riscv-none-embed/lib/rv32imacxw/ilp32\libnosys.a
END GROUP
START GROUP
LOAD e:/mounriver_studio/toolchain/risc-v embedded gcc/bin/../lib/gcc/riscv-none-embed/8.2.0/rv32imacxw/ilp32\libgcc.a
LOAD e:/mounriver_studio/toolchain/risc-v embedded gcc/bin/../lib/gcc/riscv-none-embed/8.2.0/../../../../riscv-none-embed/lib/rv32imacxw/ilp32\libc_nano.a
LOAD e:/mounriver_studio/toolchain/risc-v embedded gcc/bin/../lib/gcc/riscv-none-embed/8.2.0/../../../../riscv-none-embed/lib/rv32imacxw/ilp32\libnosys.a
END GROUP
                0x0000000000000800                __stack_size = 0x800
                [!provide]                        PROVIDE (_stack_size = __stack_size)

.init           0x0000000000000000       0x38
                0x0000000000000000                _sinit = .
                0x0000000000000000                . = ALIGN (0x4)
 *(SORT_NONE(.init))
 .init          0x0000000000000000       0x38 ./Startup/startup_ch32v30x_D8C.o
                0x0000000000000000                _start
                0x0000000000000038                . = ALIGN (0x4)
                0x0000000000000038                _einit = .

.vector         0x0000000000000038      0x1c8
 *(.vector)
 .vector        0x0000000000000038      0x1a0 ./Startup/startup_ch32v30x_D8C.o
                0x0000000000000200                . = ALIGN (0x40)
 *fill*         0x00000000000001d8       0x28 

.text           0x0000000000000200     0x78e4
                0x0000000000000200                . = ALIGN (0x4)
 *(.text)
 .text          0x0000000000000200       0x60 e:/mounriver_studio/toolchain/risc-v embedded gcc/bin/../lib/gcc/riscv-none-embed/8.2.0/rv32imacxw/ilp32\libgcc.a(save-restore.o)
                0x0000000000000200                __riscv_save_12
                0x0000000000000208                __riscv_save_9
                0x0000000000000208                __riscv_save_11
                0x0000000000000208                __riscv_save_10
                0x0000000000000208                __riscv_save_8
                0x0000000000000216                __riscv_save_4
                0x0000000000000216                __riscv_save_6
                0x0000000000000216                __riscv_save_5
                0x0000000000000216                __riscv_save_7
                0x0000000000000230                __riscv_save_3
                0x0000000000000230                __riscv_save_2
                0x0000000000000230                __riscv_save_1
                0x0000000000000230                __riscv_save_0
                0x000000000000023c                __riscv_restore_12
                0x0000000000000240                __riscv_restore_11
                0x0000000000000240                __riscv_restore_9
                0x0000000000000240                __riscv_restore_10
                0x0000000000000240                __riscv_restore_8
                0x000000000000024a                __riscv_restore_5
                0x000000000000024a                __riscv_restore_7
                0x000000000000024a                __riscv_restore_6
                0x000000000000024a                __riscv_restore_4
                0x0000000000000254                __riscv_restore_3
                0x0000000000000254                __riscv_restore_0
                0x0000000000000254                __riscv_restore_2
                0x0000000000000254                __riscv_restore_1
 .text          0x0000000000000260       0xa8 e:/mounriver_studio/toolchain/risc-v embedded gcc/bin/../lib/gcc/riscv-none-embed/8.2.0/../../../../riscv-none-embed/lib/rv32imacxw/ilp32\libg_nano.a(lib_a-memset.o)
                0x0000000000000260                memset
 *(.text.*)
 .text.Kalman_Filter
                0x0000000000000308      0x1ba ./zf/filter.o
                0x0000000000000308                Kalman_Filter
 .text.debug_output
                0x00000000000004c2      0x1d8 ./zf/zf_common_debug.o
 .text._write   0x000000000000069a       0x3e ./zf/zf_common_debug.o
                0x000000000000069a                _write
 .text.debug_assert_handler
                0x00000000000006d8       0x5a ./zf/zf_common_debug.o
                0x00000000000006d8                debug_assert_handler
 .text.debug_log_handler
                0x0000000000000732       0x28 ./zf/zf_common_debug.o
                0x0000000000000732                debug_log_handler
 .text.debug_output_struct_init
                0x000000000000075a       0x16 ./zf/zf_common_debug.o
                0x000000000000075a                debug_output_struct_init
 .text.debug_output_init
                0x0000000000000770       0x20 ./zf/zf_common_debug.o
                0x0000000000000770                debug_output_init
 .text.int_to_str
                0x0000000000000790       0x5e ./zf/zf_common_function.o
                0x0000000000000790                int_to_str
 .text.float_to_str
                0x00000000000007ee      0x11e ./zf/zf_common_function.o
                0x00000000000007ee                float_to_str
 .text.interrupt_global_disable
                0x000000000000090c        0xc ./zf/zf_common_interrupt.o
                0x000000000000090c                interrupt_global_disable
 .text.mpu6050_init
                0x0000000000000918      0x10e ./zf/zf_device_mpu6050.o
                0x0000000000000918                mpu6050_init
 .text.Get_Angle
                0x0000000000000a26      0x218 ./zf/zf_device_mpu6050.o
                0x0000000000000a26                Get_Angle
 .text.tft180_write_index
                0x0000000000000c3e       0x2c ./zf/zf_device_tft180.o
 .text.tft180_set_region
                0x0000000000000c6a      0x148 ./zf/zf_device_tft180.o
 .text.tft180_clear
                0x0000000000000db2       0x36 ./zf/zf_device_tft180.o
                0x0000000000000db2                tft180_clear
 .text.tft180_full
                0x0000000000000de8       0x36 ./zf/zf_device_tft180.o
                0x0000000000000de8                tft180_full
 .text.tft180_set_dir
                0x0000000000000e1e       0x2c ./zf/zf_device_tft180.o
                0x0000000000000e1e                tft180_set_dir
 .text.tft180_set_color
                0x0000000000000e4a        0xa ./zf/zf_device_tft180.o
                0x0000000000000e4a                tft180_set_color
 .text.tft180_show_char
                0x0000000000000e54       0x96 ./zf/zf_device_tft180.o
                0x0000000000000e54                tft180_show_char
 .text.tft180_show_string
                0x0000000000000eea       0x5c ./zf/zf_device_tft180.o
                0x0000000000000eea                tft180_show_string
 .text.tft180_show_int
                0x0000000000000f46       0xa2 ./zf/zf_device_tft180.o
                0x0000000000000f46                tft180_show_int
 .text.tft180_show_float
                0x0000000000000fe8      0x102 ./zf/zf_device_tft180.o
                0x0000000000000fe8                tft180_show_float
 .text.tft180_init
                0x00000000000010ea      0x432 ./zf/zf_device_tft180.o
                0x00000000000010ea                tft180_init
 .text.system_delay
                0x000000000000151c       0x2a ./zf/zf_driver_delay.o
                0x000000000000151c                system_delay
 .text.gpio_get_level
                0x0000000000001546       0x22 ./zf/zf_driver_gpio.o
                0x0000000000001546                gpio_get_level
 .text.gpio_init
                0x0000000000001568       0xb0 ./zf/zf_driver_gpio.o
                0x0000000000001568                gpio_init
 .text.soft_iic_delay
                0x0000000000001618       0x12 ./zf/zf_driver_soft_iic.o
 .text.soft_iic_start
                0x000000000000162a       0x70 ./zf/zf_driver_soft_iic.o
 .text.soft_iic_stop
                0x000000000000169a       0x70 ./zf/zf_driver_soft_iic.o
 .text.soft_iic_send_data
                0x000000000000170a       0xd6 ./zf/zf_driver_soft_iic.o
 .text.soft_iic_read_data
                0x00000000000017e0      0x130 ./zf/zf_driver_soft_iic.o
 .text.soft_iic_init
                0x0000000000001910       0x32 ./zf/zf_driver_soft_iic.o
                0x0000000000001910                soft_iic_init
 .text.soft_iic_write_8bit_register
                0x0000000000001942       0x3c ./zf/zf_driver_soft_iic.o
                0x0000000000001942                soft_iic_write_8bit_register
 .text.soft_iic_read_8bit_register
                0x000000000000197e       0x50 ./zf/zf_driver_soft_iic.o
                0x000000000000197e                soft_iic_read_8bit_register
 .text.spi_gpio_init
                0x00000000000019ce      0x170 ./zf/zf_driver_spi.o
                0x00000000000019ce                spi_gpio_init
 .text.spi_init
                0x0000000000001b3e      0x17a ./zf/zf_driver_spi.o
                0x0000000000001b3e                spi_init
 .text.spi_write_8bit
                0x0000000000001cb8       0x18 ./zf/zf_driver_spi.o
                0x0000000000001cb8                spi_write_8bit
 .text.spi_write_16bit
                0x0000000000001cd0       0x2a ./zf/zf_driver_spi.o
                0x0000000000001cd0                spi_write_16bit
 .text.NMI_Handler
                0x0000000000001cfa        0x4 ./User/ch32v30x_it.o
                0x0000000000001cfa                NMI_Handler
 .text.HardFault_Handler
                0x0000000000001cfe        0x2 ./User/ch32v30x_it.o
                0x0000000000001cfe                HardFault_Handler
 .text.startup.main
                0x0000000000001d00       0x36 ./User/main.o
                0x0000000000001d00                main
 .text.SystemInit
                0x0000000000001d36       0xfa ./User/system_ch32v30x.o
                0x0000000000001d36                SystemInit
 .text.vector_handler
                0x0000000000001e30       0xbe ./Startup/startup_ch32v30x_D8C.o
                0x0000000000001e34                Ecall_M_Mode_Handler
                0x0000000000001e36                Ecall_U_Mode_Handler
                0x0000000000001e38                Break_Point_Handler
                0x0000000000001e3a                SysTick_Handler
                0x0000000000001e3c                SW_Handler
                0x0000000000001e3e                WWDG_IRQHandler
                0x0000000000001e40                PVD_IRQHandler
                0x0000000000001e42                TAMPER_IRQHandler
                0x0000000000001e44                RTC_IRQHandler
                0x0000000000001e46                FLASH_IRQHandler
                0x0000000000001e48                RCC_IRQHandler
                0x0000000000001e4a                EXTI0_IRQHandler
                0x0000000000001e4c                EXTI1_IRQHandler
                0x0000000000001e4e                EXTI2_IRQHandler
                0x0000000000001e50                EXTI3_IRQHandler
                0x0000000000001e52                EXTI4_IRQHandler
                0x0000000000001e54                DMA1_Channel1_IRQHandler
                0x0000000000001e56                DMA1_Channel2_IRQHandler
                0x0000000000001e58                DMA1_Channel3_IRQHandler
                0x0000000000001e5a                DMA1_Channel4_IRQHandler
                0x0000000000001e5c                DMA1_Channel5_IRQHandler
                0x0000000000001e5e                DMA1_Channel6_IRQHandler
                0x0000000000001e60                DMA1_Channel7_IRQHandler
                0x0000000000001e62                ADC1_2_IRQHandler
                0x0000000000001e64                USB_HP_CAN1_TX_IRQHandler
                0x0000000000001e66                USB_LP_CAN1_RX0_IRQHandler
                0x0000000000001e68                CAN1_RX1_IRQHandler
                0x0000000000001e6a                CAN1_SCE_IRQHandler
                0x0000000000001e6c                EXTI9_5_IRQHandler
                0x0000000000001e6e                TIM1_BRK_IRQHandler
                0x0000000000001e70                TIM1_UP_IRQHandler
                0x0000000000001e72                TIM1_TRG_COM_IRQHandler
                0x0000000000001e74                TIM1_CC_IRQHandler
                0x0000000000001e76                TIM2_IRQHandler
                0x0000000000001e78                TIM3_IRQHandler
                0x0000000000001e7a                TIM4_IRQHandler
                0x0000000000001e7c                I2C1_EV_IRQHandler
                0x0000000000001e7e                I2C1_ER_IRQHandler
                0x0000000000001e80                I2C2_EV_IRQHandler
                0x0000000000001e82                I2C2_ER_IRQHandler
                0x0000000000001e84                SPI1_IRQHandler
                0x0000000000001e86                SPI2_IRQHandler
                0x0000000000001e88                USART1_IRQHandler
                0x0000000000001e8a                USART2_IRQHandler
                0x0000000000001e8c                USART3_IRQHandler
                0x0000000000001e8e                EXTI15_10_IRQHandler
                0x0000000000001e90                RTCAlarm_IRQHandler
                0x0000000000001e92                USBWakeUp_IRQHandler
                0x0000000000001e94                TIM8_BRK_IRQHandler
                0x0000000000001e96                TIM8_UP_IRQHandler
                0x0000000000001e98                TIM8_TRG_COM_IRQHandler
                0x0000000000001e9a                TIM8_CC_IRQHandler
                0x0000000000001e9c                RNG_IRQHandler
                0x0000000000001e9e                FSMC_IRQHandler
                0x0000000000001ea0                SDIO_IRQHandler
                0x0000000000001ea2                TIM5_IRQHandler
                0x0000000000001ea4                SPI3_IRQHandler
                0x0000000000001ea6                UART4_IRQHandler
                0x0000000000001ea8                UART5_IRQHandler
                0x0000000000001eaa                TIM6_IRQHandler
                0x0000000000001eac                TIM7_IRQHandler
                0x0000000000001eae                DMA2_Channel1_IRQHandler
                0x0000000000001eb0                DMA2_Channel2_IRQHandler
                0x0000000000001eb2                DMA2_Channel3_IRQHandler
                0x0000000000001eb4                DMA2_Channel4_IRQHandler
                0x0000000000001eb6                DMA2_Channel5_IRQHandler
                0x0000000000001eb8                ETH_IRQHandler
                0x0000000000001eba                ETH_WKUP_IRQHandler
                0x0000000000001ebc                CAN2_TX_IRQHandler
                0x0000000000001ebe                CAN2_RX0_IRQHandler
                0x0000000000001ec0                CAN2_RX1_IRQHandler
                0x0000000000001ec2                CAN2_SCE_IRQHandler
                0x0000000000001ec4                OTG_FS_IRQHandler
                0x0000000000001ec6                USBHSWakeup_IRQHandler
                0x0000000000001ec8                USBHS_IRQHandler
                0x0000000000001eca                DVP_IRQHandler
                0x0000000000001ecc                UART6_IRQHandler
                0x0000000000001ece                UART7_IRQHandler
                0x0000000000001ed0                UART8_IRQHandler
                0x0000000000001ed2                TIM9_BRK_IRQHandler
                0x0000000000001ed4                TIM9_UP_IRQHandler
                0x0000000000001ed6                TIM9_TRG_COM_IRQHandler
                0x0000000000001ed8                TIM9_CC_IRQHandler
                0x0000000000001eda                TIM10_BRK_IRQHandler
                0x0000000000001edc                TIM10_UP_IRQHandler
                0x0000000000001ede                TIM10_TRG_COM_IRQHandler
                0x0000000000001ee0                TIM10_CC_IRQHandler
                0x0000000000001ee2                DMA2_Channel6_IRQHandler
                0x0000000000001ee4                DMA2_Channel7_IRQHandler
                0x0000000000001ee6                DMA2_Channel8_IRQHandler
                0x0000000000001ee8                DMA2_Channel9_IRQHandler
                0x0000000000001eea                DMA2_Channel10_IRQHandler
                0x0000000000001eec                DMA2_Channel11_IRQHandler
 .text.handle_reset
                0x0000000000001eee       0x8a ./Startup/startup_ch32v30x_D8C.o
                0x0000000000001eee                handle_reset
 .text.GPIO_Init
                0x0000000000001f78       0xc0 ./Peripheral/src/ch32v30x_gpio.o
                0x0000000000001f78                GPIO_Init
 .text.GPIO_StructInit
                0x0000000000002038        0xe ./Peripheral/src/ch32v30x_gpio.o
                0x0000000000002038                GPIO_StructInit
 .text.GPIO_WriteBit
                0x0000000000002046        0xa ./Peripheral/src/ch32v30x_gpio.o
                0x0000000000002046                GPIO_WriteBit
 .text.GPIO_PinRemapConfig
                0x0000000000002050       0xd6 ./Peripheral/src/ch32v30x_gpio.o
                0x0000000000002050                GPIO_PinRemapConfig
 .text.RCC_APB2PeriphClockCmd
                0x0000000000002126       0x1e ./Peripheral/src/ch32v30x_rcc.o
                0x0000000000002126                RCC_APB2PeriphClockCmd
 .text.RCC_APB1PeriphClockCmd
                0x0000000000002144       0x1e ./Peripheral/src/ch32v30x_rcc.o
                0x0000000000002144                RCC_APB1PeriphClockCmd
 .text.RCC_APB2PeriphResetCmd
                0x0000000000002162       0x1e ./Peripheral/src/ch32v30x_rcc.o
                0x0000000000002162                RCC_APB2PeriphResetCmd
 .text.RCC_APB1PeriphResetCmd
                0x0000000000002180       0x1e ./Peripheral/src/ch32v30x_rcc.o
                0x0000000000002180                RCC_APB1PeriphResetCmd
 .text.SPI_I2S_DeInit
                0x000000000000219e       0x4a ./Peripheral/src/ch32v30x_spi.o
                0x000000000000219e                SPI_I2S_DeInit
 .text.SPI_Init
                0x00000000000021e8       0x3e ./Peripheral/src/ch32v30x_spi.o
                0x00000000000021e8                SPI_Init
 .text.SPI_Cmd  0x0000000000002226       0x1a ./Peripheral/src/ch32v30x_spi.o
                0x0000000000002226                SPI_Cmd
 .text.TI1_Config
                0x0000000000002240       0x82 ./Peripheral/src/ch32v30x_tim.o
 .text.TI2_Config
                0x00000000000022c2       0x9a ./Peripheral/src/ch32v30x_tim.o
 .text.TIM_TimeBaseInit
                0x000000000000235c       0xaa ./Peripheral/src/ch32v30x_tim.o
                0x000000000000235c                TIM_TimeBaseInit
 .text.TIM_OC1Init
                0x0000000000002406       0x82 ./Peripheral/src/ch32v30x_tim.o
                0x0000000000002406                TIM_OC1Init
 .text.TIM_OC2Init
                0x0000000000002488       0xae ./Peripheral/src/ch32v30x_tim.o
                0x0000000000002488                TIM_OC2Init
 .text.TIM_OC3Init
                0x0000000000002536       0xac ./Peripheral/src/ch32v30x_tim.o
                0x0000000000002536                TIM_OC3Init
 .text.TIM_TimeBaseStructInit
                0x00000000000025e2       0x16 ./Peripheral/src/ch32v30x_tim.o
                0x00000000000025e2                TIM_TimeBaseStructInit
 .text.TIM_OCStructInit
                0x00000000000025f8       0x22 ./Peripheral/src/ch32v30x_tim.o
                0x00000000000025f8                TIM_OCStructInit
 .text.TIM_Cmd  0x000000000000261a       0x18 ./Peripheral/src/ch32v30x_tim.o
                0x000000000000261a                TIM_Cmd
 .text.TIM_CtrlPWMOutputs
                0x0000000000002632       0x16 ./Peripheral/src/ch32v30x_tim.o
                0x0000000000002632                TIM_CtrlPWMOutputs
 .text.TIM_ITConfig
                0x0000000000002648       0x12 ./Peripheral/src/ch32v30x_tim.o
                0x0000000000002648                TIM_ITConfig
 .text.TIM_EncoderInterfaceConfig
                0x000000000000265a       0x3c ./Peripheral/src/ch32v30x_tim.o
                0x000000000000265a                TIM_EncoderInterfaceConfig
 .text.TIM_ARRPreloadConfig
                0x0000000000002696       0x1a ./Peripheral/src/ch32v30x_tim.o
                0x0000000000002696                TIM_ARRPreloadConfig
 .text.TIM_OC1PreloadConfig
                0x00000000000026b0        0xe ./Peripheral/src/ch32v30x_tim.o
                0x00000000000026b0                TIM_OC1PreloadConfig
 .text.TIM_OC2PreloadConfig
                0x00000000000026be       0x16 ./Peripheral/src/ch32v30x_tim.o
                0x00000000000026be                TIM_OC2PreloadConfig
 .text.TIM_OC3PreloadConfig
                0x00000000000026d4        0xe ./Peripheral/src/ch32v30x_tim.o
                0x00000000000026d4                TIM_OC3PreloadConfig
 .text.TIM_SetCounter
                0x00000000000026e2        0x4 ./Peripheral/src/ch32v30x_tim.o
                0x00000000000026e2                TIM_SetCounter
 .text.TIM_SetIC1Prescaler
                0x00000000000026e6       0x16 ./Peripheral/src/ch32v30x_tim.o
                0x00000000000026e6                TIM_SetIC1Prescaler
 .text.TIM_SetIC2Prescaler
                0x00000000000026fc       0x1a ./Peripheral/src/ch32v30x_tim.o
                0x00000000000026fc                TIM_SetIC2Prescaler
 .text.TIM_SetIC3Prescaler
                0x0000000000002716       0x16 ./Peripheral/src/ch32v30x_tim.o
                0x0000000000002716                TIM_SetIC3Prescaler
 .text.TIM_SetIC4Prescaler
                0x000000000000272c       0x1a ./Peripheral/src/ch32v30x_tim.o
                0x000000000000272c                TIM_SetIC4Prescaler
 .text.TIM_ICInit
                0x0000000000002746      0x1a0 ./Peripheral/src/ch32v30x_tim.o
                0x0000000000002746                TIM_ICInit
 .text.TIM_GetCounter
                0x00000000000028e6        0x4 ./Peripheral/src/ch32v30x_tim.o
                0x00000000000028e6                TIM_GetCounter
 .text.TIM_ClearFlag
                0x00000000000028ea        0xc ./Peripheral/src/ch32v30x_tim.o
                0x00000000000028ea                TIM_ClearFlag
 .text.USART_SendData
                0x00000000000028f6        0x8 ./Peripheral/src/ch32v30x_usart.o
                0x00000000000028f6                USART_SendData
 .text.USART_GetFlagStatus
                0x00000000000028fe        0xa ./Peripheral/src/ch32v30x_usart.o
                0x00000000000028fe                USART_GetFlagStatus
 .text.ENCODER_A_init
                0x0000000000002908       0xc0 ./Hardware/ENCODER.o
                0x0000000000002908                ENCODER_A_init
 .text.ENCODER_B_init
                0x00000000000029c8       0xb2 ./Hardware/ENCODER.o
                0x00000000000029c8                ENCODER_B_init
 .text.READ_SPEED
                0x0000000000002a7a       0x3a ./Hardware/ENCODER.o
                0x0000000000002a7a                READ_SPEED
 .text.MONLCD_init
                0x0000000000002ab4       0x78 ./Hardware/MONLCD.o
                0x0000000000002ab4                MONLCD_init
 .text.MONLCD_ENCO
                0x0000000000002b2c       0x4a ./Hardware/MONLCD.o
                0x0000000000002b2c                MONLCD_ENCO
 .text.MONLCD_MPU
                0x0000000000002b76       0x30 ./Hardware/MONLCD.o
                0x0000000000002b76                MONLCD_MPU
 .text.PWM_TIM4_Init
                0x0000000000002ba6       0xca ./Hardware/PWM.o
                0x0000000000002ba6                PWM_TIM4_Init
 .text.PWM_TIM8_Init
                0x0000000000002c70       0xba ./Hardware/PWM.o
                0x0000000000002c70                PWM_TIM8_Init
 .text.atan2    0x0000000000002d2a        0x2 e:/mounriver_studio/toolchain/risc-v embedded gcc/bin/../lib/gcc/riscv-none-embed/8.2.0/../../../../riscv-none-embed/lib/rv32imacxw/ilp32\libm.a(lib_a-w_atan2.o)
                0x0000000000002d2a                atan2
 .text.__ieee754_atan2
                0x0000000000002d2c      0x1dc e:/mounriver_studio/toolchain/risc-v embedded gcc/bin/../lib/gcc/riscv-none-embed/8.2.0/../../../../riscv-none-embed/lib/rv32imacxw/ilp32\libm.a(lib_a-e_atan2.o)
                0x0000000000002d2c                __ieee754_atan2
 .text.atan     0x0000000000002f08      0x324 e:/mounriver_studio/toolchain/risc-v embedded gcc/bin/../lib/gcc/riscv-none-embed/8.2.0/../../../../riscv-none-embed/lib/rv32imacxw/ilp32\libm.a(lib_a-s_atan.o)
                0x0000000000002f08                atan
 .text.fabs     0x000000000000322c        0x6 e:/mounriver_studio/toolchain/risc-v embedded gcc/bin/../lib/gcc/riscv-none-embed/8.2.0/../../../../riscv-none-embed/lib/rv32imacxw/ilp32\libm.a(lib_a-s_fabs.o)
                0x000000000000322c                fabs
 .text.__adddf3
                0x0000000000003232      0x730 e:/mounriver_studio/toolchain/risc-v embedded gcc/bin/../lib/gcc/riscv-none-embed/8.2.0/rv32imacxw/ilp32\libgcc.a(adddf3.o)
                0x0000000000003232                __adddf3
 .text.__divdf3
                0x0000000000003962      0x5b4 e:/mounriver_studio/toolchain/risc-v embedded gcc/bin/../lib/gcc/riscv-none-embed/8.2.0/rv32imacxw/ilp32\libgcc.a(divdf3.o)
                0x0000000000003962                __divdf3
 .text.__gedf2  0x0000000000003f16       0xae e:/mounriver_studio/toolchain/risc-v embedded gcc/bin/../lib/gcc/riscv-none-embed/8.2.0/rv32imacxw/ilp32\libgcc.a(gedf2.o)
                0x0000000000003f16                __gedf2
                0x0000000000003f16                __gtdf2
 .text.__muldf3
                0x0000000000003fc4      0x4b8 e:/mounriver_studio/toolchain/risc-v embedded gcc/bin/../lib/gcc/riscv-none-embed/8.2.0/rv32imacxw/ilp32\libgcc.a(muldf3.o)
                0x0000000000003fc4                __muldf3
 .text.__subdf3
                0x000000000000447c      0x73e e:/mounriver_studio/toolchain/risc-v embedded gcc/bin/../lib/gcc/riscv-none-embed/8.2.0/rv32imacxw/ilp32\libgcc.a(subdf3.o)
                0x000000000000447c                __subdf3
 .text.__addsf3
                0x0000000000004bba      0x36a e:/mounriver_studio/toolchain/risc-v embedded gcc/bin/../lib/gcc/riscv-none-embed/8.2.0/rv32imacxw/ilp32\libgcc.a(addsf3.o)
                0x0000000000004bba                __addsf3
 .text.__divsf3
                0x0000000000004f24      0x2b2 e:/mounriver_studio/toolchain/risc-v embedded gcc/bin/../lib/gcc/riscv-none-embed/8.2.0/rv32imacxw/ilp32\libgcc.a(divsf3.o)
                0x0000000000004f24                __divsf3
 .text.__eqsf2  0x00000000000051d6       0x5c e:/mounriver_studio/toolchain/risc-v embedded gcc/bin/../lib/gcc/riscv-none-embed/8.2.0/rv32imacxw/ilp32\libgcc.a(eqsf2.o)
                0x00000000000051d6                __eqsf2
                0x00000000000051d6                __nesf2
 .text.__gesf2  0x0000000000005232       0x86 e:/mounriver_studio/toolchain/risc-v embedded gcc/bin/../lib/gcc/riscv-none-embed/8.2.0/rv32imacxw/ilp32\libgcc.a(gesf2.o)
                0x0000000000005232                __gesf2
                0x0000000000005232                __gtsf2
 .text.__lesf2  0x00000000000052b8       0x8c e:/mounriver_studio/toolchain/risc-v embedded gcc/bin/../lib/gcc/riscv-none-embed/8.2.0/rv32imacxw/ilp32\libgcc.a(lesf2.o)
                0x00000000000052b8                __ltsf2
                0x00000000000052b8                __lesf2
 .text.__mulsf3
                0x0000000000005344      0x294 e:/mounriver_studio/toolchain/risc-v embedded gcc/bin/../lib/gcc/riscv-none-embed/8.2.0/rv32imacxw/ilp32\libgcc.a(mulsf3.o)
                0x0000000000005344                __mulsf3
 .text.__subsf3
                0x00000000000055d8      0x388 e:/mounriver_studio/toolchain/risc-v embedded gcc/bin/../lib/gcc/riscv-none-embed/8.2.0/rv32imacxw/ilp32\libgcc.a(subsf3.o)
                0x00000000000055d8                __subsf3
 .text.__fixsfsi
                0x0000000000005960       0x62 e:/mounriver_studio/toolchain/risc-v embedded gcc/bin/../lib/gcc/riscv-none-embed/8.2.0/rv32imacxw/ilp32\libgcc.a(fixsfsi.o)
                0x0000000000005960                __fixsfsi
 .text.__floatsisf
                0x00000000000059c2       0xc6 e:/mounriver_studio/toolchain/risc-v embedded gcc/bin/../lib/gcc/riscv-none-embed/8.2.0/rv32imacxw/ilp32\libgcc.a(floatsisf.o)
                0x00000000000059c2                __floatsisf
 .text.__extendsfdf2
                0x0000000000005a88       0xac e:/mounriver_studio/toolchain/risc-v embedded gcc/bin/../lib/gcc/riscv-none-embed/8.2.0/rv32imacxw/ilp32\libgcc.a(extendsfdf2.o)
                0x0000000000005a88                __extendsfdf2
 .text.__truncdfsf2
                0x0000000000005b34      0x16a e:/mounriver_studio/toolchain/risc-v embedded gcc/bin/../lib/gcc/riscv-none-embed/8.2.0/rv32imacxw/ilp32\libgcc.a(truncdfsf2.o)
                0x0000000000005b34                __truncdfsf2
 .text.__clzsi2
                0x0000000000005c9e       0x6e e:/mounriver_studio/toolchain/risc-v embedded gcc/bin/../lib/gcc/riscv-none-embed/8.2.0/rv32imacxw/ilp32\libgcc.a(_clzsi2.o)
                0x0000000000005c9e                __clzsi2
 .text.memcpy   0x0000000000005d0c       0xb2 e:/mounriver_studio/toolchain/risc-v embedded gcc/bin/../lib/gcc/riscv-none-embed/8.2.0/../../../../riscv-none-embed/lib/rv32imacxw/ilp32\libg_nano.a(lib_a-memcpy.o)
                0x0000000000005d0c                memcpy
 .text.printf   0x0000000000005dbe       0x3e e:/mounriver_studio/toolchain/risc-v embedded gcc/bin/../lib/gcc/riscv-none-embed/8.2.0/../../../../riscv-none-embed/lib/rv32imacxw/ilp32\libg_nano.a(lib_a-printf.o)
                0x0000000000005dbe                iprintf
                0x0000000000005dbe                printf
 .text.sprintf  0x0000000000005dfc       0x44 e:/mounriver_studio/toolchain/risc-v embedded gcc/bin/../lib/gcc/riscv-none-embed/8.2.0/../../../../riscv-none-embed/lib/rv32imacxw/ilp32\libg_nano.a(lib_a-sprintf.o)
                0x0000000000005dfc                siprintf
                0x0000000000005dfc                sprintf
 .text.strlen   0x0000000000005e40       0x12 e:/mounriver_studio/toolchain/risc-v embedded gcc/bin/../lib/gcc/riscv-none-embed/8.2.0/../../../../riscv-none-embed/lib/rv32imacxw/ilp32\libg_nano.a(lib_a-strlen.o)
                0x0000000000005e40                strlen
 .text.std      0x0000000000005e52       0x66 e:/mounriver_studio/toolchain/risc-v embedded gcc/bin/../lib/gcc/riscv-none-embed/8.2.0/../../../../riscv-none-embed/lib/rv32imacxw/ilp32\libg_nano.a(lib_a-findfp.o)
 .text._cleanup_r
                0x0000000000005eb8        0xa e:/mounriver_studio/toolchain/risc-v embedded gcc/bin/../lib/gcc/riscv-none-embed/8.2.0/../../../../riscv-none-embed/lib/rv32imacxw/ilp32\libg_nano.a(lib_a-findfp.o)
                0x0000000000005eb8                _cleanup_r
 .text.__sfmoreglue
                0x0000000000005ec2       0x46 e:/mounriver_studio/toolchain/risc-v embedded gcc/bin/../lib/gcc/riscv-none-embed/8.2.0/../../../../riscv-none-embed/lib/rv32imacxw/ilp32\libg_nano.a(lib_a-findfp.o)
                0x0000000000005ec2                __sfmoreglue
 .text.__sinit  0x0000000000005f08       0x6c e:/mounriver_studio/toolchain/risc-v embedded gcc/bin/../lib/gcc/riscv-none-embed/8.2.0/../../../../riscv-none-embed/lib/rv32imacxw/ilp32\libg_nano.a(lib_a-findfp.o)
                0x0000000000005f08                __sinit
 .text.__sfp    0x0000000000005f74       0xa0 e:/mounriver_studio/toolchain/risc-v embedded gcc/bin/../lib/gcc/riscv-none-embed/8.2.0/../../../../riscv-none-embed/lib/rv32imacxw/ilp32\libg_nano.a(lib_a-findfp.o)
                0x0000000000005f74                __sfp
 .text._fwalk_reent
                0x0000000000006014       0x6a e:/mounriver_studio/toolchain/risc-v embedded gcc/bin/../lib/gcc/riscv-none-embed/8.2.0/../../../../riscv-none-embed/lib/rv32imacxw/ilp32\libg_nano.a(lib_a-fwalk.o)
                0x0000000000006014                _fwalk_reent
 .text._malloc_r
                0x000000000000607e       0xda e:/mounriver_studio/toolchain/risc-v embedded gcc/bin/../lib/gcc/riscv-none-embed/8.2.0/../../../../riscv-none-embed/lib/rv32imacxw/ilp32\libg_nano.a(lib_a-nano-mallocr.o)
                0x000000000000607e                _malloc_r
 .text.__ssputs_r
                0x0000000000006158       0xe4 e:/mounriver_studio/toolchain/risc-v embedded gcc/bin/../lib/gcc/riscv-none-embed/8.2.0/../../../../riscv-none-embed/lib/rv32imacxw/ilp32\libg_nano.a(lib_a-nano-svfprintf.o)
                0x0000000000006158                __ssputs_r
 .text._svfprintf_r
                0x000000000000623c      0x26a e:/mounriver_studio/toolchain/risc-v embedded gcc/bin/../lib/gcc/riscv-none-embed/8.2.0/../../../../riscv-none-embed/lib/rv32imacxw/ilp32\libg_nano.a(lib_a-nano-svfprintf.o)
                0x000000000000623c                _svfiprintf_r
                0x000000000000623c                _svfprintf_r
 .text.__sfputc_r
                0x00000000000064a6       0x26 e:/mounriver_studio/toolchain/risc-v embedded gcc/bin/../lib/gcc/riscv-none-embed/8.2.0/../../../../riscv-none-embed/lib/rv32imacxw/ilp32\libg_nano.a(lib_a-nano-vfprintf.o)
 .text.__sfputs_r
                0x00000000000064cc       0x42 e:/mounriver_studio/toolchain/risc-v embedded gcc/bin/../lib/gcc/riscv-none-embed/8.2.0/../../../../riscv-none-embed/lib/rv32imacxw/ilp32\libg_nano.a(lib_a-nano-vfprintf.o)
                0x00000000000064cc                __sfputs_r
 .text._vfprintf_r
                0x000000000000650e      0x28c e:/mounriver_studio/toolchain/risc-v embedded gcc/bin/../lib/gcc/riscv-none-embed/8.2.0/../../../../riscv-none-embed/lib/rv32imacxw/ilp32\libg_nano.a(lib_a-nano-vfprintf.o)
                0x000000000000650e                _vfprintf_r
                0x000000000000650e                _vfiprintf_r
 .text._printf_common
                0x000000000000679a      0x10c e:/mounriver_studio/toolchain/risc-v embedded gcc/bin/../lib/gcc/riscv-none-embed/8.2.0/../../../../riscv-none-embed/lib/rv32imacxw/ilp32\libg_nano.a(lib_a-nano-vfprintf_i.o)
                0x000000000000679a                _printf_common
 .text._printf_i
                0x00000000000068a6      0x2a2 e:/mounriver_studio/toolchain/risc-v embedded gcc/bin/../lib/gcc/riscv-none-embed/8.2.0/../../../../riscv-none-embed/lib/rv32imacxw/ilp32\libg_nano.a(lib_a-nano-vfprintf_i.o)
                0x00000000000068a6                _printf_i
 .text._sbrk_r  0x0000000000006b48       0x2a e:/mounriver_studio/toolchain/risc-v embedded gcc/bin/../lib/gcc/riscv-none-embed/8.2.0/../../../../riscv-none-embed/lib/rv32imacxw/ilp32\libg_nano.a(lib_a-sbrkr.o)
                0x0000000000006b48                _sbrk_r
 .text.__sread  0x0000000000006b72       0x2c e:/mounriver_studio/toolchain/risc-v embedded gcc/bin/../lib/gcc/riscv-none-embed/8.2.0/../../../../riscv-none-embed/lib/rv32imacxw/ilp32\libg_nano.a(lib_a-stdio.o)
                0x0000000000006b72                __sread
 .text.__swrite
                0x0000000000006b9e       0x48 e:/mounriver_studio/toolchain/risc-v embedded gcc/bin/../lib/gcc/riscv-none-embed/8.2.0/../../../../riscv-none-embed/lib/rv32imacxw/ilp32\libg_nano.a(lib_a-stdio.o)
                0x0000000000006b9e                __swrite
 .text.__sseek  0x0000000000006be6       0x30 e:/mounriver_studio/toolchain/risc-v embedded gcc/bin/../lib/gcc/riscv-none-embed/8.2.0/../../../../riscv-none-embed/lib/rv32imacxw/ilp32\libg_nano.a(lib_a-stdio.o)
                0x0000000000006be6                __sseek
 .text.__sclose
                0x0000000000006c16        0x6 e:/mounriver_studio/toolchain/risc-v embedded gcc/bin/../lib/gcc/riscv-none-embed/8.2.0/../../../../riscv-none-embed/lib/rv32imacxw/ilp32\libg_nano.a(lib_a-stdio.o)
                0x0000000000006c16                __sclose
 .text.__swbuf_r
                0x0000000000006c1c       0xbe e:/mounriver_studio/toolchain/risc-v embedded gcc/bin/../lib/gcc/riscv-none-embed/8.2.0/../../../../riscv-none-embed/lib/rv32imacxw/ilp32\libg_nano.a(lib_a-wbuf.o)
                0x0000000000006c1c                __swbuf_r
 .text._write_r
                0x0000000000006cda       0x2e e:/mounriver_studio/toolchain/risc-v embedded gcc/bin/../lib/gcc/riscv-none-embed/8.2.0/../../../../riscv-none-embed/lib/rv32imacxw/ilp32\libg_nano.a(lib_a-writer.o)
                0x0000000000006cda                _write_r
 .text.__swsetup_r
                0x0000000000006d08       0xfe e:/mounriver_studio/toolchain/risc-v embedded gcc/bin/../lib/gcc/riscv-none-embed/8.2.0/../../../../riscv-none-embed/lib/rv32imacxw/ilp32\libg_nano.a(lib_a-wsetup.o)
                0x0000000000006d08                __swsetup_r
 .text._close_r
                0x0000000000006e06       0x28 e:/mounriver_studio/toolchain/risc-v embedded gcc/bin/../lib/gcc/riscv-none-embed/8.2.0/../../../../riscv-none-embed/lib/rv32imacxw/ilp32\libg_nano.a(lib_a-closer.o)
                0x0000000000006e06                _close_r
 .text.__sflush_r
                0x0000000000006e2e      0x130 e:/mounriver_studio/toolchain/risc-v embedded gcc/bin/../lib/gcc/riscv-none-embed/8.2.0/../../../../riscv-none-embed/lib/rv32imacxw/ilp32\libg_nano.a(lib_a-fflush.o)
                0x0000000000006e2e                __sflush_r
 .text._fflush_r
                0x0000000000006f5e       0x68 e:/mounriver_studio/toolchain/risc-v embedded gcc/bin/../lib/gcc/riscv-none-embed/8.2.0/../../../../riscv-none-embed/lib/rv32imacxw/ilp32\libg_nano.a(lib_a-fflush.o)
                0x0000000000006f5e                _fflush_r
 .text._lseek_r
                0x0000000000006fc6       0x2c e:/mounriver_studio/toolchain/risc-v embedded gcc/bin/../lib/gcc/riscv-none-embed/8.2.0/../../../../riscv-none-embed/lib/rv32imacxw/ilp32\libg_nano.a(lib_a-lseekr.o)
                0x0000000000006fc6                _lseek_r
 .text.__swhatbuf_r
                0x0000000000006ff2       0x56 e:/mounriver_studio/toolchain/risc-v embedded gcc/bin/../lib/gcc/riscv-none-embed/8.2.0/../../../../riscv-none-embed/lib/rv32imacxw/ilp32\libg_nano.a(lib_a-makebuf.o)
                0x0000000000006ff2                __swhatbuf_r
 .text.__smakebuf_r
                0x0000000000007048       0x92 e:/mounriver_studio/toolchain/risc-v embedded gcc/bin/../lib/gcc/riscv-none-embed/8.2.0/../../../../riscv-none-embed/lib/rv32imacxw/ilp32\libg_nano.a(lib_a-makebuf.o)
                0x0000000000007048                __smakebuf_r
 .text.memchr   0x00000000000070da       0x18 e:/mounriver_studio/toolchain/risc-v embedded gcc/bin/../lib/gcc/riscv-none-embed/8.2.0/../../../../riscv-none-embed/lib/rv32imacxw/ilp32\libg_nano.a(lib_a-memchr.o)
                0x00000000000070da                memchr
 .text.memmove  0x00000000000070f2       0x46 e:/mounriver_studio/toolchain/risc-v embedded gcc/bin/../lib/gcc/riscv-none-embed/8.2.0/../../../../riscv-none-embed/lib/rv32imacxw/ilp32\libg_nano.a(lib_a-memmove.o)
                0x00000000000070f2                memmove
 .text.__malloc_lock
                0x0000000000007138        0x2 e:/mounriver_studio/toolchain/risc-v embedded gcc/bin/../lib/gcc/riscv-none-embed/8.2.0/../../../../riscv-none-embed/lib/rv32imacxw/ilp32\libg_nano.a(lib_a-mlock.o)
                0x0000000000007138                __malloc_lock
 .text.__malloc_unlock
                0x000000000000713a        0x2 e:/mounriver_studio/toolchain/risc-v embedded gcc/bin/../lib/gcc/riscv-none-embed/8.2.0/../../../../riscv-none-embed/lib/rv32imacxw/ilp32\libg_nano.a(lib_a-mlock.o)
                0x000000000000713a                __malloc_unlock
 .text._free_r  0x000000000000713c       0xa8 e:/mounriver_studio/toolchain/risc-v embedded gcc/bin/../lib/gcc/riscv-none-embed/8.2.0/../../../../riscv-none-embed/lib/rv32imacxw/ilp32\libg_nano.a(lib_a-nano-freer.o)
                0x000000000000713c                _free_r
 .text._realloc_r
                0x00000000000071e4       0x58 e:/mounriver_studio/toolchain/risc-v embedded gcc/bin/../lib/gcc/riscv-none-embed/8.2.0/../../../../riscv-none-embed/lib/rv32imacxw/ilp32\libg_nano.a(lib_a-nano-reallocr.o)
                0x00000000000071e4                _realloc_r
 .text._read_r  0x000000000000723c       0x2c e:/mounriver_studio/toolchain/risc-v embedded gcc/bin/../lib/gcc/riscv-none-embed/8.2.0/../../../../riscv-none-embed/lib/rv32imacxw/ilp32\libg_nano.a(lib_a-readr.o)
                0x000000000000723c                _read_r
 .text._fstat_r
                0x0000000000007268       0x2a e:/mounriver_studio/toolchain/risc-v embedded gcc/bin/../lib/gcc/riscv-none-embed/8.2.0/../../../../riscv-none-embed/lib/rv32imacxw/ilp32\libg_nano.a(lib_a-fstatr.o)
                0x0000000000007268                _fstat_r
 .text._isatty_r
                0x0000000000007292       0x28 e:/mounriver_studio/toolchain/risc-v embedded gcc/bin/../lib/gcc/riscv-none-embed/8.2.0/../../../../riscv-none-embed/lib/rv32imacxw/ilp32\libg_nano.a(lib_a-isattyr.o)
                0x0000000000007292                _isatty_r
 .text._malloc_usable_size_r
                0x00000000000072ba       0x14 e:/mounriver_studio/toolchain/risc-v embedded gcc/bin/../lib/gcc/riscv-none-embed/8.2.0/../../../../riscv-none-embed/lib/rv32imacxw/ilp32\libg_nano.a(lib_a-nano-msizer.o)
                0x00000000000072ba                _malloc_usable_size_r
 .text._close   0x00000000000072ce        0xc e:/mounriver_studio/toolchain/risc-v embedded gcc/bin/../lib/gcc/riscv-none-embed/8.2.0/../../../../riscv-none-embed/lib/rv32imacxw/ilp32\libnosys.a(close.o)
                0x00000000000072ce                _close
 .text._fstat   0x00000000000072da        0xc e:/mounriver_studio/toolchain/risc-v embedded gcc/bin/../lib/gcc/riscv-none-embed/8.2.0/../../../../riscv-none-embed/lib/rv32imacxw/ilp32\libnosys.a(fstat.o)
                0x00000000000072da                _fstat
 .text._isatty  0x00000000000072e6        0xc e:/mounriver_studio/toolchain/risc-v embedded gcc/bin/../lib/gcc/riscv-none-embed/8.2.0/../../../../riscv-none-embed/lib/rv32imacxw/ilp32\libnosys.a(isatty.o)
                0x00000000000072e6                _isatty
 .text._lseek   0x00000000000072f2        0xc e:/mounriver_studio/toolchain/risc-v embedded gcc/bin/../lib/gcc/riscv-none-embed/8.2.0/../../../../riscv-none-embed/lib/rv32imacxw/ilp32\libnosys.a(lseek.o)
                0x00000000000072f2                _lseek
 .text._read    0x00000000000072fe        0xc e:/mounriver_studio/toolchain/risc-v embedded gcc/bin/../lib/gcc/riscv-none-embed/8.2.0/../../../../riscv-none-embed/lib/rv32imacxw/ilp32\libnosys.a(read.o)
                0x00000000000072fe                _read
 .text._sbrk    0x000000000000730a       0x20 e:/mounriver_studio/toolchain/risc-v embedded gcc/bin/../lib/gcc/riscv-none-embed/8.2.0/../../../../riscv-none-embed/lib/rv32imacxw/ilp32\libnosys.a(sbrk.o)
                0x000000000000730a                _sbrk
 *(.rodata)
 *(.rodata*)
 *fill*         0x000000000000732a        0x2 
 .rodata.debug_log_handler.str1.4
                0x000000000000732c       0x25 ./zf/zf_common_debug.o
 *fill*         0x0000000000007351        0x3 
 .rodata.debug_output.str1.4
                0x0000000000007354       0x56 ./zf/zf_common_debug.o
 *fill*         0x00000000000073aa        0x2 
 .rodata.oled_6x8
                0x00000000000073ac      0x228 ./zf/zf_common_font.o
                0x00000000000073ac                oled_6x8
 .rodata.str_to_float.cst4
                0x00000000000075d4        0x4 ./zf/zf_common_function.o
 .rodata.Get_Angle.cst4
                0x00000000000075d8        0x8 ./zf/zf_device_mpu6050.o
 *fill*         0x00000000000075e0        0x0 
 .rodata.Get_Angle.cst8
                0x00000000000075e0       0x18 ./zf/zf_device_mpu6050.o
 .rodata.mpu6050_init.str1.4
                0x00000000000075f8       0x36 ./zf/zf_device_mpu6050.o
 *fill*         0x000000000000762e        0x2 
 .rodata.tft180_set_region.str1.4
                0x0000000000007630       0x19 ./zf/zf_device_tft180.o
 *fill*         0x0000000000007649        0x3 
 .rodata.tft180_show_float.cst4
                0x000000000000764c        0x4 ./zf/zf_device_tft180.o
                                          0x8 (size before relaxing)
 .rodata.gpio_group
                0x0000000000007650       0x14 ./zf/zf_driver_gpio.o
                0x0000000000007650                gpio_group
 .rodata.spi_gpio_init.str1.4
                0x0000000000007664       0x16 ./zf/zf_driver_spi.o
 *fill*         0x000000000000767a        0x2 
 .rodata.spi_index
                0x000000000000767c        0xc ./zf/zf_driver_spi.o
                0x000000000000767c                spi_index
 .rodata.uart_index
                0x0000000000007688       0x20 ./zf/zf_driver_uart.o
                0x0000000000007688                uart_index
 .rodata.MONLCD_init.str1.4
                0x00000000000076a8       0x4b ./Hardware/MONLCD.o
 *fill*         0x00000000000076f3        0x5 
 .rodata.__ieee754_atan2.cst8
                0x00000000000076f8       0x50 e:/mounriver_studio/toolchain/risc-v embedded gcc/bin/../lib/gcc/riscv-none-embed/8.2.0/../../../../riscv-none-embed/lib/rv32imacxw/ilp32\libm.a(lib_a-e_atan2.o)
 .rodata.atan.cst8
                0x0000000000007748       0x80 e:/mounriver_studio/toolchain/risc-v embedded gcc/bin/../lib/gcc/riscv-none-embed/8.2.0/../../../../riscv-none-embed/lib/rv32imacxw/ilp32\libm.a(lib_a-s_atan.o)
                                         0x90 (size before relaxing)
 .rodata.atanhi
                0x00000000000077c8       0x20 e:/mounriver_studio/toolchain/risc-v embedded gcc/bin/../lib/gcc/riscv-none-embed/8.2.0/../../../../riscv-none-embed/lib/rv32imacxw/ilp32\libm.a(lib_a-s_atan.o)
 .rodata.atanlo
                0x00000000000077e8       0x20 e:/mounriver_studio/toolchain/risc-v embedded gcc/bin/../lib/gcc/riscv-none-embed/8.2.0/../../../../riscv-none-embed/lib/rv32imacxw/ilp32\libm.a(lib_a-s_atan.o)
 .rodata.__divdf3
                0x0000000000007808       0x40 e:/mounriver_studio/toolchain/risc-v embedded gcc/bin/../lib/gcc/riscv-none-embed/8.2.0/rv32imacxw/ilp32\libgcc.a(divdf3.o)
 .rodata.__muldf3
                0x0000000000007848       0x40 e:/mounriver_studio/toolchain/risc-v embedded gcc/bin/../lib/gcc/riscv-none-embed/8.2.0/rv32imacxw/ilp32\libgcc.a(muldf3.o)
 .rodata.__divsf3
                0x0000000000007888       0x80 e:/mounriver_studio/toolchain/risc-v embedded gcc/bin/../lib/gcc/riscv-none-embed/8.2.0/rv32imacxw/ilp32\libgcc.a(divsf3.o)
 .rodata.__mulsf3
                0x0000000000007908       0x40 e:/mounriver_studio/toolchain/risc-v embedded gcc/bin/../lib/gcc/riscv-none-embed/8.2.0/rv32imacxw/ilp32\libgcc.a(mulsf3.o)
 .rodata.__clz_tab
                0x0000000000007948      0x100 e:/mounriver_studio/toolchain/risc-v embedded gcc/bin/../lib/gcc/riscv-none-embed/8.2.0/rv32imacxw/ilp32\libgcc.a(_clz.o)
                0x0000000000007948                __clz_tab
 .rodata.__sf_fake_stderr
                0x0000000000007a48       0x20 e:/mounriver_studio/toolchain/risc-v embedded gcc/bin/../lib/gcc/riscv-none-embed/8.2.0/../../../../riscv-none-embed/lib/rv32imacxw/ilp32\libg_nano.a(lib_a-findfp.o)
                0x0000000000007a48                __sf_fake_stderr
 .rodata.__sf_fake_stdin
                0x0000000000007a68       0x20 e:/mounriver_studio/toolchain/risc-v embedded gcc/bin/../lib/gcc/riscv-none-embed/8.2.0/../../../../riscv-none-embed/lib/rv32imacxw/ilp32\libg_nano.a(lib_a-findfp.o)
                0x0000000000007a68                __sf_fake_stdin
 .rodata.__sf_fake_stdout
                0x0000000000007a88       0x20 e:/mounriver_studio/toolchain/risc-v embedded gcc/bin/../lib/gcc/riscv-none-embed/8.2.0/../../../../riscv-none-embed/lib/rv32imacxw/ilp32\libg_nano.a(lib_a-findfp.o)
                0x0000000000007a88                __sf_fake_stdout
 .rodata._svfprintf_r.str1.4
                0x0000000000007aa8       0x13 e:/mounriver_studio/toolchain/risc-v embedded gcc/bin/../lib/gcc/riscv-none-embed/8.2.0/../../../../riscv-none-embed/lib/rv32imacxw/ilp32\libg_nano.a(lib_a-nano-svfprintf.o)
 .rodata._vfprintf_r.str1.4
                0x0000000000007abb       0x13 e:/mounriver_studio/toolchain/risc-v embedded gcc/bin/../lib/gcc/riscv-none-embed/8.2.0/../../../../riscv-none-embed/lib/rv32imacxw/ilp32\libg_nano.a(lib_a-nano-vfprintf.o)
 *fill*         0x0000000000007abb        0x1 
 .rodata._printf_i.str1.4
                0x0000000000007abc       0x28 e:/mounriver_studio/toolchain/risc-v embedded gcc/bin/../lib/gcc/riscv-none-embed/8.2.0/../../../../riscv-none-embed/lib/rv32imacxw/ilp32\libg_nano.a(lib_a-nano-vfprintf_i.o)
                                         0x25 (size before relaxing)
 *(.gnu.linkonce.t.*)
                0x0000000000007ae4                . = ALIGN (0x4)

.rela.dyn       0x0000000000007ae4        0x0
 .rela.init     0x0000000000007ae4        0x0 ./zf/filter.o
 .rela.vector   0x0000000000007ae4        0x0 ./zf/filter.o
 .rela.text.handle_reset
                0x0000000000007ae4        0x0 ./zf/filter.o
 .rela.text._svfprintf_r
                0x0000000000007ae4        0x0 ./zf/filter.o
 .rela.text._vfprintf_r
                0x0000000000007ae4        0x0 ./zf/filter.o
 .rela.text._sbrk_r
                0x0000000000007ae4        0x0 ./zf/filter.o
 .rela.text._write_r
                0x0000000000007ae4        0x0 ./zf/filter.o
 .rela.text._close_r
                0x0000000000007ae4        0x0 ./zf/filter.o
 .rela.text._lseek_r
                0x0000000000007ae4        0x0 ./zf/filter.o
 .rela.text._read_r
                0x0000000000007ae4        0x0 ./zf/filter.o
 .rela.text._fstat_r
                0x0000000000007ae4        0x0 ./zf/filter.o
 .rela.text._isatty_r
                0x0000000000007ae4        0x0 ./zf/filter.o
 .rela.text._close
                0x0000000000007ae4        0x0 ./zf/filter.o
 .rela.text._fstat
                0x0000000000007ae4        0x0 ./zf/filter.o
 .rela.text._isatty
                0x0000000000007ae4        0x0 ./zf/filter.o
 .rela.text._lseek
                0x0000000000007ae4        0x0 ./zf/filter.o
 .rela.text._read
                0x0000000000007ae4        0x0 ./zf/filter.o
 .rela.text._sbrk
                0x0000000000007ae4        0x0 ./zf/filter.o

.fini           0x0000000000007ae4        0x0
 *(SORT_NONE(.fini))
                0x0000000000007ae4                . = ALIGN (0x4)
                [!provide]                        PROVIDE (_etext = .)
                [!provide]                        PROVIDE (_eitcm = .)

.preinit_array  0x0000000000007ae4        0x0
                [!provide]                        PROVIDE (__preinit_array_start = .)
 *(.preinit_array)
                [!provide]                        PROVIDE (__preinit_array_end = .)

.init_array     0x0000000000007ae4        0x0
                [!provide]                        PROVIDE (__init_array_start = .)
 *(SORT_BY_INIT_PRIORITY(.init_array.*) SORT_BY_INIT_PRIORITY(.ctors.*))
 *(.init_array EXCLUDE_FILE(*crtend?.o *crtend.o *crtbegin?.o *crtbegin.o) .ctors)
                [!provide]                        PROVIDE (__init_array_end = .)

.fini_array     0x0000000000007ae4        0x0
                [!provide]                        PROVIDE (__fini_array_start = .)
 *(SORT_BY_INIT_PRIORITY(.fini_array.*) SORT_BY_INIT_PRIORITY(.dtors.*))
 *(.fini_array EXCLUDE_FILE(*crtend?.o *crtend.o *crtbegin?.o *crtbegin.o) .dtors)
                [!provide]                        PROVIDE (__fini_array_end = .)

.ctors
 *crtbegin.o(.ctors)
 *crtbegin?.o(.ctors)
 *(EXCLUDE_FILE(*crtend?.o *crtend.o) .ctors)
 *(SORT_BY_NAME(.ctors.*))
 *(.ctors)

.dtors
 *crtbegin.o(.dtors)
 *crtbegin?.o(.dtors)
 *(EXCLUDE_FILE(*crtend?.o *crtend.o) .dtors)
 *(SORT_BY_NAME(.dtors.*))
 *(.dtors)

.dalign         0x0000000020000000        0x0 load address 0x0000000000007ae4
                0x0000000020000000                . = ALIGN (0x4)
                0x0000000020000000                PROVIDE (_data_vma = .)

.dlalign        0x0000000000007ae4        0x0
                0x0000000000007ae4                . = ALIGN (0x4)
                0x0000000000007ae4                PROVIDE (_data_lma = .)

.data           0x0000000020000000       0x98 load address 0x0000000000007ae4
 *(.gnu.linkonce.r.*)
 *(.data .data.*)
 .data.PP       0x0000000020000000       0x10 ./zf/filter.o
                0x0000000020000000                PP
 .data.impure_data
                0x0000000020000010       0x60 e:/mounriver_studio/toolchain/risc-v embedded gcc/bin/../lib/gcc/riscv-none-embed/8.2.0/../../../../riscv-none-embed/lib/rv32imacxw/ilp32\libg_nano.a(lib_a-impure.o)
 *(.gnu.linkonce.d.*)
                0x0000000020000070                . = ALIGN (0x8)
                0x0000000020000870                PROVIDE (__global_pointer$ = (. + 0x800))
 *(.sdata .sdata.*)
 .sdata.C_0     0x0000000020000070        0x1 ./zf/filter.o
                0x0000000020000070                C_0
 *fill*         0x0000000020000071        0x3 
 .sdata.Q_angle
                0x0000000020000074        0x4 ./zf/filter.o
                0x0000000020000074                Q_angle
 .sdata.Q_gyro  0x0000000020000078        0x4 ./zf/filter.o
                0x0000000020000078                Q_gyro
 .sdata.R_angle
                0x000000002000007c        0x4 ./zf/filter.o
                0x000000002000007c                R_angle
 .sdata.dt      0x0000000020000080        0x4 ./zf/filter.o
                0x0000000020000080                dt
 .sdata.zf_debug_assert_enable
                0x0000000020000084        0x1 ./zf/zf_common_debug.o
 *fill*         0x0000000020000085        0x3 
 .sdata.tft180_display_dir
                0x0000000020000088        0x4 ./zf/zf_device_tft180.o
 .sdata.tft180_pencolor
                0x000000002000008c        0x2 ./zf/zf_device_tft180.o
 .sdata.tft180_x_max
                0x000000002000008e        0x1 ./zf/zf_device_tft180.o
 .sdata.tft180_y_max
                0x000000002000008f        0x1 ./zf/zf_device_tft180.o
 .sdata._impure_ptr
                0x0000000020000090        0x4 e:/mounriver_studio/toolchain/risc-v embedded gcc/bin/../lib/gcc/riscv-none-embed/8.2.0/../../../../riscv-none-embed/lib/rv32imacxw/ilp32\libg_nano.a(lib_a-impure.o)
                0x0000000020000090                _impure_ptr
 *(.sdata2.*)
 .sdata2._global_impure_ptr
                0x0000000020000094        0x4 e:/mounriver_studio/toolchain/risc-v embedded gcc/bin/../lib/gcc/riscv-none-embed/8.2.0/../../../../riscv-none-embed/lib/rv32imacxw/ilp32\libg_nano.a(lib_a-impure.o)
                0x0000000020000094                _global_impure_ptr
 *(.gnu.linkonce.s.*)
                0x0000000020000098                . = ALIGN (0x8)
 *(.srodata.cst16)
 *(.srodata.cst8)
 *(.srodata.cst4)
 *(.srodata.cst2)
 *(.srodata .srodata.*)
                0x0000000020000098                . = ALIGN (0x4)
                0x0000000020000098                PROVIDE (_edata = .)

.bss            0x0000000020000098       0xac load address 0x0000000000007b7c
                0x0000000020000098                . = ALIGN (0x4)
                0x0000000020000098                PROVIDE (_sbss = .)
 *(.sbss*)
 .sbss.Angle_err
                0x0000000020000098        0x4 ./zf/filter.o
                0x0000000020000098                Angle_err
 .sbss.E        0x000000002000009c        0x4 ./zf/filter.o
                0x000000002000009c                E
 .sbss.K_0      0x00000000200000a0        0x4 ./zf/filter.o
                0x00000000200000a0                K_0
 .sbss.K_1      0x00000000200000a4        0x4 ./zf/filter.o
                0x00000000200000a4                K_1
 .sbss.PCt_0    0x00000000200000a8        0x4 ./zf/filter.o
                0x00000000200000a8                PCt_0
 .sbss.PCt_1    0x00000000200000ac        0x4 ./zf/filter.o
                0x00000000200000ac                PCt_1
 .sbss.Q_bias   0x00000000200000b0        0x4 ./zf/filter.o
                0x00000000200000b0                Q_bias
 .sbss.angle    0x00000000200000b4        0x4 ./zf/filter.o
                0x00000000200000b4                angle
 .sbss.angle_dot
                0x00000000200000b8        0x4 ./zf/filter.o
                0x00000000200000b8                angle_dot
 .sbss.filter_get_flag
                0x00000000200000bc        0x1 ./zf/filter.o
 *fill*         0x00000000200000bd        0x3 
 .sbss.t_0      0x00000000200000c0        0x4 ./zf/filter.o
                0x00000000200000c0                t_0
 .sbss.t_1      0x00000000200000c4        0x4 ./zf/filter.o
                0x00000000200000c4                t_1
 .sbss.system_clock
                0x00000000200000c8        0x4 ./zf/zf_common_clock.o
                0x00000000200000c8                system_clock
 .sbss.assert_nest_index.5632
                0x00000000200000cc        0x1 ./zf/zf_common_debug.o
 .sbss.zf_debug_init_flag
                0x00000000200000cd        0x1 ./zf/zf_common_debug.o
 *fill*         0x00000000200000ce        0x2 
 .sbss.interrupt_nest_count
                0x00000000200000d0        0x4 ./zf/zf_common_interrupt.o
 .sbss.tft180_bgcolor
                0x00000000200000d4        0x2 ./zf/zf_device_tft180.o
 *fill*         0x00000000200000d6        0x2 
 .sbss.ANgle    0x00000000200000d8        0x4 ./Hardware/MONLCD.o
                0x00000000200000d8                ANgle
 .sbss.ENCO_A   0x00000000200000dc        0x4 ./Hardware/MONLCD.o
                0x00000000200000dc                ENCO_A
 .sbss.ENCO_B   0x00000000200000e0        0x4 ./Hardware/MONLCD.o
                0x00000000200000e0                ENCO_B
 .sbss.__malloc_free_list
                0x00000000200000e4        0x4 e:/mounriver_studio/toolchain/risc-v embedded gcc/bin/../lib/gcc/riscv-none-embed/8.2.0/../../../../riscv-none-embed/lib/rv32imacxw/ilp32\libg_nano.a(lib_a-nano-mallocr.o)
                0x00000000200000e4                __malloc_free_list
 .sbss.__malloc_sbrk_start
                0x00000000200000e8        0x4 e:/mounriver_studio/toolchain/risc-v embedded gcc/bin/../lib/gcc/riscv-none-embed/8.2.0/../../../../riscv-none-embed/lib/rv32imacxw/ilp32\libg_nano.a(lib_a-nano-mallocr.o)
                0x00000000200000e8                __malloc_sbrk_start
 .sbss.heap_end.1518
                0x00000000200000ec        0x4 e:/mounriver_studio/toolchain/risc-v embedded gcc/bin/../lib/gcc/riscv-none-embed/8.2.0/../../../../riscv-none-embed/lib/rv32imacxw/ilp32\libnosys.a(sbrk.o)
 *(.gnu.linkonce.sb.*)
 *(.bss*)
 .bss.Pdot      0x00000000200000f0       0x10 ./zf/filter.o
                0x00000000200000f0                Pdot
 .bss.debug_output_info
                0x0000000020000100       0x14 ./zf/zf_common_debug.o
 .bss.mpu       0x0000000020000114       0x1c ./zf/zf_device_mpu6050.o
                0x0000000020000114                mpu
 .bss.mpu6050_iic_struct
                0x0000000020000130       0x10 ./zf/zf_device_mpu6050.o
 *(.gnu.linkonce.b.*)
 *(COMMON*)
 COMMON         0x0000000020000140        0x4 e:/mounriver_studio/toolchain/risc-v embedded gcc/bin/../lib/gcc/riscv-none-embed/8.2.0/../../../../riscv-none-embed/lib/rv32imacxw/ilp32\libg_nano.a(lib_a-reent.o)
                0x0000000020000140                errno
                0x0000000020000144                . = ALIGN (0x4)
                0x0000000020000144                PROVIDE (_ebss = .)
                [!provide]                        PROVIDE (_end = _ebss)
                0x0000000020000144                PROVIDE (end = .)

.stack          0x0000000020007800      0x800
                [!provide]                        PROVIDE (_heap_end = .)
                0x0000000020007800                . = ALIGN (0x4)
                [!provide]                        PROVIDE (_susrstack = .)
                0x0000000020008000                . = (. + __stack_size)
 *fill*         0x0000000020007800      0x800 
                0x0000000020008000                PROVIDE (_eusrstack = .)
OUTPUT(Gyro balance vehicle.elf elf32-littleriscv)

.debug_info     0x0000000000000000    0x1c793
 .debug_info    0x0000000000000000      0xd0b ./zf/filter.o
 .debug_info    0x0000000000000d0b      0xc0e ./zf/zf_common_clock.o
 .debug_info    0x0000000000001919     0x1275 ./zf/zf_common_debug.o
 .debug_info    0x0000000000002b8e      0xa4a ./zf/zf_common_font.o
 .debug_info    0x00000000000035d8     0x134b ./zf/zf_common_function.o
 .debug_info    0x0000000000004923      0xf9f ./zf/zf_common_interrupt.o
 .debug_info    0x00000000000058c2     0x11e8 ./zf/zf_device_mpu6050.o
 .debug_info    0x0000000000006aaa     0x2cea ./zf/zf_device_tft180.o
 .debug_info    0x0000000000009794      0x9ff ./zf/zf_driver_delay.o
 .debug_info    0x000000000000a193      0xee1 ./zf/zf_driver_gpio.o
 .debug_info    0x000000000000b074     0x1d74 ./zf/zf_driver_soft_iic.o
 .debug_info    0x000000000000cde8     0x172d ./zf/zf_driver_spi.o
 .debug_info    0x000000000000e515     0x15bf ./zf/zf_driver_uart.o
 .debug_info    0x000000000000fad4      0x93e ./User/ch32v30x_it.o
 .debug_info    0x0000000000010412      0xbfc ./User/main.o
 .debug_info    0x000000000001100e      0xb89 ./User/system_ch32v30x.o
 .debug_info    0x0000000000011b97       0x22 ./Startup/startup_ch32v30x_D8C.o
 .debug_info    0x0000000000011bb9     0x11ea ./Peripheral/src/ch32v30x_gpio.o
 .debug_info    0x0000000000012da3     0x156e ./Peripheral/src/ch32v30x_rcc.o
 .debug_info    0x0000000000014311     0x12cd ./Peripheral/src/ch32v30x_spi.o
 .debug_info    0x00000000000155de     0x2a16 ./Peripheral/src/ch32v30x_tim.o
 .debug_info    0x0000000000017ff4     0x1420 ./Peripheral/src/ch32v30x_usart.o
 .debug_info    0x0000000000019414     0x1285 ./Hardware/ENCODER.o
 .debug_info    0x000000000001a699      0xddc ./Hardware/MONLCD.o
 .debug_info    0x000000000001b475     0x131e ./Hardware/PWM.o

.debug_abbrev   0x0000000000000000     0x485b
 .debug_abbrev  0x0000000000000000      0x299 ./zf/filter.o
 .debug_abbrev  0x0000000000000299      0x2d4 ./zf/zf_common_clock.o
 .debug_abbrev  0x000000000000056d      0x41c ./zf/zf_common_debug.o
 .debug_abbrev  0x0000000000000989      0x1dd ./zf/zf_common_font.o
 .debug_abbrev  0x0000000000000b66      0x462 ./zf/zf_common_function.o
 .debug_abbrev  0x0000000000000fc8      0x2f8 ./zf/zf_common_interrupt.o
 .debug_abbrev  0x00000000000012c0      0x32c ./zf/zf_device_mpu6050.o
 .debug_abbrev  0x00000000000015ec      0x42b ./zf/zf_device_tft180.o
 .debug_abbrev  0x0000000000001a17      0x1f6 ./zf/zf_driver_delay.o
 .debug_abbrev  0x0000000000001c0d      0x2ee ./zf/zf_driver_gpio.o
 .debug_abbrev  0x0000000000001efb      0x400 ./zf/zf_driver_soft_iic.o
 .debug_abbrev  0x00000000000022fb      0x363 ./zf/zf_driver_spi.o
 .debug_abbrev  0x000000000000265e      0x301 ./zf/zf_driver_uart.o
 .debug_abbrev  0x000000000000295f      0x1bc ./User/ch32v30x_it.o
 .debug_abbrev  0x0000000000002b1b      0x22b ./User/main.o
 .debug_abbrev  0x0000000000002d46      0x2c0 ./User/system_ch32v30x.o
 .debug_abbrev  0x0000000000003006       0x12 ./Startup/startup_ch32v30x_D8C.o
 .debug_abbrev  0x0000000000003018      0x31a ./Peripheral/src/ch32v30x_gpio.o
 .debug_abbrev  0x0000000000003332      0x351 ./Peripheral/src/ch32v30x_rcc.o
 .debug_abbrev  0x0000000000003683      0x312 ./Peripheral/src/ch32v30x_spi.o
 .debug_abbrev  0x0000000000003995      0x408 ./Peripheral/src/ch32v30x_tim.o
 .debug_abbrev  0x0000000000003d9d      0x312 ./Peripheral/src/ch32v30x_usart.o
 .debug_abbrev  0x00000000000040af      0x29e ./Hardware/ENCODER.o
 .debug_abbrev  0x000000000000434d      0x27d ./Hardware/MONLCD.o
 .debug_abbrev  0x00000000000045ca      0x291 ./Hardware/PWM.o

.debug_loc      0x0000000000000000     0x7be0
 .debug_loc     0x0000000000000000       0x5c ./zf/filter.o
 .debug_loc     0x000000000000005c       0x4a ./zf/zf_common_clock.o
 .debug_loc     0x00000000000000a6      0x2cc ./zf/zf_common_debug.o
 .debug_loc     0x0000000000000372      0xe77 ./zf/zf_common_function.o
 .debug_loc     0x00000000000011e9       0xd9 ./zf/zf_common_interrupt.o
 .debug_loc     0x00000000000012c2       0xfe ./zf/zf_device_mpu6050.o
 .debug_loc     0x00000000000013c0     0x12f7 ./zf/zf_device_tft180.o
 .debug_loc     0x00000000000026b7      0x390 ./zf/zf_driver_gpio.o
 .debug_loc     0x0000000000002a47      0x98f ./zf/zf_driver_soft_iic.o
 .debug_loc     0x00000000000033d6      0x96a ./zf/zf_driver_spi.o
 .debug_loc     0x0000000000003d40      0x400 ./zf/zf_driver_uart.o
 .debug_loc     0x0000000000004140       0xda ./User/system_ch32v30x.o
 .debug_loc     0x000000000000421a      0x6eb ./Peripheral/src/ch32v30x_gpio.o
 .debug_loc     0x0000000000004905      0xadb ./Peripheral/src/ch32v30x_rcc.o
 .debug_loc     0x00000000000053e0      0x598 ./Peripheral/src/ch32v30x_spi.o
 .debug_loc     0x0000000000005978     0x195e ./Peripheral/src/ch32v30x_tim.o
 .debug_loc     0x00000000000072d6      0x7bb ./Peripheral/src/ch32v30x_usart.o
 .debug_loc     0x0000000000007a91       0x57 ./Hardware/ENCODER.o
 .debug_loc     0x0000000000007ae8       0xf8 ./Hardware/PWM.o

.debug_aranges  0x0000000000000000      0xcf8
 .debug_aranges
                0x0000000000000000       0x30 ./zf/filter.o
 .debug_aranges
                0x0000000000000030       0x20 ./zf/zf_common_clock.o
 .debug_aranges
                0x0000000000000050       0x68 ./zf/zf_common_debug.o
 .debug_aranges
                0x00000000000000b8       0x18 ./zf/zf_common_font.o
 .debug_aranges
                0x00000000000000d0       0x88 ./zf/zf_common_function.o
 .debug_aranges
                0x0000000000000158       0x48 ./zf/zf_common_interrupt.o
 .debug_aranges
                0x00000000000001a0       0x28 ./zf/zf_device_mpu6050.o
 .debug_aranges
                0x00000000000001c8       0xb0 ./zf/zf_device_tft180.o
 .debug_aranges
                0x0000000000000278       0x20 ./zf/zf_driver_delay.o
 .debug_aranges
                0x0000000000000298       0x38 ./zf/zf_driver_gpio.o
 .debug_aranges
                0x00000000000002d0       0xd0 ./zf/zf_driver_soft_iic.o
 .debug_aranges
                0x00000000000003a0       0xb8 ./zf/zf_driver_spi.o
 .debug_aranges
                0x0000000000000458       0x60 ./zf/zf_driver_uart.o
 .debug_aranges
                0x00000000000004b8       0x28 ./User/ch32v30x_it.o
 .debug_aranges
                0x00000000000004e0       0x20 ./User/main.o
 .debug_aranges
                0x0000000000000500       0x28 ./User/system_ch32v30x.o
 .debug_aranges
                0x0000000000000528       0x30 ./Startup/startup_ch32v30x_D8C.o
 .debug_aranges
                0x0000000000000558       0xb0 ./Peripheral/src/ch32v30x_gpio.o
 .debug_aranges
                0x0000000000000608      0x1a8 ./Peripheral/src/ch32v30x_rcc.o
 .debug_aranges
                0x00000000000007b0       0xd0 ./Peripheral/src/ch32v30x_spi.o
 .debug_aranges
                0x0000000000000880      0x2d0 ./Peripheral/src/ch32v30x_tim.o
 .debug_aranges
                0x0000000000000b50      0x100 ./Peripheral/src/ch32v30x_usart.o
 .debug_aranges
                0x0000000000000c50       0x40 ./Hardware/ENCODER.o
 .debug_aranges
                0x0000000000000c90       0x30 ./Hardware/MONLCD.o
 .debug_aranges
                0x0000000000000cc0       0x38 ./Hardware/PWM.o

.debug_ranges   0x0000000000000000      0xd58
 .debug_ranges  0x0000000000000000       0x38 ./zf/filter.o
 .debug_ranges  0x0000000000000038       0x50 ./zf/zf_common_clock.o
 .debug_ranges  0x0000000000000088       0x78 ./zf/zf_common_debug.o
 .debug_ranges  0x0000000000000100      0x158 ./zf/zf_common_function.o
 .debug_ranges  0x0000000000000258       0x38 ./zf/zf_common_interrupt.o
 .debug_ranges  0x0000000000000290       0x30 ./zf/zf_device_mpu6050.o
 .debug_ranges  0x00000000000002c0       0xb8 ./zf/zf_device_tft180.o
 .debug_ranges  0x0000000000000378       0x10 ./zf/zf_driver_delay.o
 .debug_ranges  0x0000000000000388       0x28 ./zf/zf_driver_gpio.o
 .debug_ranges  0x00000000000003b0       0xd8 ./zf/zf_driver_soft_iic.o
 .debug_ranges  0x0000000000000488       0xa8 ./zf/zf_driver_spi.o
 .debug_ranges  0x0000000000000530       0x50 ./zf/zf_driver_uart.o
 .debug_ranges  0x0000000000000580       0x18 ./User/ch32v30x_it.o
 .debug_ranges  0x0000000000000598       0x10 ./User/main.o
 .debug_ranges  0x00000000000005a8       0x38 ./User/system_ch32v30x.o
 .debug_ranges  0x00000000000005e0       0x28 ./Startup/startup_ch32v30x_D8C.o
 .debug_ranges  0x0000000000000608       0xa0 ./Peripheral/src/ch32v30x_gpio.o
 .debug_ranges  0x00000000000006a8      0x198 ./Peripheral/src/ch32v30x_rcc.o
 .debug_ranges  0x0000000000000840       0xc0 ./Peripheral/src/ch32v30x_spi.o
 .debug_ranges  0x0000000000000900      0x2f0 ./Peripheral/src/ch32v30x_tim.o
 .debug_ranges  0x0000000000000bf0       0xf0 ./Peripheral/src/ch32v30x_usart.o
 .debug_ranges  0x0000000000000ce0       0x30 ./Hardware/ENCODER.o
 .debug_ranges  0x0000000000000d10       0x20 ./Hardware/MONLCD.o
 .debug_ranges  0x0000000000000d30       0x28 ./Hardware/PWM.o

.debug_line     0x0000000000000000    0x13238
 .debug_line    0x0000000000000000      0x6dd ./zf/filter.o
 .debug_line    0x00000000000006dd      0x6f9 ./zf/zf_common_clock.o
 .debug_line    0x0000000000000dd6      0xc37 ./zf/zf_common_debug.o
 .debug_line    0x0000000000001a0d      0x137 ./zf/zf_common_font.o
 .debug_line    0x0000000000001b44     0x183b ./zf/zf_common_function.o
 .debug_line    0x000000000000337f      0x3f4 ./zf/zf_common_interrupt.o
 .debug_line    0x0000000000003773      0x7d2 ./zf/zf_device_mpu6050.o
 .debug_line    0x0000000000003f45     0x1aa8 ./zf/zf_device_tft180.o
 .debug_line    0x00000000000059ed      0x2d2 ./zf/zf_driver_delay.o
 .debug_line    0x0000000000005cbf      0x565 ./zf/zf_driver_gpio.o
 .debug_line    0x0000000000006224     0x10f8 ./zf/zf_driver_soft_iic.o
 .debug_line    0x000000000000731c     0x19d9 ./zf/zf_driver_spi.o
 .debug_line    0x0000000000008cf5      0xdf1 ./zf/zf_driver_uart.o
 .debug_line    0x0000000000009ae6      0x14b ./User/ch32v30x_it.o
 .debug_line    0x0000000000009c31      0x30f ./User/main.o
 .debug_line    0x0000000000009f40      0x703 ./User/system_ch32v30x.o
 .debug_line    0x000000000000a643      0x356 ./Startup/startup_ch32v30x_D8C.o
 .debug_line    0x000000000000a999     0x101e ./Peripheral/src/ch32v30x_gpio.o
 .debug_line    0x000000000000b9b7     0x1939 ./Peripheral/src/ch32v30x_rcc.o
 .debug_line    0x000000000000d2f0      0xce0 ./Peripheral/src/ch32v30x_spi.o
 .debug_line    0x000000000000dfd0     0x32a6 ./Peripheral/src/ch32v30x_tim.o
 .debug_line    0x0000000000011276      0xfd7 ./Peripheral/src/ch32v30x_usart.o
 .debug_line    0x000000000001224d      0x605 ./Hardware/ENCODER.o
 .debug_line    0x0000000000012852      0x3c3 ./Hardware/MONLCD.o
 .debug_line    0x0000000000012c15      0x623 ./Hardware/PWM.o

.debug_str      0x0000000000000000     0x3fc2
 .debug_str     0x0000000000000000      0x646 ./zf/filter.o
                                        0x6c6 (size before relaxing)
 .debug_str     0x0000000000000646      0x183 ./zf/zf_common_clock.o
                                        0x729 (size before relaxing)
 .debug_str     0x00000000000007c9      0x4af ./zf/zf_common_debug.o
                                        0xab7 (size before relaxing)
 .debug_str     0x0000000000000c78       0x17 ./zf/zf_common_font.o
                                        0x5b9 (size before relaxing)
 .debug_str     0x0000000000000c8f      0x1a5 ./zf/zf_common_function.o
                                        0x748 (size before relaxing)
 .debug_str     0x0000000000000e34      0x661 ./zf/zf_common_interrupt.o
                                        0xc6e (size before relaxing)
 .debug_str     0x0000000000001495      0x195 ./zf/zf_device_mpu6050.o
                                        0x7fd (size before relaxing)
 .debug_str     0x000000000000162a      0x4da ./zf/zf_device_tft180.o
                                        0xc4a (size before relaxing)
 .debug_str     0x0000000000001b04       0x35 ./zf/zf_driver_delay.o
                                        0x5d2 (size before relaxing)
 .debug_str     0x0000000000001b39      0x209 ./zf/zf_driver_gpio.o
                                        0x828 (size before relaxing)
 .debug_str     0x0000000000001d42      0x251 ./zf/zf_driver_soft_iic.o
                                        0x959 (size before relaxing)
 .debug_str     0x0000000000001f93      0x309 ./zf/zf_driver_spi.o
                                        0xb80 (size before relaxing)
 .debug_str     0x000000000000229c      0x19a ./zf/zf_driver_uart.o
                                       0x103b (size before relaxing)
 .debug_str     0x0000000000002436       0x34 ./User/ch32v30x_it.o
                                        0x57e (size before relaxing)
 .debug_str     0x000000000000246a       0x71 ./User/main.o
                                        0x6b3 (size before relaxing)
 .debug_str     0x00000000000024db       0x8d ./User/system_ch32v30x.o
                                        0x6b8 (size before relaxing)
 .debug_str     0x0000000000002568       0x2e ./Startup/startup_ch32v30x_D8C.o
                                         0x56 (size before relaxing)
 .debug_str     0x0000000000002596      0x245 ./Peripheral/src/ch32v30x_gpio.o
                                        0x99c (size before relaxing)
 .debug_str     0x00000000000027db      0x5b4 ./Peripheral/src/ch32v30x_rcc.o
                                        0xcb6 (size before relaxing)
 .debug_str     0x0000000000002d8f      0x28c ./Peripheral/src/ch32v30x_spi.o
                                        0xa7b (size before relaxing)
 .debug_str     0x000000000000301b      0xb91 ./Peripheral/src/ch32v30x_tim.o
                                       0x1267 (size before relaxing)
 .debug_str     0x0000000000003bac      0x33b ./Peripheral/src/ch32v30x_usart.o
                                        0xb03 (size before relaxing)
 .debug_str     0x0000000000003ee7       0x62 ./Hardware/ENCODER.o
                                        0xa68 (size before relaxing)
 .debug_str     0x0000000000003f49       0x29 ./Hardware/MONLCD.o
                                        0x74b (size before relaxing)
 .debug_str     0x0000000000003f72       0x50 ./Hardware/PWM.o
                                        0xae8 (size before relaxing)

.comment        0x0000000000000000       0x33
 .comment       0x0000000000000000       0x33 ./zf/filter.o
                                         0x34 (size before relaxing)
 .comment       0x0000000000000033       0x34 ./zf/zf_common_clock.o
 .comment       0x0000000000000033       0x34 ./zf/zf_common_debug.o
 .comment       0x0000000000000033       0x34 ./zf/zf_common_font.o
 .comment       0x0000000000000033       0x34 ./zf/zf_common_function.o
 .comment       0x0000000000000033       0x34 ./zf/zf_common_interrupt.o
 .comment       0x0000000000000033       0x34 ./zf/zf_device_mpu6050.o
 .comment       0x0000000000000033       0x34 ./zf/zf_device_tft180.o
 .comment       0x0000000000000033       0x34 ./zf/zf_driver_delay.o
 .comment       0x0000000000000033       0x34 ./zf/zf_driver_gpio.o
 .comment       0x0000000000000033       0x34 ./zf/zf_driver_soft_iic.o
 .comment       0x0000000000000033       0x34 ./zf/zf_driver_spi.o
 .comment       0x0000000000000033       0x34 ./zf/zf_driver_uart.o
 .comment       0x0000000000000033       0x34 ./User/ch32v30x_it.o
 .comment       0x0000000000000033       0x34 ./User/main.o
 .comment       0x0000000000000033       0x34 ./User/system_ch32v30x.o
 .comment       0x0000000000000033       0x34 ./Peripheral/src/ch32v30x_gpio.o
 .comment       0x0000000000000033       0x34 ./Peripheral/src/ch32v30x_rcc.o
 .comment       0x0000000000000033       0x34 ./Peripheral/src/ch32v30x_spi.o
 .comment       0x0000000000000033       0x34 ./Peripheral/src/ch32v30x_tim.o
 .comment       0x0000000000000033       0x34 ./Peripheral/src/ch32v30x_usart.o
 .comment       0x0000000000000033       0x34 ./Hardware/ENCODER.o
 .comment       0x0000000000000033       0x34 ./Hardware/MONLCD.o
 .comment       0x0000000000000033       0x34 ./Hardware/PWM.o

.debug_frame    0x0000000000000000     0x2f58
 .debug_frame   0x0000000000000000       0x78 ./zf/filter.o
 .debug_frame   0x0000000000000078       0x34 ./zf/zf_common_clock.o
 .debug_frame   0x00000000000000ac      0x130 ./zf/zf_common_debug.o
 .debug_frame   0x00000000000001dc      0x204 ./zf/zf_common_function.o
 .debug_frame   0x00000000000003e0       0x7c ./zf/zf_common_interrupt.o
 .debug_frame   0x000000000000045c       0x78 ./zf/zf_device_mpu6050.o
 .debug_frame   0x00000000000004d4      0x3b8 ./zf/zf_device_tft180.o
 .debug_frame   0x000000000000088c       0x20 ./zf/zf_driver_delay.o
 .debug_frame   0x00000000000008ac       0x74 ./zf/zf_driver_gpio.o
 .debug_frame   0x0000000000000920      0x388 ./zf/zf_driver_soft_iic.o
 .debug_frame   0x0000000000000ca8      0x194 ./zf/zf_driver_spi.o
 .debug_frame   0x0000000000000e3c      0x120 ./zf/zf_driver_uart.o
 .debug_frame   0x0000000000000f5c       0x30 ./User/ch32v30x_it.o
 .debug_frame   0x0000000000000f8c       0x28 ./User/main.o
 .debug_frame   0x0000000000000fb4       0x3c ./User/system_ch32v30x.o
 .debug_frame   0x0000000000000ff0      0x174 ./Peripheral/src/ch32v30x_gpio.o
 .debug_frame   0x0000000000001164      0x344 ./Peripheral/src/ch32v30x_rcc.o
 .debug_frame   0x00000000000014a8      0x1a8 ./Peripheral/src/ch32v30x_spi.o
 .debug_frame   0x0000000000001650      0x614 ./Peripheral/src/ch32v30x_tim.o
 .debug_frame   0x0000000000001c64      0x204 ./Peripheral/src/ch32v30x_usart.o
 .debug_frame   0x0000000000001e68       0xb4 ./Hardware/ENCODER.o
 .debug_frame   0x0000000000001f1c       0x6c ./Hardware/MONLCD.o
 .debug_frame   0x0000000000001f88       0x98 ./Hardware/PWM.o
 .debug_frame   0x0000000000002020       0x20 e:/mounriver_studio/toolchain/risc-v embedded gcc/bin/../lib/gcc/riscv-none-embed/8.2.0/../../../../riscv-none-embed/lib/rv32imacxw/ilp32\libm.a(lib_a-w_atan2.o)
 .debug_frame   0x0000000000002040       0x48 e:/mounriver_studio/toolchain/risc-v embedded gcc/bin/../lib/gcc/riscv-none-embed/8.2.0/../../../../riscv-none-embed/lib/rv32imacxw/ilp32\libm.a(lib_a-e_atan2.o)
 .debug_frame   0x0000000000002088       0x50 e:/mounriver_studio/toolchain/risc-v embedded gcc/bin/../lib/gcc/riscv-none-embed/8.2.0/../../../../riscv-none-embed/lib/rv32imacxw/ilp32\libm.a(lib_a-s_atan.o)
 .debug_frame   0x00000000000020d8       0x20 e:/mounriver_studio/toolchain/risc-v embedded gcc/bin/../lib/gcc/riscv-none-embed/8.2.0/../../../../riscv-none-embed/lib/rv32imacxw/ilp32\libm.a(lib_a-s_fabs.o)
 .debug_frame   0x00000000000020f8       0x44 e:/mounriver_studio/toolchain/risc-v embedded gcc/bin/../lib/gcc/riscv-none-embed/8.2.0/rv32imacxw/ilp32\libgcc.a(adddf3.o)
 .debug_frame   0x000000000000213c       0x50 e:/mounriver_studio/toolchain/risc-v embedded gcc/bin/../lib/gcc/riscv-none-embed/8.2.0/rv32imacxw/ilp32\libgcc.a(divdf3.o)
 .debug_frame   0x000000000000218c       0x20 e:/mounriver_studio/toolchain/risc-v embedded gcc/bin/../lib/gcc/riscv-none-embed/8.2.0/rv32imacxw/ilp32\libgcc.a(gedf2.o)
 .debug_frame   0x00000000000021ac       0x54 e:/mounriver_studio/toolchain/risc-v embedded gcc/bin/../lib/gcc/riscv-none-embed/8.2.0/rv32imacxw/ilp32\libgcc.a(muldf3.o)
 .debug_frame   0x0000000000002200       0x44 e:/mounriver_studio/toolchain/risc-v embedded gcc/bin/../lib/gcc/riscv-none-embed/8.2.0/rv32imacxw/ilp32\libgcc.a(subdf3.o)
 .debug_frame   0x0000000000002244       0x40 e:/mounriver_studio/toolchain/risc-v embedded gcc/bin/../lib/gcc/riscv-none-embed/8.2.0/rv32imacxw/ilp32\libgcc.a(addsf3.o)
 .debug_frame   0x0000000000002284       0x50 e:/mounriver_studio/toolchain/risc-v embedded gcc/bin/../lib/gcc/riscv-none-embed/8.2.0/rv32imacxw/ilp32\libgcc.a(divsf3.o)
 .debug_frame   0x00000000000022d4       0x20 e:/mounriver_studio/toolchain/risc-v embedded gcc/bin/../lib/gcc/riscv-none-embed/8.2.0/rv32imacxw/ilp32\libgcc.a(eqsf2.o)
 .debug_frame   0x00000000000022f4       0x20 e:/mounriver_studio/toolchain/risc-v embedded gcc/bin/../lib/gcc/riscv-none-embed/8.2.0/rv32imacxw/ilp32\libgcc.a(gesf2.o)
 .debug_frame   0x0000000000002314       0x20 e:/mounriver_studio/toolchain/risc-v embedded gcc/bin/../lib/gcc/riscv-none-embed/8.2.0/rv32imacxw/ilp32\libgcc.a(lesf2.o)
 .debug_frame   0x0000000000002334       0x50 e:/mounriver_studio/toolchain/risc-v embedded gcc/bin/../lib/gcc/riscv-none-embed/8.2.0/rv32imacxw/ilp32\libgcc.a(mulsf3.o)
 .debug_frame   0x0000000000002384       0x3c e:/mounriver_studio/toolchain/risc-v embedded gcc/bin/../lib/gcc/riscv-none-embed/8.2.0/rv32imacxw/ilp32\libgcc.a(subsf3.o)
 .debug_frame   0x00000000000023c0       0x20 e:/mounriver_studio/toolchain/risc-v embedded gcc/bin/../lib/gcc/riscv-none-embed/8.2.0/rv32imacxw/ilp32\libgcc.a(fixsfsi.o)
 .debug_frame   0x00000000000023e0       0x38 e:/mounriver_studio/toolchain/risc-v embedded gcc/bin/../lib/gcc/riscv-none-embed/8.2.0/rv32imacxw/ilp32\libgcc.a(floatsisf.o)
 .debug_frame   0x0000000000002418       0x38 e:/mounriver_studio/toolchain/risc-v embedded gcc/bin/../lib/gcc/riscv-none-embed/8.2.0/rv32imacxw/ilp32\libgcc.a(extendsfdf2.o)
 .debug_frame   0x0000000000002450       0x20 e:/mounriver_studio/toolchain/risc-v embedded gcc/bin/../lib/gcc/riscv-none-embed/8.2.0/rv32imacxw/ilp32\libgcc.a(truncdfsf2.o)
 .debug_frame   0x0000000000002470       0x20 e:/mounriver_studio/toolchain/risc-v embedded gcc/bin/../lib/gcc/riscv-none-embed/8.2.0/rv32imacxw/ilp32\libgcc.a(_clzsi2.o)
 .debug_frame   0x0000000000002490       0x20 e:/mounriver_studio/toolchain/risc-v embedded gcc/bin/../lib/gcc/riscv-none-embed/8.2.0/../../../../riscv-none-embed/lib/rv32imacxw/ilp32\libg_nano.a(lib_a-memcpy.o)
 .debug_frame   0x00000000000024b0       0x54 e:/mounriver_studio/toolchain/risc-v embedded gcc/bin/../lib/gcc/riscv-none-embed/8.2.0/../../../../riscv-none-embed/lib/rv32imacxw/ilp32\libg_nano.a(lib_a-printf.o)
 .debug_frame   0x0000000000002504       0x48 e:/mounriver_studio/toolchain/risc-v embedded gcc/bin/../lib/gcc/riscv-none-embed/8.2.0/../../../../riscv-none-embed/lib/rv32imacxw/ilp32\libg_nano.a(lib_a-sprintf.o)
 .debug_frame   0x000000000000254c       0x20 e:/mounriver_studio/toolchain/risc-v embedded gcc/bin/../lib/gcc/riscv-none-embed/8.2.0/../../../../riscv-none-embed/lib/rv32imacxw/ilp32\libg_nano.a(lib_a-strlen.o)
 .debug_frame   0x000000000000256c      0x148 e:/mounriver_studio/toolchain/risc-v embedded gcc/bin/../lib/gcc/riscv-none-embed/8.2.0/../../../../riscv-none-embed/lib/rv32imacxw/ilp32\libg_nano.a(lib_a-findfp.o)
 .debug_frame   0x00000000000026b4       0x88 e:/mounriver_studio/toolchain/risc-v embedded gcc/bin/../lib/gcc/riscv-none-embed/8.2.0/../../../../riscv-none-embed/lib/rv32imacxw/ilp32\libg_nano.a(lib_a-fwalk.o)
 .debug_frame   0x000000000000273c       0x40 e:/mounriver_studio/toolchain/risc-v embedded gcc/bin/../lib/gcc/riscv-none-embed/8.2.0/../../../../riscv-none-embed/lib/rv32imacxw/ilp32\libg_nano.a(lib_a-nano-mallocr.o)
 .debug_frame   0x000000000000277c       0xe0 e:/mounriver_studio/toolchain/risc-v embedded gcc/bin/../lib/gcc/riscv-none-embed/8.2.0/../../../../riscv-none-embed/lib/rv32imacxw/ilp32\libg_nano.a(lib_a-nano-svfprintf.o)
 .debug_frame   0x000000000000285c       0xd0 e:/mounriver_studio/toolchain/risc-v embedded gcc/bin/../lib/gcc/riscv-none-embed/8.2.0/../../../../riscv-none-embed/lib/rv32imacxw/ilp32\libg_nano.a(lib_a-nano-vfprintf.o)
 .debug_frame   0x000000000000292c       0x8c e:/mounriver_studio/toolchain/risc-v embedded gcc/bin/../lib/gcc/riscv-none-embed/8.2.0/../../../../riscv-none-embed/lib/rv32imacxw/ilp32\libg_nano.a(lib_a-nano-vfprintf_i.o)
 .debug_frame   0x00000000000029b8       0x30 e:/mounriver_studio/toolchain/risc-v embedded gcc/bin/../lib/gcc/riscv-none-embed/8.2.0/../../../../riscv-none-embed/lib/rv32imacxw/ilp32\libg_nano.a(lib_a-sbrkr.o)
 .debug_frame   0x00000000000029e8       0xa4 e:/mounriver_studio/toolchain/risc-v embedded gcc/bin/../lib/gcc/riscv-none-embed/8.2.0/../../../../riscv-none-embed/lib/rv32imacxw/ilp32\libg_nano.a(lib_a-stdio.o)
 .debug_frame   0x0000000000002a8c       0x50 e:/mounriver_studio/toolchain/risc-v embedded gcc/bin/../lib/gcc/riscv-none-embed/8.2.0/../../../../riscv-none-embed/lib/rv32imacxw/ilp32\libg_nano.a(lib_a-wbuf.o)
 .debug_frame   0x0000000000002adc       0x30 e:/mounriver_studio/toolchain/risc-v embedded gcc/bin/../lib/gcc/riscv-none-embed/8.2.0/../../../../riscv-none-embed/lib/rv32imacxw/ilp32\libg_nano.a(lib_a-writer.o)
 .debug_frame   0x0000000000002b0c       0x3c e:/mounriver_studio/toolchain/risc-v embedded gcc/bin/../lib/gcc/riscv-none-embed/8.2.0/../../../../riscv-none-embed/lib/rv32imacxw/ilp32\libg_nano.a(lib_a-wsetup.o)
 .debug_frame   0x0000000000002b48       0x30 e:/mounriver_studio/toolchain/risc-v embedded gcc/bin/../lib/gcc/riscv-none-embed/8.2.0/../../../../riscv-none-embed/lib/rv32imacxw/ilp32\libg_nano.a(lib_a-closer.o)
 .debug_frame   0x0000000000002b78       0x7c e:/mounriver_studio/toolchain/risc-v embedded gcc/bin/../lib/gcc/riscv-none-embed/8.2.0/../../../../riscv-none-embed/lib/rv32imacxw/ilp32\libg_nano.a(lib_a-fflush.o)
 .debug_frame   0x0000000000002bf4       0x30 e:/mounriver_studio/toolchain/risc-v embedded gcc/bin/../lib/gcc/riscv-none-embed/8.2.0/../../../../riscv-none-embed/lib/rv32imacxw/ilp32\libg_nano.a(lib_a-lseekr.o)
 .debug_frame   0x0000000000002c24       0x64 e:/mounriver_studio/toolchain/risc-v embedded gcc/bin/../lib/gcc/riscv-none-embed/8.2.0/../../../../riscv-none-embed/lib/rv32imacxw/ilp32\libg_nano.a(lib_a-makebuf.o)
 .debug_frame   0x0000000000002c88       0x20 e:/mounriver_studio/toolchain/risc-v embedded gcc/bin/../lib/gcc/riscv-none-embed/8.2.0/../../../../riscv-none-embed/lib/rv32imacxw/ilp32\libg_nano.a(lib_a-memchr.o)
 .debug_frame   0x0000000000002ca8       0x20 e:/mounriver_studio/toolchain/risc-v embedded gcc/bin/../lib/gcc/riscv-none-embed/8.2.0/../../../../riscv-none-embed/lib/rv32imacxw/ilp32\libg_nano.a(lib_a-memmove.o)
 .debug_frame   0x0000000000002cc8       0x30 e:/mounriver_studio/toolchain/risc-v embedded gcc/bin/../lib/gcc/riscv-none-embed/8.2.0/../../../../riscv-none-embed/lib/rv32imacxw/ilp32\libg_nano.a(lib_a-mlock.o)
 .debug_frame   0x0000000000002cf8       0x40 e:/mounriver_studio/toolchain/risc-v embedded gcc/bin/../lib/gcc/riscv-none-embed/8.2.0/../../../../riscv-none-embed/lib/rv32imacxw/ilp32\libg_nano.a(lib_a-nano-freer.o)
 .debug_frame   0x0000000000002d38       0x40 e:/mounriver_studio/toolchain/risc-v embedded gcc/bin/../lib/gcc/riscv-none-embed/8.2.0/../../../../riscv-none-embed/lib/rv32imacxw/ilp32\libg_nano.a(lib_a-nano-reallocr.o)
 .debug_frame   0x0000000000002d78       0x30 e:/mounriver_studio/toolchain/risc-v embedded gcc/bin/../lib/gcc/riscv-none-embed/8.2.0/../../../../riscv-none-embed/lib/rv32imacxw/ilp32\libg_nano.a(lib_a-readr.o)
 .debug_frame   0x0000000000002da8       0x70 e:/mounriver_studio/toolchain/risc-v embedded gcc/bin/../lib/gcc/riscv-none-embed/8.2.0/../../../../riscv-none-embed/lib/rv32imacxw/ilp32\libg_nano.a(lib_a-reent.o)
 .debug_frame   0x0000000000002e18       0x30 e:/mounriver_studio/toolchain/risc-v embedded gcc/bin/../lib/gcc/riscv-none-embed/8.2.0/../../../../riscv-none-embed/lib/rv32imacxw/ilp32\libg_nano.a(lib_a-fstatr.o)
 .debug_frame   0x0000000000002e48       0x30 e:/mounriver_studio/toolchain/risc-v embedded gcc/bin/../lib/gcc/riscv-none-embed/8.2.0/../../../../riscv-none-embed/lib/rv32imacxw/ilp32\libg_nano.a(lib_a-isattyr.o)
 .debug_frame   0x0000000000002e78       0x20 e:/mounriver_studio/toolchain/risc-v embedded gcc/bin/../lib/gcc/riscv-none-embed/8.2.0/../../../../riscv-none-embed/lib/rv32imacxw/ilp32\libg_nano.a(lib_a-nano-msizer.o)
 .debug_frame   0x0000000000002e98       0x20 e:/mounriver_studio/toolchain/risc-v embedded gcc/bin/../lib/gcc/riscv-none-embed/8.2.0/../../../../riscv-none-embed/lib/rv32imacxw/ilp32\libnosys.a(close.o)
 .debug_frame   0x0000000000002eb8       0x20 e:/mounriver_studio/toolchain/risc-v embedded gcc/bin/../lib/gcc/riscv-none-embed/8.2.0/../../../../riscv-none-embed/lib/rv32imacxw/ilp32\libnosys.a(fstat.o)
 .debug_frame   0x0000000000002ed8       0x20 e:/mounriver_studio/toolchain/risc-v embedded gcc/bin/../lib/gcc/riscv-none-embed/8.2.0/../../../../riscv-none-embed/lib/rv32imacxw/ilp32\libnosys.a(isatty.o)
 .debug_frame   0x0000000000002ef8       0x20 e:/mounriver_studio/toolchain/risc-v embedded gcc/bin/../lib/gcc/riscv-none-embed/8.2.0/../../../../riscv-none-embed/lib/rv32imacxw/ilp32\libnosys.a(lseek.o)
 .debug_frame   0x0000000000002f18       0x20 e:/mounriver_studio/toolchain/risc-v embedded gcc/bin/../lib/gcc/riscv-none-embed/8.2.0/../../../../riscv-none-embed/lib/rv32imacxw/ilp32\libnosys.a(read.o)
 .debug_frame   0x0000000000002f38       0x20 e:/mounriver_studio/toolchain/risc-v embedded gcc/bin/../lib/gcc/riscv-none-embed/8.2.0/../../../../riscv-none-embed/lib/rv32imacxw/ilp32\libnosys.a(sbrk.o)

.stab           0x0000000000000000       0x84
 .stab          0x0000000000000000       0x24 e:/mounriver_studio/toolchain/risc-v embedded gcc/bin/../lib/gcc/riscv-none-embed/8.2.0/../../../../riscv-none-embed/lib/rv32imacxw/ilp32\libnosys.a(close.o)
 .stab          0x0000000000000024       0x18 e:/mounriver_studio/toolchain/risc-v embedded gcc/bin/../lib/gcc/riscv-none-embed/8.2.0/../../../../riscv-none-embed/lib/rv32imacxw/ilp32\libnosys.a(fstat.o)
                                         0x24 (size before relaxing)
 .stab          0x000000000000003c       0x18 e:/mounriver_studio/toolchain/risc-v embedded gcc/bin/../lib/gcc/riscv-none-embed/8.2.0/../../../../riscv-none-embed/lib/rv32imacxw/ilp32\libnosys.a(isatty.o)
                                         0x24 (size before relaxing)
 .stab          0x0000000000000054       0x18 e:/mounriver_studio/toolchain/risc-v embedded gcc/bin/../lib/gcc/riscv-none-embed/8.2.0/../../../../riscv-none-embed/lib/rv32imacxw/ilp32\libnosys.a(lseek.o)
                                         0x24 (size before relaxing)
 .stab          0x000000000000006c       0x18 e:/mounriver_studio/toolchain/risc-v embedded gcc/bin/../lib/gcc/riscv-none-embed/8.2.0/../../../../riscv-none-embed/lib/rv32imacxw/ilp32\libnosys.a(read.o)
                                         0x24 (size before relaxing)

.stabstr        0x0000000000000000      0x117
 .stabstr       0x0000000000000000      0x117 e:/mounriver_studio/toolchain/risc-v embedded gcc/bin/../lib/gcc/riscv-none-embed/8.2.0/../../../../riscv-none-embed/lib/rv32imacxw/ilp32\libnosys.a(close.o)