Archive member included to satisfy reference by file (symbol)

h:/mounriver_studio/toolchain/risc-v embedded gcc/bin/../lib/gcc/riscv-none-embed/8.2.0/../../../../riscv-none-embed/lib/rv32imacxw/ilp32\libm.a(lib_a-w_atan2.o)
                              ./zf/zf_device_mpu6050.o (atan2)
h:/mounriver_studio/toolchain/risc-v embedded gcc/bin/../lib/gcc/riscv-none-embed/8.2.0/../../../../riscv-none-embed/lib/rv32imacxw/ilp32\libm.a(lib_a-e_atan2.o)
                              h:/mounriver_studio/toolchain/risc-v embedded gcc/bin/../lib/gcc/riscv-none-embed/8.2.0/../../../../riscv-none-embed/lib/rv32imacxw/ilp32\libm.a(lib_a-w_atan2.o) (__ieee754_atan2)
h:/mounriver_studio/toolchain/risc-v embedded gcc/bin/../lib/gcc/riscv-none-embed/8.2.0/../../../../riscv-none-embed/lib/rv32imacxw/ilp32\libm.a(lib_a-s_atan.o)
                              h:/mounriver_studio/toolchain/risc-v embedded gcc/bin/../lib/gcc/riscv-none-embed/8.2.0/../../../../riscv-none-embed/lib/rv32imacxw/ilp32\libm.a(lib_a-e_atan2.o) (atan)
h:/mounriver_studio/toolchain/risc-v embedded gcc/bin/../lib/gcc/riscv-none-embed/8.2.0/../../../../riscv-none-embed/lib/rv32imacxw/ilp32\libm.a(lib_a-s_fabs.o)
                              h:/mounriver_studio/toolchain/risc-v embedded gcc/bin/../lib/gcc/riscv-none-embed/8.2.0/../../../../riscv-none-embed/lib/rv32imacxw/ilp32\libm.a(lib_a-e_atan2.o) (fabs)
h:/mounriver_studio/toolchain/risc-v embedded gcc/bin/../lib/gcc/riscv-none-embed/8.2.0/rv32imacxw/ilp32\libgcc.a(adddf3.o)
                              ./zf/zf_common_function.o (__adddf3)
h:/mounriver_studio/toolchain/risc-v embedded gcc/bin/../lib/gcc/riscv-none-embed/8.2.0/rv32imacxw/ilp32\libgcc.a(divdf3.o)
                              ./zf/zf_common_function.o (__divdf3)
h:/mounriver_studio/toolchain/risc-v embedded gcc/bin/../lib/gcc/riscv-none-embed/8.2.0/rv32imacxw/ilp32\libgcc.a(eqdf2.o)
                              ./zf/zf_common_function.o (__eqdf2)
h:/mounriver_studio/toolchain/risc-v embedded gcc/bin/../lib/gcc/riscv-none-embed/8.2.0/rv32imacxw/ilp32\libgcc.a(gedf2.o)
                              h:/mounriver_studio/toolchain/risc-v embedded gcc/bin/../lib/gcc/riscv-none-embed/8.2.0/../../../../riscv-none-embed/lib/rv32imacxw/ilp32\libm.a(lib_a-s_atan.o) (__gtdf2)
h:/mounriver_studio/toolchain/risc-v embedded gcc/bin/../lib/gcc/riscv-none-embed/8.2.0/rv32imacxw/ilp32\libgcc.a(ledf2.o)
                              ./zf/zf_common_function.o (__ltdf2)
h:/mounriver_studio/toolchain/risc-v embedded gcc/bin/../lib/gcc/riscv-none-embed/8.2.0/rv32imacxw/ilp32\libgcc.a(muldf3.o)
                              ./zf/zf_common_function.o (__muldf3)
h:/mounriver_studio/toolchain/risc-v embedded gcc/bin/../lib/gcc/riscv-none-embed/8.2.0/rv32imacxw/ilp32\libgcc.a(subdf3.o)
                              ./zf/zf_common_function.o (__subdf3)
h:/mounriver_studio/toolchain/risc-v embedded gcc/bin/../lib/gcc/riscv-none-embed/8.2.0/rv32imacxw/ilp32\libgcc.a(fixdfsi.o)
                              ./zf/zf_common_function.o (__fixdfsi)
h:/mounriver_studio/toolchain/risc-v embedded gcc/bin/../lib/gcc/riscv-none-embed/8.2.0/rv32imacxw/ilp32\libgcc.a(floatsidf.o)
                              ./zf/zf_common_function.o (__floatsidf)
h:/mounriver_studio/toolchain/risc-v embedded gcc/bin/../lib/gcc/riscv-none-embed/8.2.0/rv32imacxw/ilp32\libgcc.a(addsf3.o)
                              ./zf/filter.o (__addsf3)
h:/mounriver_studio/toolchain/risc-v embedded gcc/bin/../lib/gcc/riscv-none-embed/8.2.0/rv32imacxw/ilp32\libgcc.a(divsf3.o)
                              ./zf/filter.o (__divsf3)
h:/mounriver_studio/toolchain/risc-v embedded gcc/bin/../lib/gcc/riscv-none-embed/8.2.0/rv32imacxw/ilp32\libgcc.a(eqsf2.o)
                              ./zf/zf_common_function.o (__eqsf2)
h:/mounriver_studio/toolchain/risc-v embedded gcc/bin/../lib/gcc/riscv-none-embed/8.2.0/rv32imacxw/ilp32\libgcc.a(gesf2.o)
                              ./Hardware/My_Math.o (__gesf2)
h:/mounriver_studio/toolchain/risc-v embedded gcc/bin/../lib/gcc/riscv-none-embed/8.2.0/rv32imacxw/ilp32\libgcc.a(lesf2.o)
                              ./zf/zf_common_function.o (__ltsf2)
h:/mounriver_studio/toolchain/risc-v embedded gcc/bin/../lib/gcc/riscv-none-embed/8.2.0/rv32imacxw/ilp32\libgcc.a(mulsf3.o)
                              ./zf/filter.o (__mulsf3)
h:/mounriver_studio/toolchain/risc-v embedded gcc/bin/../lib/gcc/riscv-none-embed/8.2.0/rv32imacxw/ilp32\libgcc.a(subsf3.o)
                              ./zf/filter.o (__subsf3)
h:/mounriver_studio/toolchain/risc-v embedded gcc/bin/../lib/gcc/riscv-none-embed/8.2.0/rv32imacxw/ilp32\libgcc.a(fixsfsi.o)
                              ./zf/zf_common_function.o (__fixsfsi)
h:/mounriver_studio/toolchain/risc-v embedded gcc/bin/../lib/gcc/riscv-none-embed/8.2.0/rv32imacxw/ilp32\libgcc.a(floatsisf.o)
                              ./zf/filter.o (__floatsisf)
[...]
Memory Configuration

Name             Origin             Length             Attributes
FLASH            0x0000000000000000 0x0000000000048000 xr
RAM              0x0000000020000000 0x0000000000008000 xrw
*default*        0x0000000000000000 0xffffffffffffffff

Linker script and memory map

LOAD ./zf/filter.o
LOAD ./zf/zf_common_clock.o
LOAD ./zf/zf_common_debug.o
LOAD ./zf/zf_common_font.o
LOAD ./zf/zf_common_function.o
LOAD ./zf/zf_common_interrupt.o
LOAD ./zf/zf_device_mpu6050.o
LOAD ./zf/zf_device_tft180.o
LOAD ./zf/zf_driver_delay.o
LOAD ./zf/zf_driver_gpio.o
LOAD ./zf/zf_driver_soft_iic.o
LOAD ./zf/zf_driver_spi.o
LOAD ./zf/zf_driver_uart.o
LOAD ./sys/sys.o
LOAD ./User/ch32v30x_it.o
LOAD ./User/main.o
LOAD ./User/system_ch32v30x.o
LOAD ./Startup/startup_ch32v30x_D8C.o
LOAD ./Peripheral/src/ch32v30x_adc.o
LOAD ./Peripheral/src/ch32v30x_bkp.o
LOAD ./Peripheral/src/ch32v30x_can.o
LOAD ./Peripheral/src/ch32v30x_crc.o
LOAD ./Peripheral/src/ch32v30x_dac.o
LOAD ./Peripheral/src/ch32v30x_dbgmcu.o
LOAD ./Peripheral/src/ch32v30x_dma.o
LOAD ./Peripheral/src/ch32v30x_dvp.o
LOAD ./Peripheral/src/ch32v30x_eth.o
LOAD ./Peripheral/src/ch32v30x_exti.o
LOAD ./Peripheral/src/ch32v30x_flash.o
LOAD ./Peripheral/src/ch32v30x_fsmc.o
LOAD ./Peripheral/src/ch32v30x_gpio.o
LOAD ./Peripheral/src/ch32v30x_i2c.o
LOAD ./Peripheral/src/ch32v30x_iwdg.o
LOAD ./Peripheral/src/ch32v30x_misc.o
LOAD ./Peripheral/src/ch32v30x_opa.o
LOAD ./Peripheral/src/ch32v30x_pwr.o
LOAD ./Peripheral/src/ch32v30x_rcc.o
LOAD ./Peripheral/src/ch32v30x_rng.o
LOAD ./Peripheral/src/ch32v30x_rtc.o
LOAD ./Peripheral/src/ch32v30x_sdio.o
LOAD ./Peripheral/src/ch32v30x_spi.o
LOAD ./Peripheral/src/ch32v30x_tim.o
LOAD ./Peripheral/src/ch32v30x_usart.o
LOAD ./Peripheral/src/ch32v30x_wwdg.o
LOAD ./Hardware/CONTROL.o
LOAD ./Hardware/ENCODER.o
LOAD ./Hardware/EXIT.o
LOAD ./Hardware/MONLCD.o
LOAD ./Hardware/MOTOR.o
LOAD ./Hardware/My_Math.o
LOAD ./Hardware/PWM.o
LOAD ./Hardware/pid.o
LOAD ./Core/core_riscv.o
LOAD h:/mounriver_studio/toolchain/risc-v embedded gcc/bin/../lib/gcc/riscv-none-embed/8.2.0/../../../../riscv-none-embed/lib/rv32imacxw/ilp32\libm.a
LOAD h:/mounriver_studio/toolchain/risc-v embedded gcc/bin/../lib/gcc/riscv-none-embed/8.2.0/rv32imacxw/ilp32\libgcc.a
LOAD h:/mounriver_studio/toolchain/risc-v embedded gcc/bin/../lib/gcc/riscv-none-embed/8.2.0/../../../../riscv-none-embed/lib/rv32imacxw/ilp32\libg_nano.a
LOAD h:/mounriver_studio/toolchain/risc-v embedded gcc/bin/../lib/gcc/riscv-none-embed/8.2.0/../../../../riscv-none-embed/lib/rv32imacxw/ilp32\libc_nano.a
LOAD h:/mounriver_studio/toolchain/risc-v embedded gcc/bin/../lib/gcc/riscv-none-embed/8.2.0/rv32imacxw/ilp32\libgcc.a
START GROUP
LOAD h:/mounriver_studio/toolchain/risc-v embedded gcc/bin/../lib/gcc/riscv-none-embed/8.2.0/rv32imacxw/ilp32\libgcc.a
LOAD h:/mounriver_studio/toolchain/risc-v embedded gcc/bin/../lib/gcc/riscv-none-embed/8.2.0/../../../../riscv-none-embed/lib/rv32imacxw/ilp32\libc_nano.a
LOAD h:/mounriver_studio/toolchain/risc-v embedded gcc/bin/../lib/gcc/riscv-none-embed/8.2.0/../../../../riscv-none-embed/lib/rv32imacxw/ilp32\libnosys.a
END GROUP
START GROUP
LOAD h:/mounriver_studio/toolchain/risc-v embedded gcc/bin/../lib/gcc/riscv-none-embed/8.2.0/rv32imacxw/ilp32\libgcc.a
LOAD h:/mounriver_studio/toolchain/risc-v embedded gcc/bin/../lib/gcc/riscv-none-embed/8.2.0/../../../../riscv-none-embed/lib/rv32imacxw/ilp32\libc_nano.a
LOAD h:/mounriver_studio/toolchain/risc-v embedded gcc/bin/../lib/gcc/riscv-none-embed/8.2.0/../../../../riscv-none-embed/lib/rv32imacxw/ilp32\libnosys.a
END GROUP
                0x0000000000000800                __stack_size = 0x800
                [!provide]                        PROVIDE (_stack_size = __stack_size)

.init           0x0000000000000000       0x38
                0x0000000000000000                _sinit = .
                0x0000000000000000                . = ALIGN (0x4)
 *(SORT_NONE(.init))
 .init          0x0000000000000000       0x38 ./Startup/startup_ch32v30x_D8C.o
                0x0000000000000000                _start
                0x0000000000000038                . = ALIGN (0x4)
                0x0000000000000038                _einit = .

.vector         0x0000000000000038      0x1c8
 *(.vector)
 .vector        0x0000000000000038      0x1a0 ./Startup/startup_ch32v30x_D8C.o
                0x0000000000000200                . = ALIGN (0x40)
 *fill*         0x00000000000001d8       0x28 

.text           0x0000000000000200     0x7cb4
                0x0000000000000200                . = ALIGN (0x4)
 *(.text)
 .text          0x0000000000000200       0x60 h:/mounriver_studio/toolchain/risc-v embedded gcc/bin/../lib/gcc/riscv-none-embed/8.2.0/rv32imacxw/ilp32\libgcc.a(save-restore.o)
                0x0000000000000200                __riscv_save_12
                0x0000000000000208                __riscv_save_9
                0x0000000000000208                __riscv_save_11
                0x0000000000000208                __riscv_save_10
                0x0000000000000208                __riscv_save_8
                0x0000000000000216                __riscv_save_4
                0x0000000000000216                __riscv_save_6
                0x0000000000000216                __riscv_save_5
                0x0000000000000216                __riscv_save_7
                0x0000000000000230                __riscv_save_3
                0x0000000000000230                __riscv_save_2
                0x0000000000000230                __riscv_save_1
                0x0000000000000230                __riscv_save_0
                0x000000000000023c                __riscv_restore_12
                0x0000000000000240                __riscv_restore_11
                0x0000000000000240                __riscv_restore_9
                0x0000000000000240                __riscv_restore_10
                0x0000000000000240                __riscv_restore_8
                0x000000000000024a                __riscv_restore_5
                0x000000000000024a                __riscv_restore_7
                0x000000000000024a                __riscv_restore_6
                0x000000000000024a                __riscv_restore_4
                0x0000000000000254                __riscv_restore_3
                0x0000000000000254                __riscv_restore_0
                0x0000000000000254                __riscv_restore_2
                0x0000000000000254                __riscv_restore_1
 .text          0x0000000000000260       0xa8 h:/mounriver_studio/toolchain/risc-v embedded gcc/bin/../lib/gcc/riscv-none-embed/8.2.0/../../../../riscv-none-embed/lib/rv32imacxw/ilp32\libg_nano.a(lib_a-memset.o)
                0x0000000000000260                memset
 *(.text.*)
 .text.Kalman_Filter
                0x0000000000000308      0x1ba ./zf/filter.o
                0x0000000000000308                Kalman_Filter
 .text.debug_output
                0x00000000000004c2      0x1d8 ./zf/zf_common_debug.o
 .text._write   0x000000000000069a       0x3e ./zf/zf_common_debug.o
                0x000000000000069a                _write
 .text.debug_assert_handler
                0x00000000000006d8       0x5a ./zf/zf_common_debug.o
                0x00000000000006d8                debug_assert_handler
 .text.debug_log_handler
                0x0000000000000732       0x28 ./zf/zf_common_debug.o
                0x0000000000000732                debug_log_handler
 .text.debug_output_struct_init
                0x000000000000075a       0x16 ./zf/zf_common_debug.o
                0x000000000000075a                debug_output_struct_init
 .text.debug_output_init
                0x0000000000000770       0x20 ./zf/zf_common_debug.o
                0x0000000000000770                debug_output_init
 .text.int_to_str
                0x0000000000000790       0x5e ./zf/zf_common_function.o
                0x0000000000000790                int_to_str
 .text.float_to_str
                0x00000000000007ee      0x11e ./zf/zf_common_function.o
                0x00000000000007ee                float_to_str
 .text.interrupt_global_disable
                0x000000000000090c        0xc ./zf/zf_common_interrupt.o
                0x000000000000090c                interrupt_global_disable
 .text.mpu6050_init
                0x0000000000000918      0x10e ./zf/zf_device_mpu6050.o
                0x0000000000000918                mpu6050_init
 .text.Get_Angle
                0x0000000000000a26      0x218 ./zf/zf_device_mpu6050.o
                0x0000000000000a26                Get_Angle
 .text.tft180_write_index
                0x0000000000000c3e       0x2c ./zf/zf_device_tft180.o
 .text.tft180_set_region
                0x0000000000000c6a      0x148 ./zf/zf_device_tft180.o
 .text.tft180_clear
                0x0000000000000db2       0x36 ./zf/zf_device_tft180.o
                0x0000000000000db2                tft180_clear
 .text.tft180_full
                0x0000000000000de8       0x36 ./zf/zf_device_tft180.o
                0x0000000000000de8                tft180_full
 .text.tft180_set_dir
                0x0000000000000e1e       0x2c ./zf/zf_device_tft180.o
                0x0000000000000e1e                tft180_set_dir
 .text.tft180_set_color
                0x0000000000000e4a        0xa ./zf/zf_device_tft180.o
                0x0000000000000e4a                tft180_set_color
 .text.tft180_show_char
                0x0000000000000e54       0x96 ./zf/zf_device_tft180.o
                0x0000000000000e54                tft180_show_char
 .text.tft180_show_string
                0x0000000000000eea       0x5c ./zf/zf_device_tft180.o
                0x0000000000000eea                tft180_show_string
 .text.tft180_show_int
                0x0000000000000f46       0xa2 ./zf/zf_device_tft180.o
                0x0000000000000f46                tft180_show_int
 .text.tft180_show_float
                0x0000000000000fe8      0x102 ./zf/zf_device_tft180.o
                0x0000000000000fe8                tft180_show_float
 .text.tft180_init
                0x00000000000010ea      0x432 ./zf/zf_device_tft180.o
                0x00000000000010ea                tft180_init
 .text.system_delay
                0x000000000000151c       0x2a ./zf/zf_driver_delay.o
                0x000000000000151c                system_delay
 .text.gpio_get_level
                0x0000000000001546       0x22 ./zf/zf_driver_gpio.o
                0x0000000000001546                gpio_get_level
 .text.gpio_init
                0x0000000000001568       0xb0 ./zf/zf_driver_gpio.o
                0x0000000000001568                gpio_init
 .text.soft_iic_delay
                0x0000000000001618       0x12 ./zf/zf_driver_soft_iic.o
 .text.soft_iic_start
                0x000000000000162a       0x70 ./zf/zf_driver_soft_iic.o
 .text.soft_iic_stop
                0x000000000000169a       0x70 ./zf/zf_driver_soft_iic.o
 .text.soft_iic_send_data
                0x000000000000170a       0xd6 ./zf/zf_driver_soft_iic.o
 .text.soft_iic_read_data
                0x00000000000017e0      0x130 ./zf/zf_driver_soft_iic.o
 .text.soft_iic_init
                0x0000000000001910       0x32 ./zf/zf_driver_soft_iic.o
                0x0000000000001910                soft_iic_init
 .text.soft_iic_write_8bit_register
                0x0000000000001942       0x3c ./zf/zf_driver_soft_iic.o
                0x0000000000001942                soft_iic_write_8bit_register
 .text.soft_iic_read_8bit_register
                0x000000000000197e       0x50 ./zf/zf_driver_soft_iic.o
                0x000000000000197e                soft_iic_read_8bit_register
 .text.spi_gpio_init
                0x00000000000019ce      0x170 ./zf/zf_driver_spi.o
                0x00000000000019ce                spi_gpio_init
 .text.spi_init
                0x0000000000001b3e      0x17a ./zf/zf_driver_spi.o
                0x0000000000001b3e                spi_init
 .text.spi_write_8bit
                0x0000000000001cb8       0x18 ./zf/zf_driver_spi.o
                0x0000000000001cb8                spi_write_8bit
 .text.spi_write_16bit
                0x0000000000001cd0       0x2a ./zf/zf_driver_spi.o
                0x0000000000001cd0                spi_write_16bit
 .text.NMI_Handler
                0x0000000000001cfa        0x4 ./User/ch32v30x_it.o
                0x0000000000001cfa                NMI_Handler
 .text.HardFault_Handler
                0x0000000000001cfe        0x2 ./User/ch32v30x_it.o
                0x0000000000001cfe                HardFault_Handler
 .text.startup.main
                0x0000000000001d00       0xc8 ./User/main.o
                0x0000000000001d00                main
 .text.SystemInit
                0x0000000000001dc8       0xfa ./User/system_ch32v30x.o
                0x0000000000001dc8                SystemInit
 .text.vector_handler
                0x0000000000001ec2       0xbe ./Startup/startup_ch32v30x_D8C.o
                0x0000000000001ec6                Ecall_M_Mode_Handler
                0x0000000000001ec8                Ecall_U_Mode_Handler
                0x0000000000001eca                Break_Point_Handler
                0x0000000000001ecc                SysTick_Handler
                0x0000000000001ece                SW_Handler
                0x0000000000001ed0                WWDG_IRQHandler
                0x0000000000001ed2                PVD_IRQHandler
                0x0000000000001ed4                TAMPER_IRQHandler
                0x0000000000001ed6                RTC_IRQHandler
                0x0000000000001ed8                FLASH_IRQHandler
                0x0000000000001eda                RCC_IRQHandler
                0x0000000000001edc                EXTI0_IRQHandler
                0x0000000000001ede                EXTI1_IRQHandler
                0x0000000000001ee0                EXTI2_IRQHandler
                0x0000000000001ee2                EXTI3_IRQHandler
                0x0000000000001ee4                EXTI4_IRQHandler
                0x0000000000001ee6                DMA1_Channel1_IRQHandler
                0x0000000000001ee8                DMA1_Channel2_IRQHandler
                0x0000000000001eea                DMA1_Channel3_IRQHandler
                0x0000000000001eec                DMA1_Channel4_IRQHandler
                0x0000000000001eee                DMA1_Channel5_IRQHandler
                0x0000000000001ef0                DMA1_Channel6_IRQHandler
                0x0000000000001ef2                DMA1_Channel7_IRQHandler
                0x0000000000001ef4                ADC1_2_IRQHandler
                0x0000000000001ef6                USB_HP_CAN1_TX_IRQHandler
                0x0000000000001ef8                USB_LP_CAN1_RX0_IRQHandler
                0x0000000000001efa                CAN1_RX1_IRQHandler
                0x0000000000001efc                CAN1_SCE_IRQHandler
                0x0000000000001efe                EXTI9_5_IRQHandler
                0x0000000000001f00                TIM1_BRK_IRQHandler
                0x0000000000001f02                TIM1_UP_IRQHandler
                0x0000000000001f04                TIM1_TRG_COM_IRQHandler
                0x0000000000001f06                TIM1_CC_IRQHandler
                0x0000000000001f08                TIM2_IRQHandler
                0x0000000000001f0c                TIM4_IRQHandler
                0x0000000000001f0e                I2C1_EV_IRQHandler
                0x0000000000001f10                I2C1_ER_IRQHandler
                0x0000000000001f12                I2C2_EV_IRQHandler
                0x0000000000001f14                I2C2_ER_IRQHandler
                0x0000000000001f16                SPI1_IRQHandler
                0x0000000000001f18                SPI2_IRQHandler
                0x0000000000001f1a                USART1_IRQHandler
                0x0000000000001f1c                USART2_IRQHandler
                0x0000000000001f1e                USART3_IRQHandler
                0x0000000000001f20                EXTI15_10_IRQHandler
                0x0000000000001f22                RTCAlarm_IRQHandler
                0x0000000000001f24                USBWakeUp_IRQHandler
                0x0000000000001f26                TIM8_BRK_IRQHandler
                0x0000000000001f28                TIM8_UP_IRQHandler
                0x0000000000001f2a                TIM8_TRG_COM_IRQHandler
                0x0000000000001f2c                TIM8_CC_IRQHandler
                0x0000000000001f2e                RNG_IRQHandler
                0x0000000000001f30                FSMC_IRQHandler
                0x0000000000001f32                SDIO_IRQHandler
                0x0000000000001f34                TIM5_IRQHandler
                0x0000000000001f36                SPI3_IRQHandler
                0x0000000000001f38                UART4_IRQHandler
                0x0000000000001f3a                UART5_IRQHandler
                0x0000000000001f3c                TIM6_IRQHandler
                0x0000000000001f3e                TIM7_IRQHandler
                0x0000000000001f40                DMA2_Channel1_IRQHandler
                0x0000000000001f42                DMA2_Channel2_IRQHandler
                0x0000000000001f44                DMA2_Channel3_IRQHandler
                0x0000000000001f46                DMA2_Channel4_IRQHandler
                0x0000000000001f48                DMA2_Channel5_IRQHandler
                0x0000000000001f4a                ETH_IRQHandler
                0x0000000000001f4c                ETH_WKUP_IRQHandler
                0x0000000000001f4e                CAN2_TX_IRQHandler
                0x0000000000001f50                CAN2_RX0_IRQHandler
                0x0000000000001f52                CAN2_RX1_IRQHandler
                0x0000000000001f54                CAN2_SCE_IRQHandler
                0x0000000000001f56                OTG_FS_IRQHandler
                0x0000000000001f58                USBHSWakeup_IRQHandler
                0x0000000000001f5a                USBHS_IRQHandler
                0x0000000000001f5c                DVP_IRQHandler
                0x0000000000001f5e                UART6_IRQHandler
                0x0000000000001f60                UART7_IRQHandler
                0x0000000000001f62                UART8_IRQHandler
                0x0000000000001f64                TIM9_BRK_IRQHandler
                0x0000000000001f66                TIM9_UP_IRQHandler
                0x0000000000001f68                TIM9_TRG_COM_IRQHandler
                0x0000000000001f6a                TIM9_CC_IRQHandler
                0x0000000000001f6c                TIM10_BRK_IRQHandler
                0x0000000000001f6e                TIM10_UP_IRQHandler
                0x0000000000001f70                TIM10_TRG_COM_IRQHandler
                0x0000000000001f72                TIM10_CC_IRQHandler
                0x0000000000001f74                DMA2_Channel6_IRQHandler
                0x0000000000001f76                DMA2_Channel7_IRQHandler
                0x0000000000001f78                DMA2_Channel8_IRQHandler
                0x0000000000001f7a                DMA2_Channel9_IRQHandler
                0x0000000000001f7c                DMA2_Channel10_IRQHandler
                0x0000000000001f7e                DMA2_Channel11_IRQHandler
 .text.handle_reset
                0x0000000000001f80       0x8a ./Startup/startup_ch32v30x_D8C.o
                0x0000000000001f80                handle_reset
 .text.GPIO_Init
                0x000000000000200a       0xc0 ./Peripheral/src/ch32v30x_gpio.o
                0x000000000000200a                GPIO_Init
 .text.GPIO_StructInit
                0x00000000000020ca        0xe ./Peripheral/src/ch32v30x_gpio.o
                0x00000000000020ca                GPIO_StructInit
 .text.GPIO_WriteBit
                0x00000000000020d8        0xa ./Peripheral/src/ch32v30x_gpio.o
                0x00000000000020d8                GPIO_WriteBit
 .text.GPIO_PinRemapConfig
                0x00000000000020e2       0xd6 ./Peripheral/src/ch32v30x_gpio.o
                0x00000000000020e2                GPIO_PinRemapConfig
 .text.RCC_APB2PeriphClockCmd
                0x00000000000021b8       0x1e ./Peripheral/src/ch32v30x_rcc.o
                0x00000000000021b8                RCC_APB2PeriphClockCmd
 .text.RCC_APB1PeriphClockCmd
                0x00000000000021d6       0x1e ./Peripheral/src/ch32v30x_rcc.o
                0x00000000000021d6                RCC_APB1PeriphClockCmd
 .text.RCC_APB2PeriphResetCmd
                0x00000000000021f4       0x1e ./Peripheral/src/ch32v30x_rcc.o
                0x00000000000021f4                RCC_APB2PeriphResetCmd
 .text.RCC_APB1PeriphResetCmd
                0x0000000000002212       0x1e ./Peripheral/src/ch32v30x_rcc.o
                0x0000000000002212                RCC_APB1PeriphResetCmd
 .text.SPI_I2S_DeInit
                0x0000000000002230       0x4a ./Peripheral/src/ch32v30x_spi.o
                0x0000000000002230                SPI_I2S_DeInit
 .text.SPI_Init
                0x000000000000227a       0x3e ./Peripheral/src/ch32v30x_spi.o
                0x000000000000227a                SPI_Init
 .text.SPI_Cmd  0x00000000000022b8       0x1a ./Peripheral/src/ch32v30x_spi.o
                0x00000000000022b8                SPI_Cmd
 .text.TI1_Config
                0x00000000000022d2       0x82 ./Peripheral/src/ch32v30x_tim.o
 .text.TI2_Config
                0x0000000000002354       0x9a ./Peripheral/src/ch32v30x_tim.o
 .text.TIM_TimeBaseInit
                0x00000000000023ee       0xaa ./Peripheral/src/ch32v30x_tim.o
                0x00000000000023ee                TIM_TimeBaseInit
 .text.TIM_OC1Init
                0x0000000000002498       0x82 ./Peripheral/src/ch32v30x_tim.o
                0x0000000000002498                TIM_OC1Init
 .text.TIM_OC2Init
                0x000000000000251a       0xae ./Peripheral/src/ch32v30x_tim.o
                0x000000000000251a                TIM_OC2Init
 .text.TIM_OC3Init
                0x00000000000025c8       0xac ./Peripheral/src/ch32v30x_tim.o
                0x00000000000025c8                TIM_OC3Init
 .text.TIM_TimeBaseStructInit
                0x0000000000002674       0x16 ./Peripheral/src/ch32v30x_tim.o
                0x0000000000002674                TIM_TimeBaseStructInit
 .text.TIM_OCStructInit
                0x000000000000268a       0x22 ./Peripheral/src/ch32v30x_tim.o
                0x000000000000268a                TIM_OCStructInit
 .text.TIM_Cmd  0x00000000000026ac       0x18 ./Peripheral/src/ch32v30x_tim.o
                0x00000000000026ac                TIM_Cmd
 .text.TIM_CtrlPWMOutputs
                0x00000000000026c4       0x16 ./Peripheral/src/ch32v30x_tim.o
                0x00000000000026c4                TIM_CtrlPWMOutputs
 .text.TIM_ITConfig
                0x00000000000026da       0x12 ./Peripheral/src/ch32v30x_tim.o
                0x00000000000026da                TIM_ITConfig
 .text.TIM_EncoderInterfaceConfig
                0x00000000000026ec       0x3c ./Peripheral/src/ch32v30x_tim.o
                0x00000000000026ec                TIM_EncoderInterfaceConfig
 .text.TIM_ARRPreloadConfig
                0x0000000000002728       0x1a ./Peripheral/src/ch32v30x_tim.o
                0x0000000000002728                TIM_ARRPreloadConfig
 .text.TIM_OC1PreloadConfig
                0x0000000000002742        0xe ./Peripheral/src/ch32v30x_tim.o
                0x0000000000002742                TIM_OC1PreloadConfig
 .text.TIM_OC2PreloadConfig
                0x0000000000002750       0x16 ./Peripheral/src/ch32v30x_tim.o
                0x0000000000002750                TIM_OC2PreloadConfig
 .text.TIM_OC3PreloadConfig
                0x0000000000002766        0xe ./Peripheral/src/ch32v30x_tim.o
                0x0000000000002766                TIM_OC3PreloadConfig
 .text.TIM_SetCounter
                0x0000000000002774        0x4 ./Peripheral/src/ch32v30x_tim.o
                0x0000000000002774                TIM_SetCounter
 .text.TIM_SetCompare1
                0x0000000000002778        0x4 ./Peripheral/src/ch32v30x_tim.o
                0x0000000000002778                TIM_SetCompare1
 .text.TIM_SetCompare2
                0x000000000000277c        0x4 ./Peripheral/src/ch32v30x_tim.o
                0x000000000000277c                TIM_SetCompare2
 .text.TIM_SetCompare3
                0x0000000000002780        0x4 ./Peripheral/src/ch32v30x_tim.o
                0x0000000000002780                TIM_SetCompare3
 .text.TIM_SetIC1Prescaler
                0x0000000000002784       0x16 ./Peripheral/src/ch32v30x_tim.o
                0x0000000000002784                TIM_SetIC1Prescaler
 .text.TIM_SetIC2Prescaler
                0x000000000000279a       0x1a ./Peripheral/src/ch32v30x_tim.o
                0x000000000000279a                TIM_SetIC2Prescaler
 .text.TIM_SetIC3Prescaler
                0x00000000000027b4       0x16 ./Peripheral/src/ch32v30x_tim.o
                0x00000000000027b4                TIM_SetIC3Prescaler
 .text.TIM_SetIC4Prescaler
                0x00000000000027ca       0x1a ./Peripheral/src/ch32v30x_tim.o
                0x00000000000027ca                TIM_SetIC4Prescaler
 .text.TIM_ICInit
                0x00000000000027e4      0x1a0 ./Peripheral/src/ch32v30x_tim.o
                0x00000000000027e4                TIM_ICInit
 .text.TIM_GetCounter
                0x0000000000002984        0x4 ./Peripheral/src/ch32v30x_tim.o
                0x0000000000002984                TIM_GetCounter
 .text.TIM_ClearFlag
                0x0000000000002988        0xc ./Peripheral/src/ch32v30x_tim.o
                0x0000000000002988                TIM_ClearFlag
 .text.TIM_ClearITPendingBit
                0x0000000000002994        0xc ./Peripheral/src/ch32v30x_tim.o
                0x0000000000002994                TIM_ClearITPendingBit
 .text.USART_SendData
                0x00000000000029a0        0x8 ./Peripheral/src/ch32v30x_usart.o
                0x00000000000029a0                USART_SendData
 .text.USART_GetFlagStatus
                0x00000000000029a8        0xa ./Peripheral/src/ch32v30x_usart.o
                0x00000000000029a8                USART_GetFlagStatus
 .text.PID_init
                0x00000000000029b2       0x2e ./Hardware/CONTROL.o
                0x00000000000029b2                PID_init
 .text.MON_Control
                0x00000000000029e0       0x22 ./Hardware/CONTROL.o
                0x00000000000029e0                MON_Control
 .text.PID_sRing
                0x0000000000002a02       0x2e ./Hardware/CONTROL.o
                0x0000000000002a02                PID_sRing
 .text.PID_vRing
                0x0000000000002a30       0x34 ./Hardware/CONTROL.o
                0x0000000000002a30                PID_vRing
 .text.TIM3_IRQHandler
                0x0000000000002a64       0x76 ./Hardware/CONTROL.o
                0x0000000000002a64                TIM3_IRQHandler
 .text.ENCODER_A_init
                0x0000000000002ada       0xc0 ./Hardware/ENCODER.o
                0x0000000000002ada                ENCODER_A_init
 .text.ENCODER_B_init
                0x0000000000002b9a       0xb2 ./Hardware/ENCODER.o
                0x0000000000002b9a                ENCODER_B_init
 .text.READ_SPEED
                0x0000000000002c4c       0x3a ./Hardware/ENCODER.o
                0x0000000000002c4c                READ_SPEED
 .text.MONLCD_ENCO
                0x0000000000002c86       0x3a ./Hardware/MONLCD.o
                0x0000000000002c86                MONLCD_ENCO
 .text.MONLCD_MPU
                0x0000000000002cc0       0x28 ./Hardware/MONLCD.o
                0x0000000000002cc0                MONLCD_MPU
 .text.MONLCD_RING
                0x0000000000002ce8       0x3c ./Hardware/MONLCD.o
                0x0000000000002ce8                MONLCD_RING
 .text.MOTOR_DC_A_SPEED
                0x0000000000002d24        0xa ./Hardware/MOTOR.o
                0x0000000000002d24                MOTOR_DC_A_SPEED
 .text.MOTOR_DC_B_SPEED
                0x0000000000002d2e        0xa ./Hardware/MOTOR.o
                0x0000000000002d2e                MOTOR_DC_B_SPEED
 .text.PWM_TIM4_Init
                0x0000000000002d38       0xca ./Hardware/PWM.o
                0x0000000000002d38                PWM_TIM4_Init
 .text.PWM_TIM8_Init
                0x0000000000002e02       0xba ./Hardware/PWM.o
                0x0000000000002e02                PWM_TIM8_Init
 .text.PWM_CRR_TIM4
                0x0000000000002ebc       0x64 ./Hardware/PWM.o
                0x0000000000002ebc                PWM_CRR_TIM4
 .text.PWM_CRR_TIM8
                0x0000000000002f20       0x62 ./Hardware/PWM.o
                0x0000000000002f20                PWM_CRR_TIM8
 .text.SetPosiPidParm
                0x0000000000002f82       0x50 ./Hardware/pid.o
                0x0000000000002f82                SetPosiPidParm
 .text.CalcPosiPidOut
                0x0000000000002fd2       0x82 ./Hardware/pid.o
                0x0000000000002fd2                CalcPosiPidOut
 .text.SetPosiPdParm
                0x0000000000003054       0x3a ./Hardware/pid.o
                0x0000000000003054                SetPosiPdParm
 .text.CalcPosiPdOut
                0x000000000000308e       0x5e ./Hardware/pid.o
                0x000000000000308e                CalcPosiPdOut
 .text.atan2    0x00000000000030ec        0x2 h:/mounriver_studio/toolchain/risc-v embedded gcc/bin/../lib/gcc/riscv-none-embed/8.2.0/../../../../riscv-none-embed/lib/rv32imacxw/ilp32\libm.a(lib_a-w_atan2.o)
                0x00000000000030ec                atan2
 .text.__ieee754_atan2
                0x00000000000030ee      0x1dc h:/mounriver_studio/toolchain/risc-v embedded gcc/bin/../lib/gcc/riscv-none-embed/8.2.0/../../../../riscv-none-embed/lib/rv32imacxw/ilp32\libm.a(lib_a-e_atan2.o)
                0x00000000000030ee                __ieee754_atan2
 .text.atan     0x00000000000032ca      0x324 h:/mounriver_studio/toolchain/risc-v embedded gcc/bin/../lib/gcc/riscv-none-embed/8.2.0/../../../../riscv-none-embed/lib/rv32imacxw/ilp32\libm.a(lib_a-s_atan.o)
                0x00000000000032ca                atan
 .text.fabs     0x00000000000035ee        0x6 h:/mounriver_studio/toolchain/risc-v embedded gcc/bin/../lib/gcc/riscv-none-embed/8.2.0/../../../../riscv-none-embed/lib/rv32imacxw/ilp32\libm.a(lib_a-s_fabs.o)
                0x00000000000035ee                fabs
 .text.__adddf3
                0x00000000000035f4      0x730 h:/mounriver_studio/toolchain/risc-v embedded gcc/bin/../lib/gcc/riscv-none-embed/8.2.0/rv32imacxw/ilp32\libgcc.a(adddf3.o)
                0x00000000000035f4                __adddf3
 .text.__divdf3
                0x0000000000003d24      0x5b4 h:/mounriver_studio/toolchain/risc-v embedded gcc/bin/../lib/gcc/riscv-none-embed/8.2.0/rv32imacxw/ilp32\libgcc.a(divdf3.o)
                0x0000000000003d24                __divdf3
 .text.__gedf2  0x00000000000042d8       0xae h:/mounriver_studio/toolchain/risc-v embedded gcc/bin/../lib/gcc/riscv-none-embed/8.2.0/rv32imacxw/ilp32\libgcc.a(gedf2.o)
                0x00000000000042d8                __gedf2
                0x00000000000042d8                __gtdf2
 .text.__muldf3
                0x0000000000004386      0x4b8 h:/mounriver_studio/toolchain/risc-v embedded gcc/bin/../lib/gcc/riscv-none-embed/8.2.0/rv32imacxw/ilp32\libgcc.a(muldf3.o)
                0x0000000000004386                __muldf3
 .text.__subdf3
                0x000000000000483e      0x73e h:/mounriver_studio/toolchain/risc-v embedded gcc/bin/../lib/gcc/riscv-none-embed/8.2.0/rv32imacxw/ilp32\libgcc.a(subdf3.o)
                0x000000000000483e                __subdf3
 .text.__addsf3
                0x0000000000004f7c      0x36a h:/mounriver_studio/toolchain/risc-v embedded gcc/bin/../lib/gcc/riscv-none-embed/8.2.0/rv32imacxw/ilp32\libgcc.a(addsf3.o)
                0x0000000000004f7c                __addsf3
 .text.__divsf3
                0x00000000000052e6      0x2b2 h:/mounriver_studio/toolchain/risc-v embedded gcc/bin/../lib/gcc/riscv-none-embed/8.2.0/rv32imacxw/ilp32\libgcc.a(divsf3.o)
                0x00000000000052e6                __divsf3
 .text.__eqsf2  0x0000000000005598       0x5c h:/mounriver_studio/toolchain/risc-v embedded gcc/bin/../lib/gcc/riscv-none-embed/8.2.0/rv32imacxw/ilp32\libgcc.a(eqsf2.o)
                0x0000000000005598                __eqsf2
                0x0000000000005598                __nesf2
 .text.__gesf2  0x00000000000055f4       0x86 h:/mounriver_studio/toolchain/risc-v embedded gcc/bin/../lib/gcc/riscv-none-embed/8.2.0/rv32imacxw/ilp32\libgcc.a(gesf2.o)
                0x00000000000055f4                __gesf2
                0x00000000000055f4                __gtsf2
 .text.__lesf2  0x000000000000567a       0x8c h:/mounriver_studio/toolchain/risc-v embedded gcc/bin/../lib/gcc/riscv-none-embed/8.2.0/rv32imacxw/ilp32\libgcc.a(lesf2.o)
                0x000000000000567a                __ltsf2
                0x000000000000567a                __lesf2
 .text.__mulsf3
                0x0000000000005706      0x294 h:/mounriver_studio/toolchain/risc-v embedded gcc/bin/../lib/gcc/riscv-none-embed/8.2.0/rv32imacxw/ilp32\libgcc.a(mulsf3.o)
                0x0000000000005706                __mulsf3
 .text.__subsf3
                0x000000000000599a      0x388 h:/mounriver_studio/toolchain/risc-v embedded gcc/bin/../lib/gcc/riscv-none-embed/8.2.0/rv32imacxw/ilp32\libgcc.a(subsf3.o)
                0x000000000000599a                __subsf3
 .text.__fixsfsi
                0x0000000000005d22       0x62 h:/mounriver_studio/toolchain/risc-v embedded gcc/bin/../lib/gcc/riscv-none-embed/8.2.0/rv32imacxw/ilp32\libgcc.a(fixsfsi.o)
                0x0000000000005d22                __fixsfsi
 .text.__floatsisf
                0x0000000000005d84       0xc6 h:/mounriver_studio/toolchain/risc-v embedded gcc/bin/../lib/gcc/riscv-none-embed/8.2.0/rv32imacxw/ilp32\libgcc.a(floatsisf.o)
                0x0000000000005d84                __floatsisf
 .text.__extendsfdf2
                0x0000000000005e4a       0xac h:/mounriver_studio/toolchain/risc-v embedded gcc/bin/../lib/gcc/riscv-none-embed/8.2.0/rv32imacxw/ilp32\libgcc.a(extendsfdf2.o)
                0x0000000000005e4a                __extendsfdf2
 .text.__truncdfsf2
                0x0000000000005ef6      0x16a h:/mounriver_studio/toolchain/risc-v embedded gcc/bin/../lib/gcc/riscv-none-embed/8.2.0/rv32imacxw/ilp32\libgcc.a(truncdfsf2.o)
                0x0000000000005ef6                __truncdfsf2
 .text.__clzsi2
                0x0000000000006060       0x6e h:/mounriver_studio/toolchain/risc-v embedded gcc/bin/../lib/gcc/riscv-none-embed/8.2.0/rv32imacxw/ilp32\libgcc.a(_clzsi2.o)
                0x0000000000006060                __clzsi2
 .text.memcpy   0x00000000000060ce       0xb2 h:/mounriver_studio/toolchain/risc-v embedded gcc/bin/../lib/gcc/riscv-none-embed/8.2.0/../../../../riscv-none-embed/lib/rv32imacxw/ilp32\libg_nano.a(lib_a-memcpy.o)
                0x00000000000060ce                memcpy
 .text.printf   0x0000000000006180       0x3e h:/mounriver_studio/toolchain/risc-v embedded gcc/bin/../lib/gcc/riscv-none-embed/8.2.0/../../../../riscv-none-embed/lib/rv32imacxw/ilp32\libg_nano.a(lib_a-printf.o)
                0x0000000000006180                iprintf
                0x0000000000006180                printf
 .text.sprintf  0x00000000000061be       0x44 h:/mounriver_studio/toolchain/risc-v embedded gcc/bin/../lib/gcc/riscv-none-embed/8.2.0/../../../../riscv-none-embed/lib/rv32imacxw/ilp32\libg_nano.a(lib_a-sprintf.o)
                0x00000000000061be                siprintf
                0x00000000000061be                sprintf
 .text.strlen   0x0000000000006202       0x12 h:/mounriver_studio/toolchain/risc-v embedded gcc/bin/../lib/gcc/riscv-none-embed/8.2.0/../../../../riscv-none-embed/lib/rv32imacxw/ilp32\libg_nano.a(lib_a-strlen.o)
                0x0000000000006202                strlen
 .text.std      0x0000000000006214       0x66 h:/mounriver_studio/toolchain/risc-v embedded gcc/bin/../lib/gcc/riscv-none-embed/8.2.0/../../../../riscv-none-embed/lib/rv32imacxw/ilp32\libg_nano.a(lib_a-findfp.o)
 .text._cleanup_r
                0x000000000000627a        0xa h:/mounriver_studio/toolchain/risc-v embedded gcc/bin/../lib/gcc/riscv-none-embed/8.2.0/../../../../riscv-none-embed/lib/rv32imacxw/ilp32\libg_nano.a(lib_a-findfp.o)
                0x000000000000627a                _cleanup_r
 .text.__sfmoreglue
                0x0000000000006284       0x46 h:/mounriver_studio/toolchain/risc-v embedded gcc/bin/../lib/gcc/riscv-none-embed/8.2.0/../../../../riscv-none-embed/lib/rv32imacxw/ilp32\libg_nano.a(lib_a-findfp.o)
                0x0000000000006284                __sfmoreglue
 .text.__sinit  0x00000000000062ca       0x6c h:/mounriver_studio/toolchain/risc-v embedded gcc/bin/../lib/gcc/riscv-none-embed/8.2.0/../../../../riscv-none-embed/lib/rv32imacxw/ilp32\libg_nano.a(lib_a-findfp.o)
                0x00000000000062ca                __sinit
 .text.__sfp    0x0000000000006336       0xa0 h:/mounriver_studio/toolchain/risc-v embedded gcc/bin/../lib/gcc/riscv-none-embed/8.2.0/../../../../riscv-none-embed/lib/rv32imacxw/ilp32\libg_nano.a(lib_a-findfp.o)
                0x0000000000006336                __sfp
 .text._fwalk_reent
                0x00000000000063d6       0x6a h:/mounriver_studio/toolchain/risc-v embedded gcc/bin/../lib/gcc/riscv-none-embed/8.2.0/../../../../riscv-none-embed/lib/rv32imacxw/ilp32\libg_nano.a(lib_a-fwalk.o)
                0x00000000000063d6                _fwalk_reent
 .text._malloc_r
                0x0000000000006440       0xda h:/mounriver_studio/toolchain/risc-v embedded gcc/bin/../lib/gcc/riscv-none-embed/8.2.0/../../../../riscv-none-embed/lib/rv32imacxw/ilp32\libg_nano.a(lib_a-nano-mallocr.o)
                0x0000000000006440                _malloc_r
 .text.__ssputs_r
                0x000000000000651a       0xe4 h:/mounriver_studio/toolchain/risc-v embedded gcc/bin/../lib/gcc/riscv-none-embed/8.2.0/../../../../riscv-none-embed/lib/rv32imacxw/ilp32\libg_nano.a(lib_a-nano-svfprintf.o)
                0x000000000000651a                __ssputs_r
 .text._svfprintf_r
                0x00000000000065fe      0x26a h:/mounriver_studio/toolchain/risc-v embedded gcc/bin/../lib/gcc/riscv-none-embed/8.2.0/../../../../riscv-none-embed/lib/rv32imacxw/ilp32\libg_nano.a(lib_a-nano-svfprintf.o)
                0x00000000000065fe                _svfiprintf_r
                0x00000000000065fe                _svfprintf_r
 .text.__sfputc_r
                0x0000000000006868       0x26 h:/mounriver_studio/toolchain/risc-v embedded gcc/bin/../lib/gcc/riscv-none-embed/8.2.0/../../../../riscv-none-embed/lib/rv32imacxw/ilp32\libg_nano.a(lib_a-nano-vfprintf.o)
 .text.__sfputs_r
                0x000000000000688e       0x42 h:/mounriver_studio/toolchain/risc-v embedded gcc/bin/../lib/gcc/riscv-none-embed/8.2.0/../../../../riscv-none-embed/lib/rv32imacxw/ilp32\libg_nano.a(lib_a-nano-vfprintf.o)
                0x000000000000688e                __sfputs_r
 .text._vfprintf_r
                0x00000000000068d0      0x28c h:/mounriver_studio/toolchain/risc-v embedded gcc/bin/../lib/gcc/riscv-none-embed/8.2.0/../../../../riscv-none-embed/lib/rv32imacxw/ilp32\libg_nano.a(lib_a-nano-vfprintf.o)
                0x00000000000068d0                _vfprintf_r
                0x00000000000068d0                _vfiprintf_r
 .text._printf_common
                0x0000000000006b5c      0x10c h:/mounriver_studio/toolchain/risc-v embedded gcc/bin/../lib/gcc/riscv-none-embed/8.2.0/../../../../riscv-none-embed/lib/rv32imacxw/ilp32\libg_nano.a(lib_a-nano-vfprintf_i.o)
                0x0000000000006b5c                _printf_common
 .text._printf_i
                0x0000000000006c68      0x2a2 h:/mounriver_studio/toolchain/risc-v embedded gcc/bin/../lib/gcc/riscv-none-embed/8.2.0/../../../../riscv-none-embed/lib/rv32imacxw/ilp32\libg_nano.a(lib_a-nano-vfprintf_i.o)
                0x0000000000006c68                _printf_i
 .text._sbrk_r  0x0000000000006f0a       0x2a h:/mounriver_studio/toolchain/risc-v embedded gcc/bin/../lib/gcc/riscv-none-embed/8.2.0/../../../../riscv-none-embed/lib/rv32imacxw/ilp32\libg_nano.a(lib_a-sbrkr.o)
                0x0000000000006f0a                _sbrk_r
 .text.__sread  0x0000000000006f34       0x2c h:/mounriver_studio/toolchain/risc-v embedded gcc/bin/../lib/gcc/riscv-none-embed/8.2.0/../../../../riscv-none-embed/lib/rv32imacxw/ilp32\libg_nano.a(lib_a-stdio.o)
                0x0000000000006f34                __sread
 .text.__swrite
                0x0000000000006f60       0x48 h:/mounriver_studio/toolchain/risc-v embedded gcc/bin/../lib/gcc/riscv-none-embed/8.2.0/../../../../riscv-none-embed/lib/rv32imacxw/ilp32\libg_nano.a(lib_a-stdio.o)
                0x0000000000006f60                __swrite
 .text.__sseek  0x0000000000006fa8       0x30 h:/mounriver_studio/toolchain/risc-v embedded gcc/bin/../lib/gcc/riscv-none-embed/8.2.0/../../../../riscv-none-embed/lib/rv32imacxw/ilp32\libg_nano.a(lib_a-stdio.o)
                0x0000000000006fa8                __sseek
 .text.__sclose
                0x0000000000006fd8        0x6 h:/mounriver_studio/toolchain/risc-v embedded gcc/bin/../lib/gcc/riscv-none-embed/8.2.0/../../../../riscv-none-embed/lib/rv32imacxw/ilp32\libg_nano.a(lib_a-stdio.o)
                0x0000000000006fd8                __sclose
 .text.__swbuf_r
                0x0000000000006fde       0xbe h:/mounriver_studio/toolchain/risc-v embedded gcc/bin/../lib/gcc/riscv-none-embed/8.2.0/../../../../riscv-none-embed/lib/rv32imacxw/ilp32\libg_nano.a(lib_a-wbuf.o)
                0x0000000000006fde                __swbuf_r
 .text._write_r
                0x000000000000709c       0x2e h:/mounriver_studio/toolchain/risc-v embedded gcc/bin/../lib/gcc/riscv-none-embed/8.2.0/../../../../riscv-none-embed/lib/rv32imacxw/ilp32\libg_nano.a(lib_a-writer.o)
                0x000000000000709c                _write_r
 .text.__swsetup_r
                0x00000000000070ca       0xfe h:/mounriver_studio/toolchain/risc-v embedded gcc/bin/../lib/gcc/riscv-none-embed/8.2.0/../../../../riscv-none-embed/lib/rv32imacxw/ilp32\libg_nano.a(lib_a-wsetup.o)
                0x00000000000070ca                __swsetup_r
 .text._close_r
                0x00000000000071c8       0x28 h:/mounriver_studio/toolchain/risc-v embedded gcc/bin/../lib/gcc/riscv-none-embed/8.2.0/../../../../riscv-none-embed/lib/rv32imacxw/ilp32\libg_nano.a(lib_a-closer.o)
                0x00000000000071c8                _close_r
 .text.__sflush_r
                0x00000000000071f0      0x130 h:/mounriver_studio/toolchain/risc-v embedded gcc/bin/../lib/gcc/riscv-none-embed/8.2.0/../../../../riscv-none-embed/lib/rv32imacxw/ilp32\libg_nano.a(lib_a-fflush.o)
                0x00000000000071f0                __sflush_r
 .text._fflush_r
                0x0000000000007320       0x68 h:/mounriver_studio/toolchain/risc-v embedded gcc/bin/../lib/gcc/riscv-none-embed/8.2.0/../../../../riscv-none-embed/lib/rv32imacxw/ilp32\libg_nano.a(lib_a-fflush.o)
                0x0000000000007320                _fflush_r
 .text._lseek_r
                0x0000000000007388       0x2c h:/mounriver_studio/toolchain/risc-v embedded gcc/bin/../lib/gcc/riscv-none-embed/8.2.0/../../../../riscv-none-embed/lib/rv32imacxw/ilp32\libg_nano.a(lib_a-lseekr.o)
                0x0000000000007388                _lseek_r
 .text.__swhatbuf_r
                0x00000000000073b4       0x56 h:/mounriver_studio/toolchain/risc-v embedded gcc/bin/../lib/gcc/riscv-none-embed/8.2.0/../../../../riscv-none-embed/lib/rv32imacxw/ilp32\libg_nano.a(lib_a-makebuf.o)
                0x00000000000073b4                __swhatbuf_r
 .text.__smakebuf_r
                0x000000000000740a       0x92 h:/mounriver_studio/toolchain/risc-v embedded gcc/bin/../lib/gcc/riscv-none-embed/8.2.0/../../../../riscv-none-embed/lib/rv32imacxw/ilp32\libg_nano.a(lib_a-makebuf.o)
                0x000000000000740a                __smakebuf_r
 .text.memchr   0x000000000000749c       0x18 h:/mounriver_studio/toolchain/risc-v embedded gcc/bin/../lib/gcc/riscv-none-embed/8.2.0/../../../../riscv-none-embed/lib/rv32imacxw/ilp32\libg_nano.a(lib_a-memchr.o)
                0x000000000000749c                memchr
 .text.memmove  0x00000000000074b4       0x46 h:/mounriver_studio/toolchain/risc-v embedded gcc/bin/../lib/gcc/riscv-none-embed/8.2.0/../../../../riscv-none-embed/lib/rv32imacxw/ilp32\libg_nano.a(lib_a-memmove.o)
                0x00000000000074b4                memmove
 .text.__malloc_lock
                0x00000000000074fa        0x2 h:/mounriver_studio/toolchain/risc-v embedded gcc/bin/../lib/gcc/riscv-none-embed/8.2.0/../../../../riscv-none-embed/lib/rv32imacxw/ilp32\libg_nano.a(lib_a-mlock.o)
                0x00000000000074fa                __malloc_lock
 .text.__malloc_unlock
                0x00000000000074fc        0x2 h:/mounriver_studio/toolchain/risc-v embedded gcc/bin/../lib/gcc/riscv-none-embed/8.2.0/../../../../riscv-none-embed/lib/rv32imacxw/ilp32\libg_nano.a(lib_a-mlock.o)
                0x00000000000074fc                __malloc_unlock
 .text._free_r  0x00000000000074fe       0xa8 h:/mounriver_studio/toolchain/risc-v embedded gcc/bin/../lib/gcc/riscv-none-embed/8.2.0/../../../../riscv-none-embed/lib/rv32imacxw/ilp32\libg_nano.a(lib_a-nano-freer.o)
                0x00000000000074fe                _free_r
 .text._realloc_r
                0x00000000000075a6       0x58 h:/mounriver_studio/toolchain/risc-v embedded gcc/bin/../lib/gcc/riscv-none-embed/8.2.0/../../../../riscv-none-embed/lib/rv32imacxw/ilp32\libg_nano.a(lib_a-nano-reallocr.o)
                0x00000000000075a6                _realloc_r
 .text._read_r  0x00000000000075fe       0x2c h:/mounriver_studio/toolchain/risc-v embedded gcc/bin/../lib/gcc/riscv-none-embed/8.2.0/../../../../riscv-none-embed/lib/rv32imacxw/ilp32\libg_nano.a(lib_a-readr.o)
                0x00000000000075fe                _read_r
 .text._fstat_r
                0x000000000000762a       0x2a h:/mounriver_studio/toolchain/risc-v embedded gcc/bin/../lib/gcc/riscv-none-embed/8.2.0/../../../../riscv-none-embed/lib/rv32imacxw/ilp32\libg_nano.a(lib_a-fstatr.o)
                0x000000000000762a                _fstat_r
 .text._isatty_r
                0x0000000000007654       0x28 h:/mounriver_studio/toolchain/risc-v embedded gcc/bin/../lib/gcc/riscv-none-embed/8.2.0/../../../../riscv-none-embed/lib/rv32imacxw/ilp32\libg_nano.a(lib_a-isattyr.o)
                0x0000000000007654                _isatty_r
 .text._malloc_usable_size_r
                0x000000000000767c       0x14 h:/mounriver_studio/toolchain/risc-v embedded gcc/bin/../lib/gcc/riscv-none-embed/8.2.0/../../../../riscv-none-embed/lib/rv32imacxw/ilp32\libg_nano.a(lib_a-nano-msizer.o)
                0x000000000000767c                _malloc_usable_size_r
 .text._close   0x0000000000007690        0xc h:/mounriver_studio/toolchain/risc-v embedded gcc/bin/../lib/gcc/riscv-none-embed/8.2.0/../../../../riscv-none-embed/lib/rv32imacxw/ilp32\libnosys.a(close.o)
                0x0000000000007690                _close
 .text._fstat   0x000000000000769c        0xc h:/mounriver_studio/toolchain/risc-v embedded gcc/bin/../lib/gcc/riscv-none-embed/8.2.0/../../../../riscv-none-embed/lib/rv32imacxw/ilp32\libnosys.a(fstat.o)
                0x000000000000769c                _fstat
 .text._isatty  0x00000000000076a8        0xc h:/mounriver_studio/toolchain/risc-v embedded gcc/bin/../lib/gcc/riscv-none-embed/8.2.0/../../../../riscv-none-embed/lib/rv32imacxw/ilp32\libnosys.a(isatty.o)
                0x00000000000076a8                _isatty
 .text._lseek   0x00000000000076b4        0xc h:/mounriver_studio/toolchain/risc-v embedded gcc/bin/../lib/gcc/riscv-none-embed/8.2.0/../../../../riscv-none-embed/lib/rv32imacxw/ilp32\libnosys.a(lseek.o)
                0x00000000000076b4                _lseek
 .text._read    0x00000000000076c0        0xc h:/mounriver_studio/toolchain/risc-v embedded gcc/bin/../lib/gcc/riscv-none-embed/8.2.0/../../../../riscv-none-embed/lib/rv32imacxw/ilp32\libnosys.a(read.o)
                0x00000000000076c0                _read
 .text._sbrk    0x00000000000076cc       0x20 h:/mounriver_studio/toolchain/risc-v embedded gcc/bin/../lib/gcc/riscv-none-embed/8.2.0/../../../../riscv-none-embed/lib/rv32imacxw/ilp32\libnosys.a(sbrk.o)
                0x00000000000076cc                _sbrk
 *(.rodata)
 *(.rodata*)
 *fill*         0x00000000000076ec        0x0 
 .rodata.debug_log_handler.str1.4
                0x00000000000076ec       0x25 ./zf/zf_common_debug.o
 *fill*         0x0000000000007711        0x3 
 .rodata.debug_output.str1.4
                0x0000000000007714       0x56 ./zf/zf_common_debug.o
 *fill*         0x000000000000776a        0x2 
 .rodata.oled_6x8
                0x000000000000776c      0x228 ./zf/zf_common_font.o
                0x000000000000776c                oled_6x8
 .rodata.str_to_float.cst4
                0x0000000000007994        0x4 ./zf/zf_common_function.o
 .rodata.Get_Angle.cst4
                0x0000000000007998        0x8 ./zf/zf_device_mpu6050.o
 *fill*         0x00000000000079a0        0x0 
 .rodata.Get_Angle.cst8
                0x00000000000079a0       0x18 ./zf/zf_device_mpu6050.o
 .rodata.mpu6050_init.str1.4
                0x00000000000079b8       0x36 ./zf/zf_device_mpu6050.o
 *fill*         0x00000000000079ee        0x2 
 .rodata.tft180_set_region.str1.4
                0x00000000000079f0       0x19 ./zf/zf_device_tft180.o
 *fill*         0x0000000000007a09        0x3 
 .rodata.tft180_show_float.cst4
                0x0000000000007a0c        0x4 ./zf/zf_device_tft180.o
                                          0x8 (size before relaxing)
 .rodata.gpio_group
                0x0000000000007a10       0x14 ./zf/zf_driver_gpio.o
                0x0000000000007a10                gpio_group
 .rodata.spi_gpio_init.str1.4
                0x0000000000007a24       0x16 ./zf/zf_driver_spi.o
 *fill*         0x0000000000007a3a        0x2 
 .rodata.spi_index
                0x0000000000007a3c        0xc ./zf/zf_driver_spi.o
                0x0000000000007a3c                spi_index
 .rodata.uart_index
                0x0000000000007a48       0x20 ./zf/zf_driver_uart.o
                0x0000000000007a48                uart_index
 .rodata.main.str1.4
                0x0000000000007a68       0x54 ./User/main.o
 .rodata.PID_sRing.cst4
                0x0000000000007abc        0x4 ./Hardware/CONTROL.o
 .rodata.PID_vRing.cst4
                0x0000000000007ac0        0x4 ./Hardware/CONTROL.o
 .rodata.CalcPosiPidOut.cst4
                0x0000000000007ac4        0x4 ./Hardware/pid.o
 .rodata.__ieee754_atan2.cst8
                0x0000000000007ac8       0x50 h:/mounriver_studio/toolchain/risc-v embedded gcc/bin/../lib/gcc/riscv-none-embed/8.2.0/../../../../riscv-none-embed/lib/rv32imacxw/ilp32\libm.a(lib_a-e_atan2.o)
 .rodata.atan.cst8
                0x0000000000007b18       0x80 h:/mounriver_studio/toolchain/risc-v embedded gcc/bin/../lib/gcc/riscv-none-embed/8.2.0/../../../../riscv-none-embed/lib/rv32imacxw/ilp32\libm.a(lib_a-s_atan.o)
                                         0x90 (size before relaxing)
 .rodata.atanhi
                0x0000000000007b98       0x20 h:/mounriver_studio/toolchain/risc-v embedded gcc/bin/../lib/gcc/riscv-none-embed/8.2.0/../../../../riscv-none-embed/lib/rv32imacxw/ilp32\libm.a(lib_a-s_atan.o)
 .rodata.atanlo
                0x0000000000007bb8       0x20 h:/mounriver_studio/toolchain/risc-v embedded gcc/bin/../lib/gcc/riscv-none-embed/8.2.0/../../../../riscv-none-embed/lib/rv32imacxw/ilp32\libm.a(lib_a-s_atan.o)
 .rodata.__divdf3
                0x0000000000007bd8       0x40 h:/mounriver_studio/toolchain/risc-v embedded gcc/bin/../lib/gcc/riscv-none-embed/8.2.0/rv32imacxw/ilp32\libgcc.a(divdf3.o)
 .rodata.__muldf3
                0x0000000000007c18       0x40 h:/mounriver_studio/toolchain/risc-v embedded gcc/bin/../lib/gcc/riscv-none-embed/8.2.0/rv32imacxw/ilp32\libgcc.a(muldf3.o)
 .rodata.__divsf3
                0x0000000000007c58       0x80 h:/mounriver_studio/toolchain/risc-v embedded gcc/bin/../lib/gcc/riscv-none-embed/8.2.0/rv32imacxw/ilp32\libgcc.a(divsf3.o)
 .rodata.__mulsf3
                0x0000000000007cd8       0x40 h:/mounriver_studio/toolchain/risc-v embedded gcc/bin/../lib/gcc/riscv-none-embed/8.2.0/rv32imacxw/ilp32\libgcc.a(mulsf3.o)
 .rodata.__clz_tab
                0x0000000000007d18      0x100 h:/mounriver_studio/toolchain/risc-v embedded gcc/bin/../lib/gcc/riscv-none-embed/8.2.0/rv32imacxw/ilp32\libgcc.a(_clz.o)
                0x0000000000007d18                __clz_tab
 .rodata.__sf_fake_stderr
                0x0000000000007e18       0x20 h:/mounriver_studio/toolchain/risc-v embedded gcc/bin/../lib/gcc/riscv-none-embed/8.2.0/../../../../riscv-none-embed/lib/rv32imacxw/ilp32\libg_nano.a(lib_a-findfp.o)
                0x0000000000007e18                __sf_fake_stderr
 .rodata.__sf_fake_stdin
                0x0000000000007e38       0x20 h:/mounriver_studio/toolchain/risc-v embedded gcc/bin/../lib/gcc/riscv-none-embed/8.2.0/../../../../riscv-none-embed/lib/rv32imacxw/ilp32\libg_nano.a(lib_a-findfp.o)
                0x0000000000007e38                __sf_fake_stdin
 .rodata.__sf_fake_stdout
                0x0000000000007e58       0x20 h:/mounriver_studio/toolchain/risc-v embedded gcc/bin/../lib/gcc/riscv-none-embed/8.2.0/../../../../riscv-none-embed/lib/rv32imacxw/ilp32\libg_nano.a(lib_a-findfp.o)
                0x0000000000007e58                __sf_fake_stdout
 .rodata._svfprintf_r.str1.4
                0x0000000000007e78       0x13 h:/mounriver_studio/toolchain/risc-v embedded gcc/bin/../lib/gcc/riscv-none-embed/8.2.0/../../../../riscv-none-embed/lib/rv32imacxw/ilp32\libg_nano.a(lib_a-nano-svfprintf.o)
 .rodata._vfprintf_r.str1.4
                0x0000000000007e8b       0x13 h:/mounriver_studio/toolchain/risc-v embedded gcc/bin/../lib/gcc/riscv-none-embed/8.2.0/../../../../riscv-none-embed/lib/rv32imacxw/ilp32\libg_nano.a(lib_a-nano-vfprintf.o)
 *fill*         0x0000000000007e8b        0x1 
 .rodata._printf_i.str1.4
                0x0000000000007e8c       0x28 h:/mounriver_studio/toolchain/risc-v embedded gcc/bin/../lib/gcc/riscv-none-embed/8.2.0/../../../../riscv-none-embed/lib/rv32imacxw/ilp32\libg_nano.a(lib_a-nano-vfprintf_i.o)
                                         0x25 (size before relaxing)
 *(.gnu.linkonce.t.*)
                0x0000000000007eb4                . = ALIGN (0x4)

.rela.dyn       0x0000000000007eb4        0x0
 .rela.init     0x0000000000007eb4        0x0 ./zf/filter.o
 .rela.vector   0x0000000000007eb4        0x0 ./zf/filter.o
 .rela.text.handle_reset
                0x0000000000007eb4        0x0 ./zf/filter.o
 .rela.text._svfprintf_r
                0x0000000000007eb4        0x0 ./zf/filter.o
 .rela.text._vfprintf_r
                0x0000000000007eb4        0x0 ./zf/filter.o
 .rela.text._sbrk_r
                0x0000000000007eb4        0x0 ./zf/filter.o
 .rela.text._write_r
                0x0000000000007eb4        0x0 ./zf/filter.o
 .rela.text._close_r
                0x0000000000007eb4        0x0 ./zf/filter.o
 .rela.text._lseek_r
                0x0000000000007eb4        0x0 ./zf/filter.o
 .rela.text._read_r
                0x0000000000007eb4        0x0 ./zf/filter.o
 .rela.text._fstat_r
                0x0000000000007eb4        0x0 ./zf/filter.o
 .rela.text._isatty_r
                0x0000000000007eb4        0x0 ./zf/filter.o
 .rela.text._close
                0x0000000000007eb4        0x0 ./zf/filter.o
 .rela.text._fstat
                0x0000000000007eb4        0x0 ./zf/filter.o
 .rela.text._isatty
                0x0000000000007eb4        0x0 ./zf/filter.o
 .rela.text._lseek
                0x0000000000007eb4        0x0 ./zf/filter.o
 .rela.text._read
                0x0000000000007eb4        0x0 ./zf/filter.o
 .rela.text._sbrk
                0x0000000000007eb4        0x0 ./zf/filter.o

.fini           0x0000000000007eb4        0x0
 *(SORT_NONE(.fini))
                0x0000000000007eb4                . = ALIGN (0x4)
                [!provide]                        PROVIDE (_etext = .)
                [!provide]                        PROVIDE (_eitcm = .)

.preinit_array  0x0000000000007eb4        0x0
                [!provide]                        PROVIDE (__preinit_array_start = .)
 *(.preinit_array)
                [!provide]                        PROVIDE (__preinit_array_end = .)

.init_array     0x0000000000007eb4        0x0
                [!provide]                        PROVIDE (__init_array_start = .)
 *(SORT_BY_INIT_PRIORITY(.init_array.*) SORT_BY_INIT_PRIORITY(.ctors.*))
 *(.init_array EXCLUDE_FILE(*crtend?.o *crtend.o *crtbegin?.o *crtbegin.o) .ctors)
                [!provide]                        PROVIDE (__init_array_end = .)

.fini_array     0x0000000000007eb4        0x0
                [!provide]                        PROVIDE (__fini_array_start = .)
 *(SORT_BY_INIT_PRIORITY(.fini_array.*) SORT_BY_INIT_PRIORITY(.dtors.*))
 *(.fini_array EXCLUDE_FILE(*crtend?.o *crtend.o *crtbegin?.o *crtbegin.o) .dtors)
                [!provide]                        PROVIDE (__fini_array_end = .)

.ctors
 *crtbegin.o(.ctors)
 *crtbegin?.o(.ctors)
 *(EXCLUDE_FILE(*crtend?.o *crtend.o) .ctors)
 *(SORT_BY_NAME(.ctors.*))
 *(.ctors)

.dtors
 *crtbegin.o(.dtors)
 *crtbegin?.o(.dtors)
 *(EXCLUDE_FILE(*crtend?.o *crtend.o) .dtors)
 *(SORT_BY_NAME(.dtors.*))
 *(.dtors)

.dalign         0x0000000020000000        0x0 load address 0x0000000000007eb4
                0x0000000020000000                . = ALIGN (0x4)
                0x0000000020000000                PROVIDE (_data_vma = .)

.dlalign        0x0000000000007eb4        0x0
                0x0000000000007eb4                . = ALIGN (0x4)
                0x0000000000007eb4                PROVIDE (_data_lma = .)

.data           0x0000000020000000       0xb0 load address 0x0000000000007eb4
 *(.gnu.linkonce.r.*)
 *(.data .data.*)
 .data.PP       0x0000000020000000       0x10 ./zf/filter.o
                0x0000000020000000                PP
 .data.sRingConfig
                0x0000000020000010        0xc ./Hardware/CONTROL.o
                0x0000000020000010                sRingConfig
 .data.impure_data
                0x000000002000001c       0x60 h:/mounriver_studio/toolchain/risc-v embedded gcc/bin/../lib/gcc/riscv-none-embed/8.2.0/../../../../riscv-none-embed/lib/rv32imacxw/ilp32\libg_nano.a(lib_a-impure.o)
 *(.gnu.linkonce.d.*)
                0x0000000020000080                . = ALIGN (0x8)
 *fill*         0x000000002000007c        0x4 
                0x0000000020000880                PROVIDE (__global_pointer$ = (. + 0x800))
 *(.sdata .sdata.*)
 .sdata.C_0     0x0000000020000080        0x1 ./zf/filter.o
                0x0000000020000080                C_0
 *fill*         0x0000000020000081        0x3 
 .sdata.Q_angle
                0x0000000020000084        0x4 ./zf/filter.o
                0x0000000020000084                Q_angle
 .sdata.Q_gyro  0x0000000020000088        0x4 ./zf/filter.o
                0x0000000020000088                Q_gyro
 .sdata.R_angle
                0x000000002000008c        0x4 ./zf/filter.o
                0x000000002000008c                R_angle
 .sdata.dt      0x0000000020000090        0x4 ./zf/filter.o
                0x0000000020000090                dt
 .sdata.zf_debug_assert_enable
                0x0000000020000094        0x1 ./zf/zf_common_debug.o
 *fill*         0x0000000020000095        0x3 
 .sdata.tft180_display_dir
                0x0000000020000098        0x4 ./zf/zf_device_tft180.o
 .sdata.tft180_pencolor
                0x000000002000009c        0x2 ./zf/zf_device_tft180.o
 .sdata.tft180_x_max
                0x000000002000009e        0x1 ./zf/zf_device_tft180.o
 .sdata.tft180_y_max
                0x000000002000009f        0x1 ./zf/zf_device_tft180.o
 .sdata.Mid     0x00000000200000a0        0x4 ./Hardware/CONTROL.o
                0x00000000200000a0                Mid
 .sdata._impure_ptr
                0x00000000200000a4        0x4 h:/mounriver_studio/toolchain/risc-v embedded gcc/bin/../lib/gcc/riscv-none-embed/8.2.0/../../../../riscv-none-embed/lib/rv32imacxw/ilp32\libg_nano.a(lib_a-impure.o)
                0x00000000200000a4                _impure_ptr
 *(.sdata2.*)
 .sdata2._global_impure_ptr
                0x00000000200000a8        0x4 h:/mounriver_studio/toolchain/risc-v embedded gcc/bin/../lib/gcc/riscv-none-embed/8.2.0/../../../../riscv-none-embed/lib/rv32imacxw/ilp32\libg_nano.a(lib_a-impure.o)
                0x00000000200000a8                _global_impure_ptr
 *(.gnu.linkonce.s.*)
                0x00000000200000b0                . = ALIGN (0x8)
 *fill*         0x00000000200000ac        0x4 
 *(.srodata.cst16)
 *(.srodata.cst8)
 *(.srodata.cst4)
 *(.srodata.cst2)
 *(.srodata .srodata.*)
                0x00000000200000b0                . = ALIGN (0x4)
                0x00000000200000b0                PROVIDE (_edata = .)

.bss            0x00000000200000b0       0xfc load address 0x0000000000007f64
                0x00000000200000b0                . = ALIGN (0x4)
                0x00000000200000b0                PROVIDE (_sbss = .)
 *(.sbss*)
 .sbss.Angle_err
                0x00000000200000b0        0x4 ./zf/filter.o
                0x00000000200000b0                Angle_err
 .sbss.E        0x00000000200000b4        0x4 ./zf/filter.o
                0x00000000200000b4                E
 .sbss.K_0      0x00000000200000b8        0x4 ./zf/filter.o
                0x00000000200000b8                K_0
 .sbss.K_1      0x00000000200000bc        0x4 ./zf/filter.o
                0x00000000200000bc                K_1
 .sbss.PCt_0    0x00000000200000c0        0x4 ./zf/filter.o
                0x00000000200000c0                PCt_0
 .sbss.PCt_1    0x00000000200000c4        0x4 ./zf/filter.o
                0x00000000200000c4                PCt_1
 .sbss.Q_bias   0x00000000200000c8        0x4 ./zf/filter.o
                0x00000000200000c8                Q_bias
 .sbss.angle    0x00000000200000cc        0x4 ./zf/filter.o
                0x00000000200000cc                angle
 .sbss.angle_dot
                0x00000000200000d0        0x4 ./zf/filter.o
                0x00000000200000d0                angle_dot
 .sbss.filter_get_flag
                0x00000000200000d4        0x1 ./zf/filter.o
 *fill*         0x00000000200000d5        0x3 
 .sbss.t_0      0x00000000200000d8        0x4 ./zf/filter.o
                0x00000000200000d8                t_0
 .sbss.t_1      0x00000000200000dc        0x4 ./zf/filter.o
                0x00000000200000dc                t_1
 .sbss.system_clock
                0x00000000200000e0        0x4 ./zf/zf_common_clock.o
                0x00000000200000e0                system_clock
 .sbss.assert_nest_index.5632
                0x00000000200000e4        0x1 ./zf/zf_common_debug.o
 .sbss.zf_debug_init_flag
                0x00000000200000e5        0x1 ./zf/zf_common_debug.o
 *fill*         0x00000000200000e6        0x2 
 .sbss.interrupt_nest_count
                0x00000000200000e8        0x4 ./zf/zf_common_interrupt.o
 .sbss.tft180_bgcolor
                0x00000000200000ec        0x2 ./zf/zf_device_tft180.o
 *fill*         0x00000000200000ee        0x2 
 .sbss.ANgle    0x00000000200000f0        0x4 ./Hardware/CONTROL.o
                0x00000000200000f0                ANgle
 .sbss.ENCO_A   0x00000000200000f4        0x4 ./Hardware/CONTROL.o
                0x00000000200000f4                ENCO_A
 .sbss.ENCO_B   0x00000000200000f8        0x4 ./Hardware/CONTROL.o
                0x00000000200000f8                ENCO_B
 .sbss.PID_Out  0x00000000200000fc        0x4 ./Hardware/CONTROL.o
                0x00000000200000fc                PID_Out
 .sbss.vRing_Out
                0x0000000020000100        0x4 ./Hardware/CONTROL.o
                0x0000000020000100                vRing_Out
 .sbss.v_expect
                0x0000000020000104        0x4 ./Hardware/CONTROL.o
                0x0000000020000104                v_expect
 .sbss.__malloc_free_list
                0x0000000020000108        0x4 h:/mounriver_studio/toolchain/risc-v embedded gcc/bin/../lib/gcc/riscv-none-embed/8.2.0/../../../../riscv-none-embed/lib/rv32imacxw/ilp32\libg_nano.a(lib_a-nano-mallocr.o)
                0x0000000020000108                __malloc_free_list
 .sbss.__malloc_sbrk_start
                0x000000002000010c        0x4 h:/mounriver_studio/toolchain/risc-v embedded gcc/bin/../lib/gcc/riscv-none-embed/8.2.0/../../../../riscv-none-embed/lib/rv32imacxw/ilp32\libg_nano.a(lib_a-nano-mallocr.o)
                0x000000002000010c                __malloc_sbrk_start
 .sbss.heap_end.1518
                0x0000000020000110        0x4 h:/mounriver_studio/toolchain/risc-v embedded gcc/bin/../lib/gcc/riscv-none-embed/8.2.0/../../../../riscv-none-embed/lib/rv32imacxw/ilp32\libnosys.a(sbrk.o)
 *(.gnu.linkonce.sb.*)
 *(.bss*)
 .bss.Pdot      0x0000000020000114       0x10 ./zf/filter.o
                0x0000000020000114                Pdot
 .bss.debug_output_info
                0x0000000020000124       0x14 ./zf/zf_common_debug.o
 .bss.mpu       0x0000000020000138       0x1c ./zf/zf_device_mpu6050.o
                0x0000000020000138                mpu
 .bss.mpu6050_iic_struct
                0x0000000020000154       0x10 ./zf/zf_device_mpu6050.o
 .bss.sRing     0x0000000020000164       0x1c ./Hardware/CONTROL.o
                0x0000000020000164                sRing
 .bss.vRing     0x0000000020000180       0x1c ./Hardware/CONTROL.o
                0x0000000020000180                vRing
 .bss.vRingConfig
                0x000000002000019c        0xc ./Hardware/CONTROL.o
                0x000000002000019c                vRingConfig
 *(.gnu.linkonce.b.*)
 *(COMMON*)
 COMMON         0x00000000200001a8        0x4 h:/mounriver_studio/toolchain/risc-v embedded gcc/bin/../lib/gcc/riscv-none-embed/8.2.0/../../../../riscv-none-embed/lib/rv32imacxw/ilp32\libg_nano.a(lib_a-reent.o)
                0x00000000200001a8                errno
                0x00000000200001ac                . = ALIGN (0x4)
                0x00000000200001ac                PROVIDE (_ebss = .)
                [!provide]                        PROVIDE (_end = _ebss)
                0x00000000200001ac                PROVIDE (end = .)

.stack          0x0000000020007800      0x800
                [!provide]                        PROVIDE (_heap_end = .)
                0x0000000020007800                . = ALIGN (0x4)
                [!provide]                        PROVIDE (_susrstack = .)
                0x0000000020008000                . = (. + __stack_size)
 *fill*         0x0000000020007800      0x800 
                0x0000000020008000                PROVIDE (_eusrstack = .)
OUTPUT(Gyro balance vehicle.elf elf32-littleriscv)

.debug_info     0x0000000000000000    0x1f23a
 .debug_info    0x0000000000000000      0xd0b ./zf/filter.o
 .debug_info    0x0000000000000d0b      0xc0e ./zf/zf_common_clock.o
 .debug_info    0x0000000000001919     0x1275 ./zf/zf_common_debug.o
 .debug_info    0x0000000000002b8e      0xa4a ./zf/zf_common_font.o
 .debug_info    0x00000000000035d8     0x134b ./zf/zf_common_function.o
 .debug_info    0x0000000000004923      0xf9f ./zf/zf_common_interrupt.o
 .debug_info    0x00000000000058c2     0x11e8 ./zf/zf_device_mpu6050.o
 .debug_info    0x0000000000006aaa     0x2cea ./zf/zf_device_tft180.o
 .debug_info    0x0000000000009794      0x9ff ./zf/zf_driver_delay.o
 .debug_info    0x000000000000a193      0xee1 ./zf/zf_driver_gpio.o
 .debug_info    0x000000000000b074     0x1d74 ./zf/zf_driver_soft_iic.o
 .debug_info    0x000000000000cde8     0x172d ./zf/zf_driver_spi.o
 .debug_info    0x000000000000e515     0x15bf ./zf/zf_driver_uart.o
 .debug_info    0x000000000000fad4      0x93e ./User/ch32v30x_it.o
 .debug_info    0x0000000000010412      0xd80 ./User/main.o
 .debug_info    0x0000000000011192      0xb89 ./User/system_ch32v30x.o
 .debug_info    0x0000000000011d1b       0x22 ./Startup/startup_ch32v30x_D8C.o
 .debug_info    0x0000000000011d3d     0x11ea ./Peripheral/src/ch32v30x_gpio.o
 .debug_info    0x0000000000012f27     0x156e ./Peripheral/src/ch32v30x_rcc.o
 .debug_info    0x0000000000014495     0x12cd ./Peripheral/src/ch32v30x_spi.o
 .debug_info    0x0000000000015762     0x2a16 ./Peripheral/src/ch32v30x_tim.o
 .debug_info    0x0000000000018178     0x1420 ./Peripheral/src/ch32v30x_usart.o
 .debug_info    0x0000000000019598     0x15df ./Hardware/CONTROL.o
 .debug_info    0x000000000001ab77     0x1285 ./Hardware/ENCODER.o
 .debug_info    0x000000000001bdfc      0xdb3 ./Hardware/MONLCD.o
 .debug_info    0x000000000001cbaf      0xd60 ./Hardware/MOTOR.o
 .debug_info    0x000000000001d90f     0x13a1 ./Hardware/PWM.o
 .debug_info    0x000000000001ecb0      0x58a ./Hardware/pid.o

.debug_abbrev   0x0000000000000000     0x4fa9
 .debug_abbrev  0x0000000000000000      0x299 ./zf/filter.o
 .debug_abbrev  0x0000000000000299      0x2d4 ./zf/zf_common_clock.o
 .debug_abbrev  0x000000000000056d      0x41c ./zf/zf_common_debug.o
 .debug_abbrev  0x0000000000000989      0x1dd ./zf/zf_common_font.o
 .debug_abbrev  0x0000000000000b66      0x462 ./zf/zf_common_function.o
 .debug_abbrev  0x0000000000000fc8      0x2f8 ./zf/zf_common_interrupt.o
 .debug_abbrev  0x00000000000012c0      0x32c ./zf/zf_device_mpu6050.o
 .debug_abbrev  0x00000000000015ec      0x42b ./zf/zf_device_tft180.o
 .debug_abbrev  0x0000000000001a17      0x1f6 ./zf/zf_driver_delay.o
 .debug_abbrev  0x0000000000001c0d      0x2ee ./zf/zf_driver_gpio.o
 .debug_abbrev  0x0000000000001efb      0x400 ./zf/zf_driver_soft_iic.o
 .debug_abbrev  0x00000000000022fb      0x363 ./zf/zf_driver_spi.o
 .debug_abbrev  0x000000000000265e      0x301 ./zf/zf_driver_uart.o
 .debug_abbrev  0x000000000000295f      0x1bc ./User/ch32v30x_it.o
 .debug_abbrev  0x0000000000002b1b      0x247 ./User/main.o
 .debug_abbrev  0x0000000000002d62      0x2c0 ./User/system_ch32v30x.o
 .debug_abbrev  0x0000000000003022       0x12 ./Startup/startup_ch32v30x_D8C.o
 .debug_abbrev  0x0000000000003034      0x31a ./Peripheral/src/ch32v30x_gpio.o
 .debug_abbrev  0x000000000000334e      0x351 ./Peripheral/src/ch32v30x_rcc.o
 .debug_abbrev  0x000000000000369f      0x312 ./Peripheral/src/ch32v30x_spi.o
 .debug_abbrev  0x00000000000039b1      0x408 ./Peripheral/src/ch32v30x_tim.o
 .debug_abbrev  0x0000000000003db9      0x312 ./Peripheral/src/ch32v30x_usart.o
 .debug_abbrev  0x00000000000040cb      0x366 ./Hardware/CONTROL.o
 .debug_abbrev  0x0000000000004431      0x29e ./Hardware/ENCODER.o
 .debug_abbrev  0x00000000000046cf      0x24e ./Hardware/MONLCD.o
 .debug_abbrev  0x000000000000491d      0x289 ./Hardware/MOTOR.o
 .debug_abbrev  0x0000000000004ba6      0x2ba ./Hardware/PWM.o
 .debug_abbrev  0x0000000000004e60      0x149 ./Hardware/pid.o

.debug_loc      0x0000000000000000     0x84b4
 .debug_loc     0x0000000000000000       0x5c ./zf/filter.o
 .debug_loc     0x000000000000005c       0x4a ./zf/zf_common_clock.o
 .debug_loc     0x00000000000000a6      0x2cc ./zf/zf_common_debug.o
 .debug_loc     0x0000000000000372      0xe77 ./zf/zf_common_function.o
 .debug_loc     0x00000000000011e9       0xd9 ./zf/zf_common_interrupt.o
 .debug_loc     0x00000000000012c2       0xfe ./zf/zf_device_mpu6050.o
 .debug_loc     0x00000000000013c0     0x12f7 ./zf/zf_device_tft180.o
 .debug_loc     0x00000000000026b7      0x390 ./zf/zf_driver_gpio.o
 .debug_loc     0x0000000000002a47      0x98f ./zf/zf_driver_soft_iic.o
 .debug_loc     0x00000000000033d6      0x96a ./zf/zf_driver_spi.o
 .debug_loc     0x0000000000003d40      0x400 ./zf/zf_driver_uart.o
 .debug_loc     0x0000000000004140       0xda ./User/system_ch32v30x.o
 .debug_loc     0x000000000000421a      0x6eb ./Peripheral/src/ch32v30x_gpio.o
 .debug_loc     0x0000000000004905      0xadb ./Peripheral/src/ch32v30x_rcc.o
 .debug_loc     0x00000000000053e0      0x598 ./Peripheral/src/ch32v30x_spi.o
 .debug_loc     0x0000000000005978     0x195e ./Peripheral/src/ch32v30x_tim.o
 .debug_loc     0x00000000000072d6      0x7bb ./Peripheral/src/ch32v30x_usart.o
 .debug_loc     0x0000000000007a91      0x139 ./Hardware/CONTROL.o
 .debug_loc     0x0000000000007bca       0x57 ./Hardware/ENCODER.o
 .debug_loc     0x0000000000007c21       0xad ./Hardware/MONLCD.o
 .debug_loc     0x0000000000007cce       0x84 ./Hardware/MOTOR.o
 .debug_loc     0x0000000000007d52      0x16e ./Hardware/PWM.o
 .debug_loc     0x0000000000007ec0      0x5f4 ./Hardware/pid.o

.debug_aranges  0x0000000000000000      0xde0
 .debug_aranges
                0x0000000000000000       0x30 ./zf/filter.o
 .debug_aranges
                0x0000000000000030       0x20 ./zf/zf_common_clock.o
 .debug_aranges
                0x0000000000000050       0x68 ./zf/zf_common_debug.o
 .debug_aranges
                0x00000000000000b8       0x18 ./zf/zf_common_font.o
 .debug_aranges
                0x00000000000000d0       0x88 ./zf/zf_common_function.o
 .debug_aranges
                0x0000000000000158       0x48 ./zf/zf_common_interrupt.o
 .debug_aranges
                0x00000000000001a0       0x28 ./zf/zf_device_mpu6050.o
 .debug_aranges
                0x00000000000001c8       0xb0 ./zf/zf_device_tft180.o
 .debug_aranges
                0x0000000000000278       0x20 ./zf/zf_driver_delay.o
 .debug_aranges
                0x0000000000000298       0x38 ./zf/zf_driver_gpio.o
 .debug_aranges
                0x00000000000002d0       0xd0 ./zf/zf_driver_soft_iic.o
 .debug_aranges
                0x00000000000003a0       0xb8 ./zf/zf_driver_spi.o
 .debug_aranges
                0x0000000000000458       0x60 ./zf/zf_driver_uart.o
 .debug_aranges
                0x00000000000004b8       0x28 ./User/ch32v30x_it.o
 .debug_aranges
                0x00000000000004e0       0x20 ./User/main.o
 .debug_aranges
                0x0000000000000500       0x28 ./User/system_ch32v30x.o
 .debug_aranges
                0x0000000000000528       0x30 ./Startup/startup_ch32v30x_D8C.o
 .debug_aranges
                0x0000000000000558       0xb0 ./Peripheral/src/ch32v30x_gpio.o
 .debug_aranges
                0x0000000000000608      0x1a8 ./Peripheral/src/ch32v30x_rcc.o
 .debug_aranges
                0x00000000000007b0       0xd0 ./Peripheral/src/ch32v30x_spi.o
 .debug_aranges
                0x0000000000000880      0x2d0 ./Peripheral/src/ch32v30x_tim.o
 .debug_aranges
                0x0000000000000b50      0x100 ./Peripheral/src/ch32v30x_usart.o
 .debug_aranges
                0x0000000000000c50       0x48 ./Hardware/CONTROL.o
 .debug_aranges
                0x0000000000000c98       0x40 ./Hardware/ENCODER.o
 .debug_aranges
                0x0000000000000cd8       0x38 ./Hardware/MONLCD.o
 .debug_aranges
                0x0000000000000d10       0x38 ./Hardware/MOTOR.o
 .debug_aranges
                0x0000000000000d48       0x38 ./Hardware/PWM.o
 .debug_aranges
                0x0000000000000d80       0x60 ./Hardware/pid.o

.debug_ranges   0x0000000000000000      0xe10
 .debug_ranges  0x0000000000000000       0x38 ./zf/filter.o
 .debug_ranges  0x0000000000000038       0x50 ./zf/zf_common_clock.o
 .debug_ranges  0x0000000000000088       0x78 ./zf/zf_common_debug.o
 .debug_ranges  0x0000000000000100      0x158 ./zf/zf_common_function.o
 .debug_ranges  0x0000000000000258       0x38 ./zf/zf_common_interrupt.o
 .debug_ranges  0x0000000000000290       0x30 ./zf/zf_device_mpu6050.o
 .debug_ranges  0x00000000000002c0       0xb8 ./zf/zf_device_tft180.o
 .debug_ranges  0x0000000000000378       0x10 ./zf/zf_driver_delay.o
 .debug_ranges  0x0000000000000388       0x28 ./zf/zf_driver_gpio.o
 .debug_ranges  0x00000000000003b0       0xd8 ./zf/zf_driver_soft_iic.o
 .debug_ranges  0x0000000000000488       0xa8 ./zf/zf_driver_spi.o
 .debug_ranges  0x0000000000000530       0x50 ./zf/zf_driver_uart.o
 .debug_ranges  0x0000000000000580       0x18 ./User/ch32v30x_it.o
 .debug_ranges  0x0000000000000598       0x10 ./User/main.o
 .debug_ranges  0x00000000000005a8       0x38 ./User/system_ch32v30x.o
 .debug_ranges  0x00000000000005e0       0x28 ./Startup/startup_ch32v30x_D8C.o
 .debug_ranges  0x0000000000000608       0xa0 ./Peripheral/src/ch32v30x_gpio.o
 .debug_ranges  0x00000000000006a8      0x198 ./Peripheral/src/ch32v30x_rcc.o
 .debug_ranges  0x0000000000000840       0xc0 ./Peripheral/src/ch32v30x_spi.o
 .debug_ranges  0x0000000000000900      0x2f0 ./Peripheral/src/ch32v30x_tim.o
 .debug_ranges  0x0000000000000bf0       0xf0 ./Peripheral/src/ch32v30x_usart.o
 .debug_ranges  0x0000000000000ce0       0x38 ./Hardware/CONTROL.o
 .debug_ranges  0x0000000000000d18       0x30 ./Hardware/ENCODER.o
 .debug_ranges  0x0000000000000d48       0x28 ./Hardware/MONLCD.o
 .debug_ranges  0x0000000000000d70       0x28 ./Hardware/MOTOR.o
 .debug_ranges  0x0000000000000d98       0x28 ./Hardware/PWM.o
 .debug_ranges  0x0000000000000dc0       0x50 ./Hardware/pid.o

.debug_line     0x0000000000000000    0x146be
 .debug_line    0x0000000000000000      0x6e3 ./zf/filter.o
 .debug_line    0x00000000000006e3      0x702 ./zf/zf_common_clock.o
 .debug_line    0x0000000000000de5      0xc40 ./zf/zf_common_debug.o
 .debug_line    0x0000000000001a25      0x137 ./zf/zf_common_font.o
 .debug_line    0x0000000000001b5c     0x183b ./zf/zf_common_function.o
 .debug_line    0x0000000000003397      0x3fd ./zf/zf_common_interrupt.o
 .debug_line    0x0000000000003794      0x7d8 ./zf/zf_device_mpu6050.o
 .debug_line    0x0000000000003f6c     0x1ab1 ./zf/zf_device_tft180.o
 .debug_line    0x0000000000005a1d      0x2db ./zf/zf_driver_delay.o
 .debug_line    0x0000000000005cf8      0x571 ./zf/zf_driver_gpio.o
 .debug_line    0x0000000000006269     0x10fe ./zf/zf_driver_soft_iic.o
 .debug_line    0x0000000000007367     0x19e5 ./zf/zf_driver_spi.o
 .debug_line    0x0000000000008d4c      0xdfd ./zf/zf_driver_uart.o
 .debug_line    0x0000000000009b49      0x14b ./User/ch32v30x_it.o
 .debug_line    0x0000000000009c94      0x36b ./User/main.o
 .debug_line    0x0000000000009fff      0x70c ./User/system_ch32v30x.o
 .debug_line    0x000000000000a70b      0x356 ./Startup/startup_ch32v30x_D8C.o
 .debug_line    0x000000000000aa61     0x1027 ./Peripheral/src/ch32v30x_gpio.o
 .debug_line    0x000000000000ba88     0x1942 ./Peripheral/src/ch32v30x_rcc.o
 .debug_line    0x000000000000d3ca      0xce9 ./Peripheral/src/ch32v30x_spi.o
 .debug_line    0x000000000000e0b3     0x32af ./Peripheral/src/ch32v30x_tim.o
 .debug_line    0x0000000000011362      0xfe0 ./Peripheral/src/ch32v30x_usart.o
 .debug_line    0x0000000000012342      0x66d ./Hardware/CONTROL.o
 .debug_line    0x00000000000129af      0x60e ./Hardware/ENCODER.o
 .debug_line    0x0000000000012fbd      0x3ab ./Hardware/MONLCD.o
 .debug_line    0x0000000000013368      0x30f ./Hardware/MOTOR.o
 .debug_line    0x0000000000013677      0x6b6 ./Hardware/PWM.o
 .debug_line    0x0000000000013d2d      0x991 ./Hardware/pid.o

.debug_str      0x0000000000000000     0x42f7
 .debug_str     0x0000000000000000      0x649 ./zf/filter.o
                                        0x6c9 (size before relaxing)
 .debug_str     0x0000000000000649      0x183 ./zf/zf_common_clock.o
                                        0x72c (size before relaxing)
 .debug_str     0x00000000000007cc      0x4af ./zf/zf_common_debug.o
                                        0xaba (size before relaxing)
 .debug_str     0x0000000000000c7b       0x17 ./zf/zf_common_font.o
                                        0x5bc (size before relaxing)
 .debug_str     0x0000000000000c92      0x1a5 ./zf/zf_common_function.o
                                        0x74b (size before relaxing)
 .debug_str     0x0000000000000e37      0x661 ./zf/zf_common_interrupt.o
                                        0xc71 (size before relaxing)
 .debug_str     0x0000000000001498      0x195 ./zf/zf_device_mpu6050.o
                                        0x800 (size before relaxing)
 .debug_str     0x000000000000162d      0x4da ./zf/zf_device_tft180.o
                                        0xc4d (size before relaxing)
 .debug_str     0x0000000000001b07       0x35 ./zf/zf_driver_delay.o
                                        0x5d5 (size before relaxing)
 .debug_str     0x0000000000001b3c      0x209 ./zf/zf_driver_gpio.o
                                        0x82b (size before relaxing)
 .debug_str     0x0000000000001d45      0x251 ./zf/zf_driver_soft_iic.o
                                        0x95c (size before relaxing)
 .debug_str     0x0000000000001f96      0x309 ./zf/zf_driver_spi.o
                                        0xb83 (size before relaxing)
 .debug_str     0x000000000000229f      0x19a ./zf/zf_driver_uart.o
                                       0x103e (size before relaxing)
 .debug_str     0x0000000000002439       0x34 ./User/ch32v30x_it.o
                                        0x581 (size before relaxing)
 .debug_str     0x000000000000246d       0x67 ./User/main.o
                                        0x73f (size before relaxing)
 .debug_str     0x00000000000024d4       0x8d ./User/system_ch32v30x.o
                                        0x6bb (size before relaxing)
 .debug_str     0x0000000000002561       0x2e ./Startup/startup_ch32v30x_D8C.o
                                         0x59 (size before relaxing)
 .debug_str     0x000000000000258f      0x245 ./Peripheral/src/ch32v30x_gpio.o
                                        0x99f (size before relaxing)
 .debug_str     0x00000000000027d4      0x5b4 ./Peripheral/src/ch32v30x_rcc.o
                                        0xcb9 (size before relaxing)
 .debug_str     0x0000000000002d88      0x28c ./Peripheral/src/ch32v30x_spi.o
                                        0xa7e (size before relaxing)
 .debug_str     0x0000000000003014      0xb91 ./Peripheral/src/ch32v30x_tim.o
                                       0x126a (size before relaxing)
 .debug_str     0x0000000000003ba5      0x33b ./Peripheral/src/ch32v30x_usart.o
                                        0xb06 (size before relaxing)
 .debug_str     0x0000000000003ee0      0x22d ./Hardware/CONTROL.o
                                       0x1040 (size before relaxing)
 .debug_str     0x000000000000410d       0x57 ./Hardware/ENCODER.o
                                        0xa6b (size before relaxing)
 .debug_str     0x0000000000004164       0x33 ./Hardware/MONLCD.o
                                        0x70d (size before relaxing)
 .debug_str     0x0000000000004197       0x59 ./Hardware/MOTOR.o
                                        0x7ac (size before relaxing)
 .debug_str     0x00000000000041f0       0x36 ./Hardware/PWM.o
                                        0xb53 (size before relaxing)
 .debug_str     0x0000000000004226       0xd1 ./Hardware/pid.o
                                        0x2c7 (size before relaxing)

.comment        0x0000000000000000       0x33
 .comment       0x0000000000000000       0x33 ./zf/filter.o
                                         0x34 (size before relaxing)
 .comment       0x0000000000000033       0x34 ./zf/zf_common_clock.o
 .comment       0x0000000000000033       0x34 ./zf/zf_common_debug.o
 .comment       0x0000000000000033       0x34 ./zf/zf_common_font.o
 .comment       0x0000000000000033       0x34 ./zf/zf_common_function.o
 .comment       0x0000000000000033       0x34 ./zf/zf_common_interrupt.o
 .comment       0x0000000000000033       0x34 ./zf/zf_device_mpu6050.o
 .comment       0x0000000000000033       0x34 ./zf/zf_device_tft180.o
 .comment       0x0000000000000033       0x34 ./zf/zf_driver_delay.o
 .comment       0x0000000000000033       0x34 ./zf/zf_driver_gpio.o
 .comment       0x0000000000000033       0x34 ./zf/zf_driver_soft_iic.o
 .comment       0x0000000000000033       0x34 ./zf/zf_driver_spi.o
 .comment       0x0000000000000033       0x34 ./zf/zf_driver_uart.o
 .comment       0x0000000000000033       0x34 ./User/ch32v30x_it.o
 .comment       0x0000000000000033       0x34 ./User/main.o
 .comment       0x0000000000000033       0x34 ./User/system_ch32v30x.o
 .comment       0x0000000000000033       0x34 ./Peripheral/src/ch32v30x_gpio.o
 .comment       0x0000000000000033       0x34 ./Peripheral/src/ch32v30x_rcc.o
 .comment       0x0000000000000033       0x34 ./Peripheral/src/ch32v30x_spi.o
 .comment       0x0000000000000033       0x34 ./Peripheral/src/ch32v30x_tim.o
 .comment       0x0000000000000033       0x34 ./Peripheral/src/ch32v30x_usart.o
 .comment       0x0000000000000033       0x34 ./Hardware/CONTROL.o
 .comment       0x0000000000000033       0x34 ./Hardware/ENCODER.o
 .comment       0x0000000000000033       0x34 ./Hardware/MONLCD.o
 .comment       0x0000000000000033       0x34 ./Hardware/MOTOR.o
 .comment       0x0000000000000033       0x34 ./Hardware/PWM.o
 .comment       0x0000000000000033       0x34 ./Hardware/pid.o

.debug_frame    0x0000000000000000     0x324c
 .debug_frame   0x0000000000000000       0x78 ./zf/filter.o
 .debug_frame   0x0000000000000078       0x34 ./zf/zf_common_clock.o
 .debug_frame   0x00000000000000ac      0x130 ./zf/zf_common_debug.o
 .debug_frame   0x00000000000001dc      0x204 ./zf/zf_common_function.o
 .debug_frame   0x00000000000003e0       0x7c ./zf/zf_common_interrupt.o
 .debug_frame   0x000000000000045c       0x78 ./zf/zf_device_mpu6050.o
 .debug_frame   0x00000000000004d4      0x3b8 ./zf/zf_device_tft180.o
 .debug_frame   0x000000000000088c       0x20 ./zf/zf_driver_delay.o
 .debug_frame   0x00000000000008ac       0x74 ./zf/zf_driver_gpio.o
 .debug_frame   0x0000000000000920      0x388 ./zf/zf_driver_soft_iic.o
 .debug_frame   0x0000000000000ca8      0x194 ./zf/zf_driver_spi.o
 .debug_frame   0x0000000000000e3c      0x120 ./zf/zf_driver_uart.o
 .debug_frame   0x0000000000000f5c       0x30 ./User/ch32v30x_it.o
 .debug_frame   0x0000000000000f8c       0x28 ./User/main.o
 .debug_frame   0x0000000000000fb4       0x3c ./User/system_ch32v30x.o
 .debug_frame   0x0000000000000ff0      0x174 ./Peripheral/src/ch32v30x_gpio.o
 .debug_frame   0x0000000000001164      0x344 ./Peripheral/src/ch32v30x_rcc.o
 .debug_frame   0x00000000000014a8      0x1a8 ./Peripheral/src/ch32v30x_spi.o
 .debug_frame   0x0000000000001650      0x614 ./Peripheral/src/ch32v30x_tim.o
 .debug_frame   0x0000000000001c64      0x204 ./Peripheral/src/ch32v30x_usart.o
 .debug_frame   0x0000000000001e68       0xd8 ./Hardware/CONTROL.o
 .debug_frame   0x0000000000001f40       0xb4 ./Hardware/ENCODER.o
 .debug_frame   0x0000000000001ff4       0x94 ./Hardware/MONLCD.o
 .debug_frame   0x0000000000002088       0x88 ./Hardware/MOTOR.o
 .debug_frame   0x0000000000002110       0xa0 ./Hardware/PWM.o
 .debug_frame   0x00000000000021b0      0x164 ./Hardware/pid.o
 .debug_frame   0x0000000000002314       0x20 h:/mounriver_studio/toolchain/risc-v embedded gcc/bin/../lib/gcc/riscv-none-embed/8.2.0/../../../../riscv-none-embed/lib/rv32imacxw/ilp32\libm.a(lib_a-w_atan2.o)
 .debug_frame   0x0000000000002334       0x48 h:/mounriver_studio/toolchain/risc-v embedded gcc/bin/../lib/gcc/riscv-none-embed/8.2.0/../../../../riscv-none-embed/lib/rv32imacxw/ilp32\libm.a(lib_a-e_atan2.o)
 .debug_frame   0x000000000000237c       0x50 h:/mounriver_studio/toolchain/risc-v embedded gcc/bin/../lib/gcc/riscv-none-embed/8.2.0/../../../../riscv-none-embed/lib/rv32imacxw/ilp32\libm.a(lib_a-s_atan.o)
 .debug_frame   0x00000000000023cc       0x20 h:/mounriver_studio/toolchain/risc-v embedded gcc/bin/../lib/gcc/riscv-none-embed/8.2.0/../../../../riscv-none-embed/lib/rv32imacxw/ilp32\libm.a(lib_a-s_fabs.o)
 .debug_frame   0x00000000000023ec       0x44 h:/mounriver_studio/toolchain/risc-v embedded gcc/bin/../lib/gcc/riscv-none-embed/8.2.0/rv32imacxw/ilp32\libgcc.a(adddf3.o)
 .debug_frame   0x0000000000002430       0x50 h:/mounriver_studio/toolchain/risc-v embedded gcc/bin/../lib/gcc/riscv-none-embed/8.2.0/rv32imacxw/ilp32\libgcc.a(divdf3.o)
 .debug_frame   0x0000000000002480       0x20 h:/mounriver_studio/toolchain/risc-v embedded gcc/bin/../lib/gcc/riscv-none-embed/8.2.0/rv32imacxw/ilp32\libgcc.a(gedf2.o)
 .debug_frame   0x00000000000024a0       0x54 h:/mounriver_studio/toolchain/risc-v embedded gcc/bin/../lib/gcc/riscv-none-embed/8.2.0/rv32imacxw/ilp32\libgcc.a(muldf3.o)
 .debug_frame   0x00000000000024f4       0x44 h:/mounriver_studio/toolchain/risc-v embedded gcc/bin/../lib/gcc/riscv-none-embed/8.2.0/rv32imacxw/ilp32\libgcc.a(subdf3.o)
 .debug_frame   0x0000000000002538       0x40 h:/mounriver_studio/toolchain/risc-v embedded gcc/bin/../lib/gcc/riscv-none-embed/8.2.0/rv32imacxw/ilp32\libgcc.a(addsf3.o)
 .debug_frame   0x0000000000002578       0x50 h:/mounriver_studio/toolchain/risc-v embedded gcc/bin/../lib/gcc/riscv-none-embed/8.2.0/rv32imacxw/ilp32\libgcc.a(divsf3.o)
 .debug_frame   0x00000000000025c8       0x20 h:/mounriver_studio/toolchain/risc-v embedded gcc/bin/../lib/gcc/riscv-none-embed/8.2.0/rv32imacxw/ilp32\libgcc.a(eqsf2.o)
 .debug_frame   0x00000000000025e8       0x20 h:/mounriver_studio/toolchain/risc-v embedded gcc/bin/../lib/gcc/riscv-none-embed/8.2.0/rv32imacxw/ilp32\libgcc.a(gesf2.o)
 .debug_frame   0x0000000000002608       0x20 h:/mounriver_studio/toolchain/risc-v embedded gcc/bin/../lib/gcc/riscv-none-embed/8.2.0/rv32imacxw/ilp32\libgcc.a(lesf2.o)
 .debug_frame   0x0000000000002628       0x50 h:/mounriver_studio/toolchain/risc-v embedded gcc/bin/../lib/gcc/riscv-none-embed/8.2.0/rv32imacxw/ilp32\libgcc.a(mulsf3.o)
 .debug_frame   0x0000000000002678       0x3c h:/mounriver_studio/toolchain/risc-v embedded gcc/bin/../lib/gcc/riscv-none-embed/8.2.0/rv32imacxw/ilp32\libgcc.a(subsf3.o)
 .debug_frame   0x00000000000026b4       0x20 h:/mounriver_studio/toolchain/risc-v embedded gcc/bin/../lib/gcc/riscv-none-embed/8.2.0/rv32imacxw/ilp32\libgcc.a(fixsfsi.o)
 .debug_frame   0x00000000000026d4       0x38 h:/mounriver_studio/toolchain/risc-v embedded gcc/bin/../lib/gcc/riscv-none-embed/8.2.0/rv32imacxw/ilp32\libgcc.a(floatsisf.o)
 .debug_frame   0x000000000000270c       0x38 h:/mounriver_studio/toolchain/risc-v embedded gcc/bin/../lib/gcc/riscv-none-embed/8.2.0/rv32imacxw/ilp32\libgcc.a(extendsfdf2.o)
 .debug_frame   0x0000000000002744       0x20 h:/mounriver_studio/toolchain/risc-v embedded gcc/bin/../lib/gcc/riscv-none-embed/8.2.0/rv32imacxw/ilp32\libgcc.a(truncdfsf2.o)
 .debug_frame   0x0000000000002764       0x20 h:/mounriver_studio/toolchain/risc-v embedded gcc/bin/../lib/gcc/riscv-none-embed/8.2.0/rv32imacxw/ilp32\libgcc.a(_clzsi2.o)
 .debug_frame   0x0000000000002784       0x20 h:/mounriver_studio/toolchain/risc-v embedded gcc/bin/../lib/gcc/riscv-none-embed/8.2.0/../../../../riscv-none-embed/lib/rv32imacxw/ilp32\libg_nano.a(lib_a-memcpy.o)
 .debug_frame   0x00000000000027a4       0x54 h:/mounriver_studio/toolchain/risc-v embedded gcc/bin/../lib/gcc/riscv-none-embed/8.2.0/../../../../riscv-none-embed/lib/rv32imacxw/ilp32\libg_nano.a(lib_a-printf.o)
 .debug_frame   0x00000000000027f8       0x48 h:/mounriver_studio/toolchain/risc-v embedded gcc/bin/../lib/gcc/riscv-none-embed/8.2.0/../../../../riscv-none-embed/lib/rv32imacxw/ilp32\libg_nano.a(lib_a-sprintf.o)
 .debug_frame   0x0000000000002840       0x20 h:/mounriver_studio/toolchain/risc-v embedded gcc/bin/../lib/gcc/riscv-none-embed/8.2.0/../../../../riscv-none-embed/lib/rv32imacxw/ilp32\libg_nano.a(lib_a-strlen.o)
 .debug_frame   0x0000000000002860      0x148 h:/mounriver_studio/toolchain/risc-v embedded gcc/bin/../lib/gcc/riscv-none-embed/8.2.0/../../../../riscv-none-embed/lib/rv32imacxw/ilp32\libg_nano.a(lib_a-findfp.o)
 .debug_frame   0x00000000000029a8       0x88 h:/mounriver_studio/toolchain/risc-v embedded gcc/bin/../lib/gcc/riscv-none-embed/8.2.0/../../../../riscv-none-embed/lib/rv32imacxw/ilp32\libg_nano.a(lib_a-fwalk.o)
 .debug_frame   0x0000000000002a30       0x40 h:/mounriver_studio/toolchain/risc-v embedded gcc/bin/../lib/gcc/riscv-none-embed/8.2.0/../../../../riscv-none-embed/lib/rv32imacxw/ilp32\libg_nano.a(lib_a-nano-mallocr.o)
 .debug_frame   0x0000000000002a70       0xe0 h:/mounriver_studio/toolchain/risc-v embedded gcc/bin/../lib/gcc/riscv-none-embed/8.2.0/../../../../riscv-none-embed/lib/rv32imacxw/ilp32\libg_nano.a(lib_a-nano-svfprintf.o)
 .debug_frame   0x0000000000002b50       0xd0 h:/mounriver_studio/toolchain/risc-v embedded gcc/bin/../lib/gcc/riscv-none-embed/8.2.0/../../../../riscv-none-embed/lib/rv32imacxw/ilp32\libg_nano.a(lib_a-nano-vfprintf.o)
 .debug_frame   0x0000000000002c20       0x8c h:/mounriver_studio/toolchain/risc-v embedded gcc/bin/../lib/gcc/riscv-none-embed/8.2.0/../../../../riscv-none-embed/lib/rv32imacxw/ilp32\libg_nano.a(lib_a-nano-vfprintf_i.o)
 .debug_frame   0x0000000000002cac       0x30 h:/mounriver_studio/toolchain/risc-v embedded gcc/bin/../lib/gcc/riscv-none-embed/8.2.0/../../../../riscv-none-embed/lib/rv32imacxw/ilp32\libg_nano.a(lib_a-sbrkr.o)
 .debug_frame   0x0000000000002cdc       0xa4 h:/mounriver_studio/toolchain/risc-v embedded gcc/bin/../lib/gcc/riscv-none-embed/8.2.0/../../../../riscv-none-embed/lib/rv32imacxw/ilp32\libg_nano.a(lib_a-stdio.o)
 .debug_frame   0x0000000000002d80       0x50 h:/mounriver_studio/toolchain/risc-v embedded gcc/bin/../lib/gcc/riscv-none-embed/8.2.0/../../../../riscv-none-embed/lib/rv32imacxw/ilp32\libg_nano.a(lib_a-wbuf.o)
 .debug_frame   0x0000000000002dd0       0x30 h:/mounriver_studio/toolchain/risc-v embedded gcc/bin/../lib/gcc/riscv-none-embed/8.2.0/../../../../riscv-none-embed/lib/rv32imacxw/ilp32\libg_nano.a(lib_a-writer.o)
 .debug_frame   0x0000000000002e00       0x3c h:/mounriver_studio/toolchain/risc-v embedded gcc/bin/../lib/gcc/riscv-none-embed/8.2.0/../../../../riscv-none-embed/lib/rv32imacxw/ilp32\libg_nano.a(lib_a-wsetup.o)
 .debug_frame   0x0000000000002e3c       0x30 h:/mounriver_studio/toolchain/risc-v embedded gcc/bin/../lib/gcc/riscv-none-embed/8.2.0/../../../../riscv-none-embed/lib/rv32imacxw/ilp32\libg_nano.a(lib_a-closer.o)
 .debug_frame   0x0000000000002e6c       0x7c h:/mounriver_studio/toolchain/risc-v embedded gcc/bin/../lib/gcc/riscv-none-embed/8.2.0/../../../../riscv-none-embed/lib/rv32imacxw/ilp32\libg_nano.a(lib_a-fflush.o)
 .debug_frame   0x0000000000002ee8       0x30 h:/mounriver_studio/toolchain/risc-v embedded gcc/bin/../lib/gcc/riscv-none-embed/8.2.0/../../../../riscv-none-embed/lib/rv32imacxw/ilp32\libg_nano.a(lib_a-lseekr.o)
 .debug_frame   0x0000000000002f18       0x64 h:/mounriver_studio/toolchain/risc-v embedded gcc/bin/../lib/gcc/riscv-none-embed/8.2.0/../../../../riscv-none-embed/lib/rv32imacxw/ilp32\libg_nano.a(lib_a-makebuf.o)
 .debug_frame   0x0000000000002f7c       0x20 h:/mounriver_studio/toolchain/risc-v embedded gcc/bin/../lib/gcc/riscv-none-embed/8.2.0/../../../../riscv-none-embed/lib/rv32imacxw/ilp32\libg_nano.a(lib_a-memchr.o)